<html>
<body>
<pre>
<h1>µVision Build Log</h1>
<h2>Project:</h2>
D:\my document\GitHub\ET-40\mbed_project\mbed_project.uvproj
Project File Date:  05/13/2015

<h2>Output:</h2>
*** Note: Rebuilding project, since 'Options->Output->Create Batch File' is selected.
Rebuild target 'mbed NXP LPC1114'
compiling main.cpp...
linking...
Program Size: Code=14632 RO-data=2504 RW-data=124 ZI-data=588  
FromELF: creating hex file...
After Build - User command #1: fromelf --bin -o mbed_project_LPC1114.bin build\mbed_project.axf
".\build\mbed_project.axf" - 0 Error(s), 0 Warning(s).
"auto_write.bat" 
"auto_write.bat" 
</pre>
</body>
</html>
