ARM Linker, 5.03 [Build 76] [MDK-ARM Lite]

==============================================================================

Section Cross References

    main.o(.text) refers to main.o(i._ZN4mbed10DigitalOutaSEi) for mbed::DigitalOut::operator =(int)
    main.o(.text) refers to Stream.o(i._ZN4mbed6Stream4getcEv) for mbed::Stream::getc()
    main.o(.text) refers to main.o(i.__ARM_common_switch8) for __ARM_common_switch8
    main.o(.text) refers to SerialBase.o(i._ZN4mbed10SerialBase4baudEi) for mbed::SerialBase::baud(int)
    main.o(.text) refers to SerialBase.o(i._ZN4mbed10SerialBase6attachEPFvvENS0_7IrqTypeE) for mbed::SerialBase::attach(void(*)(), mbed::SerialBase::IrqType)
    main.o(.text) refers to Stream.o(i._ZN4mbed6Stream6printfEPKcz) for mbed::Stream::printf(const char*, ...)
    main.o(.text) refers to FunctionPointer.o(i._ZN4mbed15FunctionPointer6attachEPFvvE) for mbed::FunctionPointer::attach(void(*)())
    main.o(.text) refers to Ticker.o(i._ZN4mbed6Ticker5setupEj) for mbed::Ticker::setup(unsigned)
    main.o(.text) refers to BusIn.o(i._ZN4mbed5BusIn4modeE7PinMode) for mbed::BusIn::mode(PinMode)
    main.o(.text) refers to BusOut.o(i._ZN4mbed6BusOutaSEi) for mbed::BusOut::operator =(int)
    main.o(.text) refers to analogin_api.o(i.analogin_read) for analogin_read
    main.o(.text) refers to f2d.o(.text) for __aeabi_f2d
    main.o(.text) refers to assert.o(i.mbed_assert_internal) for mbed_assert_internal
    main.o(.text) refers to BusIn.o(i._ZN4mbed5BusIncviEv) for mbed::BusIn::operator int()
    main.o(.text) refers to main.o(i._ZN4mbed6PwmOutaSEf) for mbed::PwmOut::operator =(float)
    main.o(.text) refers to wait_api.o(i.wait) for wait
    main.o(.text) refers to Serial.o(i._ZN4mbed6SerialC1E7PinNameS1_PKc) for mbed::Serial::Serial(PinName, PinName, const char*)
    main.o(.text) refers to aeabi_atexit.o(i.__aeabi_atexit) for __aeabi_atexit
    main.o(.text) refers to BusOut.o(i._ZN4mbed6BusOutC1E7PinNameS1_S1_S1_S1_S1_S1_S1_S1_S1_S1_S1_S1_S1_S1_S1_) for mbed::BusOut::BusOut(PinName, PinName, PinName, PinName, PinName, PinName, PinName, PinName, PinName, PinName, PinName, PinName, PinName, PinName, PinName, PinName)
    main.o(.text) refers to main.o(.data) for cnt
    main.o(.text) refers to main.o(.bss) for mot_a1
    main.o(.text) refers to main.o(.constdata) for .constdata
    main.o(.text) refers to Serial.o(i._ZN4mbed6SerialD1Ev) for mbed::Serial::~Serial()
    main.o(.text) refers to BusOut.o(i._ZN4mbed6BusOutD1Ev) for mbed::BusOut::~BusOut()
    main.o(.text) refers to BusIn.o(i._ZN4mbed5BusInC1E7PinNameS1_S1_S1_S1_S1_S1_S1_S1_S1_S1_S1_S1_S1_S1_S1_) for mbed::BusIn::BusIn(PinName, PinName, PinName, PinName, PinName, PinName, PinName, PinName, PinName, PinName, PinName, PinName, PinName, PinName, PinName, PinName)
    main.o(.text) refers to main.o(i._ZN4mbed9DigitalInC1E7PinName) for mbed::DigitalIn::DigitalIn(PinName)
    main.o(.text) refers to main.o(i._ZN4mbed8AnalogInC1E7PinName) for mbed::AnalogIn::AnalogIn(PinName)
    main.o(.text) refers to main.o(i._ZN4mbed10DigitalOutC1E7PinName) for mbed::DigitalOut::DigitalOut(PinName)
    main.o(.text) refers to main.o(i._ZN4mbed6PwmOutC1E7PinName) for mbed::PwmOut::PwmOut(PinName)
    main.o(.text) refers to TimerEvent.o(i._ZN4mbed10TimerEventC2Ev) for mbed::TimerEvent::TimerEvent__sub_object()
    main.o(.text) refers to FunctionPointer.o(i._ZN4mbed15FunctionPointerC1EPFvvE) for mbed::FunctionPointer::FunctionPointer(void(*)())
    main.o(.text) refers to BusIn.o(i._ZN4mbed5BusInD1Ev) for mbed::BusIn::~BusIn()
    main.o(.text) refers to Ticker.o(.constdata__ZTVN4mbed6TickerE) for vtable for mbed::Ticker
    main.o(.text) refers to Ticker.o(i._ZN4mbed6TickerD1Ev) for mbed::Ticker::~Ticker()
    main.o(.ARM.exidx) refers to main.o(.text) for .text
    main.o(.init_array) refers to main.o(.text) for __sti___8_main_cpp
    main.o(.init_array) refers to cpp_init.o(.text) for __cpp_initialize__aeabi_
    startup_LPC11xx.o(RESET) refers to startup_LPC11xx.o(.text) for Reset_Handler
    startup_LPC11xx.o(.text) refers to system_LPC11xx.o(i.SystemInit) for SystemInit
    startup_LPC11xx.o(.text) refers to entry.o(.ARM.Collect$$$$00000000) for __main
    retarget.o(.rev16_text) refers (Special) to entry6b.o(.ARM.Collect$$$$00000006) for __use_full_stdio
    retarget.o(.revsh_text) refers (Special) to entry6b.o(.ARM.Collect$$$$00000006) for __use_full_stdio
    retarget.o(i.$Sub$$main) refers (Special) to entry6b.o(.ARM.Collect$$$$00000006) for __use_full_stdio
    retarget.o(i.$Sub$$main) refers to retarget.o(i.mbed_sdk_init) for mbed_sdk_init
    retarget.o(i.$Sub$$main) refers to retarget.o(i.mbed_main) for mbed_main
    retarget.o(i.$Sub$$main) refers to main.o(.text) for $Super$$main
    retarget.o(i._ZN4mbed10FileHandleD0Ev) refers (Special) to entry6b.o(.ARM.Collect$$$$00000006) for __use_full_stdio
    retarget.o(i._ZN4mbed10FileHandleD0Ev) refers to delete.o(i._ZdlPv) for operator delete (void*)
[...]
    i._ZN4mbed10SerialBase10_base_putcEi     0x00001906   Section        0  SerialBase.o(i._ZN4mbed10SerialBase10_base_putcEi)
    i._ZN4mbed10SerialBase12_irq_handlerEj9SerialIrq 0x00001914   Section        0  SerialBase.o(i._ZN4mbed10SerialBase12_irq_handlerEj9SerialIrq)
    i._ZN4mbed10SerialBase4baudEi            0x00001924   Section        0  SerialBase.o(i._ZN4mbed10SerialBase4baudEi)
    i._ZN4mbed10SerialBase6attachEPFvvENS0_7IrqTypeE 0x00001934   Section        0  SerialBase.o(i._ZN4mbed10SerialBase6attachEPFvvENS0_7IrqTypeE)
    i._ZN4mbed10SerialBaseC1E7PinNameS1_     0x00001964   Section        0  SerialBase.o(i._ZN4mbed10SerialBaseC1E7PinNameS1_)
    i._ZN4mbed10TimerEvent3irqEj             0x000019b0   Section        0  TimerEvent.o(i._ZN4mbed10TimerEvent3irqEj)
    i._ZN4mbed10TimerEvent6insertEj          0x000019b6   Section        0  TimerEvent.o(i._ZN4mbed10TimerEvent6insertEj)
    i._ZN4mbed10TimerEvent6removeEv          0x000019c2   Section        0  TimerEvent.o(i._ZN4mbed10TimerEvent6removeEv)
    i._ZN4mbed10TimerEventC2Ev               0x000019cc   Section        0  TimerEvent.o(i._ZN4mbed10TimerEventC2Ev)
    i._ZN4mbed10TimerEventD2Ev               0x000019f0   Section        0  TimerEvent.o(i._ZN4mbed10TimerEventD2Ev)
    i._ZN4mbed15FunctionPointer4callEv       0x00001a08   Section        0  FunctionPointer.o(i._ZN4mbed15FunctionPointer4callEv)
    i._ZN4mbed15FunctionPointer6attachEPFvvE 0x00001a22   Section        0  FunctionPointer.o(i._ZN4mbed15FunctionPointer6attachEPFvvE)
    i._ZN4mbed15FunctionPointerC1EPFvvE      0x00001a2a   Section        0  FunctionPointer.o(i._ZN4mbed15FunctionPointerC1EPFvvE)
    i._ZN4mbed26mbed_set_unbuffered_streamEPSt6__FILE 0x00001a34   Section        0  retarget.o(i._ZN4mbed26mbed_set_unbuffered_streamEPSt6__FILE)
    i._ZN4mbed5BusIn4modeE7PinMode           0x00001a3e   Section        0  BusIn.o(i._ZN4mbed5BusIn4modeE7PinMode)
    i._ZN4mbed5BusInC1E7PinNameS1_S1_S1_S1_S1_S1_S1_S1_S1_S1_S1_S1_S1_S1_S1_ 0x00001a60   Section        0  BusIn.o(i._ZN4mbed5BusInC1E7PinNameS1_S1_S1_S1_S1_S1_S1_S1_S1_S1_S1_S1_S1_S1_S1_)
    i._ZN4mbed5BusInD1Ev                     0x00001b00   Section        0  BusIn.o(i._ZN4mbed5BusInD1Ev)
    i._ZN4mbed5BusIncviEv                    0x00001b28   Section        0  BusIn.o(i._ZN4mbed5BusIncviEv)
    i._ZN4mbed6BusOut5writeEi                0x00001b6c   Section        0  BusOut.o(i._ZN4mbed6BusOut5writeEi)
    i._ZN4mbed6BusOutC1E7PinNameS1_S1_S1_S1_S1_S1_S1_S1_S1_S1_S1_S1_S1_S1_S1_ 0x00001bd0   Section        0  BusOut.o(i._ZN4mbed6BusOutC1E7PinNameS1_S1_S1_S1_S1_S1_S1_S1_S1_S1_S1_S1_S1_S1_S1_)
    i._ZN4mbed6BusOutD1Ev                    0x00001c70   Section        0  BusOut.o(i._ZN4mbed6BusOutD1Ev)
    i._ZN4mbed6BusOutaSEi                    0x00001c98   Section        0  BusOut.o(i._ZN4mbed6BusOutaSEi)
    i._ZN4mbed6PwmOutC1E7PinName             0x00001ca4   Section        0  main.o(i._ZN4mbed6PwmOutC1E7PinName)
    i._ZN4mbed6PwmOutaSEf                    0x00001cb6   Section        0  main.o(i._ZN4mbed6PwmOutaSEf)
    i._ZN4mbed6SerialC1E7PinNameS1_PKc       0x00001ccc   Section        0  Serial.o(i._ZN4mbed6SerialC1E7PinNameS1_PKc)
    i._ZN4mbed6SerialD1Ev                    0x00001cf8   Section        0  Serial.o(i._ZN4mbed6SerialD1Ev)
    i._ZN4mbed6Stream4getcEv                 0x00001d04   Section        0  Stream.o(i._ZN4mbed6Stream4getcEv)
    i._ZN4mbed6Stream4readEPvj               0x00001d16   Section        0  Stream.o(i._ZN4mbed6Stream4readEPvj)
    i._ZN4mbed6Stream5closeEv                0x00001d3c   Section        0  Stream.o(i._ZN4mbed6Stream5closeEv)
    i._ZN4mbed6Stream5fsyncEv                0x00001d40   Section        0  Stream.o(i._ZN4mbed6Stream5fsyncEv)
    i._ZN4mbed6Stream5lseekEli               0x00001d44   Section        0  Stream.o(i._ZN4mbed6Stream5lseekEli)
    i._ZN4mbed6Stream5writeEPKvj             0x00001d48   Section        0  Stream.o(i._ZN4mbed6Stream5writeEPKvj)
    i._ZN4mbed6Stream6printfEPKcz            0x00001d6e   Section        0  Stream.o(i._ZN4mbed6Stream6printfEPKcz)
    i._ZN4mbed6StreamC2EPKc                  0x00001d90   Section        0  Stream.o(i._ZN4mbed6StreamC2EPKc)
    i._ZN4mbed6StreamD2Ev                    0x00001dd4   Section        0  Stream.o(i._ZN4mbed6StreamD2Ev)
    i._ZN4mbed6Ticker5setupEj                0x00001df8   Section        0  Ticker.o(i._ZN4mbed6Ticker5setupEj)
    i._ZN4mbed6Ticker7handlerEv              0x00001e14   Section        0  Ticker.o(i._ZN4mbed6Ticker7handlerEv)
    i._ZN4mbed6TickerD1Ev                    0x00001e30   Section        0  Ticker.o(i._ZN4mbed6TickerD1Ev)
    i._ZN4mbed8AnalogInC1E7PinName           0x00001e54   Section        0  main.o(i._ZN4mbed8AnalogInC1E7PinName)
    i._ZN4mbed8FileBase11getPathTypeEv       0x00001e66   Section        0  FileBase.o(i._ZN4mbed8FileBase11getPathTypeEv)
    i._ZN4mbed8FileBase6lookupEPKcj          0x00001e6c   Section        0  FileBase.o(i._ZN4mbed8FileBase6lookupEPKcj)
    i._ZN4mbed8FileBaseC1EPKcNS_8PathTypeE   0x00001ea8   Section        0  FileBase.o(i._ZN4mbed8FileBaseC1EPKcNS_8PathTypeE)
    i._ZN4mbed8FileBaseD1Ev                  0x00001ecc   Section        0  FileBase.o(i._ZN4mbed8FileBaseD1Ev)
    i._ZN4mbed8FileLikeC2EPKc                0x00001f00   Section        0  FileLike.o(i._ZN4mbed8FileLikeC2EPKc)
    i._ZN4mbed8FileLikeD2Ev                  0x00001f24   Section        0  FileLike.o(i._ZN4mbed8FileLikeD2Ev)
    i._ZN4mbed8FilePath10fileSystemEv        0x00001f34   Section        0  FilePath.o(i._ZN4mbed8FilePath10fileSystemEv)
    i._ZN4mbed8FilePath4fileEv               0x00001f4e   Section        0  FilePath.o(i._ZN4mbed8FilePath4fileEv)
    i._ZN4mbed8FilePath6existsEv             0x00001f6e   Section        0  FilePath.o(i._ZN4mbed8FilePath6existsEv)
    i._ZN4mbed8FilePath6isFileEv             0x00001f78   Section        0  FilePath.o(i._ZN4mbed8FilePath6isFileEv)
    i._ZN4mbed8FilePath8fileNameEv           0x00001f90   Section        0  FilePath.o(i._ZN4mbed8FilePath8fileNameEv)
    i._ZN4mbed8FilePathC1EPKc                0x00001f94   Section        0  FilePath.o(i._ZN4mbed8FilePathC1EPKc)
    i._ZN4mbed9DigitalInC1E7PinName          0x00001fd8   Section        0  main.o(i._ZN4mbed9DigitalInC1E7PinName)
    i._ZN4mbed9mbed_getcEPSt6__FILE          0x00001ff4   Section        0  retarget.o(i._ZN4mbed9mbed_getcEPSt6__FILE)
    i._ZThn72_N4mbed6Serial5_getcEv          0x00001ffc   Section        0  Serial.o(i._ZThn72_N4mbed6Serial5_getcEv)
    i._ZThn72_N4mbed6Serial5_putcEi          0x00002006   Section        0  Serial.o(i._ZThn72_N4mbed6Serial5_putcEi)
    i._ZdlPv                                 0x00002010   Section        0  delete.o(i._ZdlPv)
    i._Znwj                                  0x00002018   Section        0  new.o(i._Znwj)
    i.__0fprintf                             0x00002040   Section        0  printfa.o(i.__0fprintf)
    i.__0sprintf                             0x0000205c   Section        0  printfa.o(i.__0sprintf)
    i.__0vfprintf                            0x00002084   Section        0  printfa.o(i.__0vfprintf)
    i.__ARM_clz                              0x0000209c   Section        0  depilogue.o(i.__ARM_clz)
    i.__ARM_common_ll_muluu                  0x000020ca   Section        0  pwmout_api.o(i.__ARM_common_ll_muluu)
    i.__ARM_common_switch8                   0x000020fc   Section        0  main.o(i.__ARM_common_switch8)
    i.__aeabi_atexit                         0x00002118   Section        0  aeabi_atexit.o(i.__aeabi_atexit)
    i.__aeabi_vec_ctor_nocookie_nodtor       0x00002144   Section        0  aeabi_vec_ctor_nocookie_nodtor.o(i.__aeabi_vec_ctor_nocookie_nodtor)
    i.__cxa_finalize                         0x00002164   Section        0  cxa_finalize.o(i.__cxa_finalize)
    i.__cxa_pure_virtual                     0x000021a6   Section        0  pure_virt.o(i.__cxa_pure_virtual)
    i.__scatterload_copy                     0x000021b0   Section       14  handlers.o(i.__scatterload_copy)
    i.__scatterload_null                     0x000021be   Section        2  handlers.o(i.__scatterload_null)
    i.__scatterload_zeroinit                 0x000021c0   Section       14  handlers.o(i.__scatterload_zeroinit)
    i._fclose$full                           0x000021ce   Section        0  fclose_f.o(i._fclose$full)
    i._fopen$full                            0x000021d8   Section        0  fopen_f.o(i._fopen$full)
    i._fp_digits                             0x00002200   Section        0  printfa.o(i._fp_digits)
    _fp_digits                               0x00002201   Thumb Code   314  printfa.o(i._fp_digits)
    i._freopen$full                          0x00002358   Section        0  fopen_f.o(i._freopen$full)
    i._printf_core                           0x000023b8   Section        0  printfa.o(i._printf_core)
    _printf_core                             0x000023b9   Thumb Code  1766  printfa.o(i._printf_core)
    i._printf_post_padding                   0x00002ab0   Section        0  printfa.o(i._printf_post_padding)
    _printf_post_padding                     0x00002ab1   Thumb Code    32  printfa.o(i._printf_post_padding)
    i._printf_pre_padding                    0x00002ad0   Section        0  printfa.o(i._printf_pre_padding)
    _printf_pre_padding                      0x00002ad1   Thumb Code    44  printfa.o(i._printf_pre_padding)
    i._sputc                                 0x00002afc   Section        0  printfa.o(i._sputc)
    _sputc                                   0x00002afd   Thumb Code    10  printfa.o(i._sputc)
    i._sys_close                             0x00002b08   Section        0  retarget.o(i._sys_close)
    i._sys_ensure                            0x00002b34   Section        0  retarget.o(i._sys_ensure)
    i._sys_open                              0x00002b5c   Section        0  retarget.o(i._sys_open)
    i._sys_read                              0x00002c40   Section        0  retarget.o(i._sys_read)
    i._sys_seek                              0x00002c9c   Section        0  retarget.o(i._sys_seek)
    i._sys_write                             0x00002cc4   Section        0  retarget.o(i._sys_write)
    i.analogin_init                          0x00002d2c   Section        0  analogin_api.o(i.analogin_init)
    i.analogin_read                          0x00002d9c   Section        0  analogin_api.o(i.analogin_read)
    i.error                                  0x00002e50   Section        0  error.o(i.error)
    i.exit                                   0x00002e68   Section        0  retarget.o(i.exit)
    i.free                                   0x00002e88   Section        0  malloc.o(i.free)
    i.gpio_dir                               0x00002edc   Section        0  gpio_api.o(i.gpio_dir)
    i.gpio_init                              0x00002f38   Section        0  gpio_api.o(i.gpio_init)
    i.gpio_init_in                           0x00002fa8   Section        0  gpio.o(i.gpio_init_in)
    i.gpio_init_out                          0x00002fcc   Section        0  gpio.o(i.gpio_init_out)
    i.gpio_mode                              0x00003018   Section        0  gpio_api.o(i.gpio_mode)
    i.malloc                                 0x00003028   Section        0  malloc.o(i.malloc)
    i.mbed_assert_internal                   0x00003094   Section        0  assert.o(i.mbed_assert_internal)
    i.mbed_die                               0x000030e4   Section        0  board.o(i.mbed_die)
    i.mbed_main                              0x00003278   Section        0  retarget.o(i.mbed_main)
    i.mbed_sdk_init                          0x0000327a   Section        0  retarget.o(i.mbed_sdk_init)
    i.pin_function                           0x0000327c   Section        0  pinmap.o(i.pin_function)
    i.pin_mode                               0x000032c4   Section        0  pinmap.o(i.pin_mode)
    i.pinmap_merge                           0x00003318   Section        0  pinmap_common.o(i.pinmap_merge)
    i.pinmap_peripheral                      0x0000334c   Section        0  pinmap_common.o(i.pinmap_peripheral)
    i.pinmap_pinout                          0x000033a8   Section        0  pinmap_common.o(i.pinmap_pinout)
    i.pwmout_init                            0x000033f8   Section        0  pwmout_api.o(i.pwmout_init)
    i.pwmout_period_us                       0x000034ac   Section        0  pwmout_api.o(i.pwmout_period_us)
    i.pwmout_write                           0x00003534   Section        0  pwmout_api.o(i.pwmout_write)
    i.serial_baud                            0x0000359c   Section        0  serial_api.o(i.serial_baud)
    i.serial_format                          0x000036b4   Section        0  serial_api.o(i.serial_format)
    i.serial_getc                            0x00003798   Section        0  serial_api.o(i.serial_getc)
    i.serial_init                            0x000037a8   Section        0  serial_api.o(i.serial_init)
    i.serial_irq_handler                     0x0000387c   Section        0  serial_api.o(i.serial_irq_handler)
    i.serial_irq_set                         0x00003890   Section        0  serial_api.o(i.serial_irq_set)
    i.serial_putc                            0x000038f0   Section        0  serial_api.o(i.serial_putc)
    i.uart0_irq                              0x00003900   Section        0  serial_api.o(i.uart0_irq)
    i.us_ticker_clear_interrupt              0x00003930   Section        0  us_ticker.o(i.us_ticker_clear_interrupt)
    i.us_ticker_disable_interrupt            0x0000393c   Section        0  us_ticker.o(i.us_ticker_disable_interrupt)
    i.us_ticker_init                         0x0000394c   Section        0  us_ticker.o(i.us_ticker_init)
    i.us_ticker_insert_event                 0x000039a8   Section        0  us_ticker_api.o(i.us_ticker_insert_event)
    i.us_ticker_irq_handler                  0x000039e4   Section        0  us_ticker_api.o(i.us_ticker_irq_handler)
    i.us_ticker_read                         0x00003a24   Section        0  us_ticker.o(i.us_ticker_read)
    i.us_ticker_remove_event                 0x00003a80   Section        0  us_ticker_api.o(i.us_ticker_remove_event)
    i.us_ticker_set_handler                  0x00003ac0   Section        0  us_ticker_api.o(i.us_ticker_set_handler)
    i.us_ticker_set_interrupt                0x00003ad4   Section        0  us_ticker.o(i.us_ticker_set_interrupt)
    i.wait                                   0x00003ae8   Section        0  wait_api.o(i.wait)
    i.wait_ms                                0x00003b0c   Section        0  wait_api.o(i.wait_ms)
    .constdata                               0x00003b28   Section       66  main.o(.constdata)
    .constdata                               0x00003b6c   Section      134  board.o(.constdata)
    .constdata                               0x00003bf4   Section       96  analogin_api.o(.constdata)
    PinMap_ADC                               0x00003bf4   Data          96  analogin_api.o(.constdata)
    .constdata                               0x00003c54   Section       72  pwmout_api.o(.constdata)
    PinMap_PWM                               0x00003c54   Data          72  pwmout_api.o(.constdata)
    .constdata                               0x00003c9c   Section      364  serial_api.o(.constdata)
    PinMap_UART_TX                           0x00003c9c   Data          60  serial_api.o(.constdata)
    PinMap_UART_RX                           0x00003cd8   Data          60  serial_api.o(.constdata)
    .constdata                               0x00003e08   Section      208  BusOut.o(.constdata)
    .constdata                               0x00003ed8   Section      208  BusIn.o(.constdata)
    .constdata                               0x00003fa8   Section      134  gpio.o(.constdata)
    .constdata                               0x00004030   Section      128  gpio_api.o(.constdata)
    .constdata                               0x000040b0   Section      108  pinmap.o(.constdata)
    .constdata                               0x0000411c   Section       64  ctype_c.o(.constdata)
    .constdata__ZTVN4mbed10FileHandleE       0x0000415c   Section       44  retarget.o(.constdata__ZTVN4mbed10FileHandleE)
    .constdata__ZTVN4mbed10SerialBaseE       0x00004188   Section       16  SerialBase.o(.constdata__ZTVN4mbed10SerialBaseE)
    .constdata__ZTVN4mbed10TimerEventE       0x00004198   Section       20  TimerEvent.o(.constdata__ZTVN4mbed10TimerEventE)
    .constdata__ZTVN4mbed5BusInE             0x000041ac   Section       16  BusIn.o(.constdata__ZTVN4mbed5BusInE)
    .constdata__ZTVN4mbed6BusOutE            0x000041bc   Section       16  BusOut.o(.constdata__ZTVN4mbed6BusOutE)
    .constdata__ZTVN4mbed6SerialE            0x000041cc   Section       92  Serial.o(.constdata__ZTVN4mbed6SerialE)
    .constdata__ZTVN4mbed6StreamE            0x00004228   Section       68  Stream.o(.constdata__ZTVN4mbed6StreamE)
    .constdata__ZTVN4mbed6TickerE            0x0000426c   Section       20  Ticker.o(.constdata__ZTVN4mbed6TickerE)
    .constdata__ZTVN4mbed8FileBaseE          0x00004280   Section       16  FileBase.o(.constdata__ZTVN4mbed8FileBaseE)
    .constdata__ZTVN4mbed8FileLikeE          0x00004290   Section       60  FileLike.o(.constdata__ZTVN4mbed8FileLikeE)
    .init_array                              0x000042ec   Section        4  main.o(.init_array)
    .data                                    0x100000c0   Section       26  main.o(.data)
    cnt                                      0x100000cc   Data           4  main.o(.data)
    .data                                    0x100000dc   Section        4  retarget.o(.data)
    n                                        0x100000dc   Data           4  retarget.o(.data)
    .data                                    0x100000e0   Section        4  cmsis_nvic.o(.data)
    vectors                                  0x100000e0   Data           4  cmsis_nvic.o(.data)
    .data                                    0x100000e4   Section        4  system_LPC11xx.o(.data)
    .data                                    0x100000e8   Section       24  pwmout_api.o(.data)
    pwm_timer_map                            0x100000e8   Data          10  pwmout_api.o(.data)
    Timers                                   0x100000f4   Data          12  pwmout_api.o(.data)
    .data                                    0x10000100   Section       20  serial_api.o(.data)
    serial_irq_ids                           0x10000100   Data           4  serial_api.o(.data)
    irq_handler                              0x10000108   Data           4  serial_api.o(.data)
    .data                                    0x10000114   Section        4  us_ticker.o(.data)
    .data                                    0x10000118   Section        4  FileBase.o(.data)
    .data                                    0x1000011c   Section        8  us_ticker_api.o(.data)
    head                                     0x1000011c   Data           4  us_ticker_api.o(.data)
    event_handler                            0x10000120   Data           4  us_ticker_api.o(.data)
    .data                                    0x10000124   Section        4  cpp_dtor.o(.data)
    ddtor_pointer                            0x10000124   Data           4  cpp_dtor.o(.data)
    .data                                    0x10000128   Section        4  cpp_memory.o(.data)
    handler_pointer                          0x10000128   Data           4  cpp_memory.o(.data)
    .data                                    0x1000012c   Section        8  cpp_unwinder.o(.data)
    eh                                       0x1000012c   Data           4  cpp_unwinder.o(.data)
    eh_p                                     0x10000130   Data           4  cpp_unwinder.o(.data)
    .data                                    0x10000134   Section        4  mvars.o(.data)
    .data                                    0x10000138   Section        4  mvars.o(.data)
    .bss                                     0x1000013c   Section      480  main.o(.bss)
    .bss                                     0x1000031c   Section       64  retarget.o(.bss)
    filehandles                              0x1000031c   Data          64  retarget.o(.bss)
    .bss                                     0x1000035c   Section       20  stdout_f.o(.bss)
    .bss                                     0x10000370   Section       20  stderr_f.o(.bss)
    HEAP                                     0x10000388   Section        0  startup_LPC11xx.o(HEAP)

    Global Symbols

    Symbol Name                              Value     Ov Type        Size  Object(Section)

    BuildAttributes$$THM_ISAv3M$S$PE$A:L22$X:L11$S22$IEEE1$IW$USESV6$~STKCKD$USESV7$~SHL$OTIME$ROPI$EBA8$UX$MICROLIB$REQ8$PRES8$EABIv2 0x00000000   Number         0  anon$$obj.o ABSOLUTE
    __ARM_use_no_argv                        0x00000000   Number         0  main.o ABSOLUTE
    __Vectors                                0x00000000   Data           4  startup_LPC11xx.o(RESET)
    __dso_handle                             0x00000000   Number         0  startup_LPC11xx.o(RESET)
    _printf_a                                0x00000000   Number         0  stubs.o ABSOLUTE
    _printf_c                                0x00000000   Number         0  stubs.o ABSOLUTE
    _printf_charcount                        0x00000000   Number         0  stubs.o ABSOLUTE
    _printf_d                                0x00000000   Number         0  stubs.o ABSOLUTE
    _printf_e                                0x00000000   Number         0  stubs.o ABSOLUTE
    _printf_f                                0x00000000   Number         0  stubs.o ABSOLUTE
    _printf_flags                            0x00000000   Number         0  stubs.o ABSOLUTE
    _printf_fp_dec                           0x00000000   Number         0  stubs.o ABSOLUTE
    _printf_fp_hex                           0x00000000   Number         0  stubs.o ABSOLUTE
    _printf_g                                0x00000000   Number         0  stubs.o ABSOLUTE
    _printf_i                                0x00000000   Number         0  stubs.o ABSOLUTE
    _printf_int_dec                          0x00000000   Number         0  stubs.o ABSOLUTE
    _printf_l                                0x00000000   Number         0  stubs.o ABSOLUTE
    _printf_lc                               0x00000000   Number         0  stubs.o ABSOLUTE
    _printf_ll                               0x00000000   Number         0  stubs.o ABSOLUTE
    _printf_lld                              0x00000000   Number         0  stubs.o ABSOLUTE
    _printf_lli                              0x00000000   Number         0  stubs.o ABSOLUTE
    _printf_llo                              0x00000000   Number         0  stubs.o ABSOLUTE
    _printf_llu                              0x00000000   Number         0  stubs.o ABSOLUTE
    _printf_llx                              0x00000000   Number         0  stubs.o ABSOLUTE
    _printf_longlong_dec                     0x00000000   Number         0  stubs.o ABSOLUTE
    _printf_longlong_hex                     0x00000000   Number         0  stubs.o ABSOLUTE
    _printf_longlong_oct                     0x00000000   Number         0  stubs.o ABSOLUTE
    _printf_ls                               0x00000000   Number         0  stubs.o ABSOLUTE
    _printf_mbtowc                           0x00000000   Number         0  stubs.o ABSOLUTE
    _printf_n                                0x00000000   Number         0  stubs.o ABSOLUTE
    _printf_o                                0x00000000   Number         0  stubs.o ABSOLUTE
    _printf_p                                0x00000000   Number         0  stubs.o ABSOLUTE
    _printf_percent                          0x00000000   Number         0  stubs.o ABSOLUTE
    _printf_pre_padding                      0x00000000   Number         0  stubs.o ABSOLUTE
    _printf_return_value                     0x00000000   Number         0  stubs.o ABSOLUTE
    _printf_s                                0x00000000   Number         0  stubs.o ABSOLUTE
    _printf_sizespec                         0x00000000   Number         0  stubs.o ABSOLUTE
    _printf_str                              0x00000000   Number         0  stubs.o ABSOLUTE
    _printf_truncate_signed                  0x00000000   Number         0  stubs.o ABSOLUTE
    _printf_truncate_unsigned                0x00000000   Number         0  stubs.o ABSOLUTE
    _printf_u                                0x00000000   Number         0  stubs.o ABSOLUTE
    _printf_wc                               0x00000000   Number         0  stubs.o ABSOLUTE
    _printf_wctomb                           0x00000000   Number         0  stubs.o ABSOLUTE
    _printf_widthprec                        0x00000000   Number         0  stubs.o ABSOLUTE
    _printf_x                                0x00000000   Number         0  stubs.o ABSOLUTE
    __ARM::default_unexpected_handler()       - Undefined Weak Reference
    __ARM_exceptions_buffer_required          - Undefined Weak Reference
    __decompress                              - Undefined Weak Reference
    _clock_init                               - Undefined Weak Reference
    _microlib_exit                            - Undefined Weak Reference
    __main                                   0x00000201   Thumb Code     0  entry.o(.ARM.Collect$$$$00000000)
    _main_stk                                0x00000201   Thumb Code     0  entry2.o(.ARM.Collect$$$$00000001)
    _main_scatterload                        0x00000205   Thumb Code     0  entry5.o(.ARM.Collect$$$$00000004)
    __main_after_scatterload                 0x00000209   Thumb Code     0  entry5.o(.ARM.Collect$$$$00000004)
    __use_full_stdio                         0x00000209   Thumb Code     0  entry6b.o(.ARM.Collect$$$$00000006)
    __main_after_initio                      0x0000020d   Thumb Code     0  entry6b.o(.ARM.Collect$$$$00000006)
    _main_clock                              0x0000020d   Thumb Code     0  entry7b.o(.ARM.Collect$$$$00000008)
    _main_cpp_init$empty                     0x0000020d   Thumb Code     0  entry8a.o(.ARM.Collect$$$$00000009)
    _main_cpp_init                           0x00000211   Thumb Code     0  entry8b.o(.ARM.Collect$$$$0000000A)
    _main_init                               0x00000211   Thumb Code     0  entry9a.o(.ARM.Collect$$$$0000000B)
    __rt_final_cpp                           0x00000219   Thumb Code     0  entry10a.o(.ARM.Collect$$$$0000000D)
    __rt_final_exit                          0x00000219   Thumb Code     0  entry11a.o(.ARM.Collect$$$$0000000F)
    Reset_Handler                            0x0000021d   Thumb Code     8  startup_LPC11xx.o(.text)
    HardFault_Handler                        0x00000225   Thumb Code     2  startup_LPC11xx.o(.text)
    SVC_Handler                              0x00000227   Thumb Code     2  startup_LPC11xx.o(.text)
    PendSV_Handler                           0x00000229   Thumb Code     2  startup_LPC11xx.o(.text)
    SysTick_Handler                          0x0000022b   Thumb Code     2  startup_LPC11xx.o(.text)
    Reserved_IRQHandler                      0x0000022d   Thumb Code     2  startup_LPC11xx.o(.text)
    ADC_IRQHandler                           0x0000022f   Thumb Code     0  startup_LPC11xx.o(.text)
    BOD_IRQHandler                           0x0000022f   Thumb Code     0  startup_LPC11xx.o(.text)
    C_CAN_IRQHandler                         0x0000022f   Thumb Code     0  startup_LPC11xx.o(.text)
    I2C_IRQHandler                           0x0000022f   Thumb Code     0  startup_LPC11xx.o(.text)
    NMI_Handler                              0x0000022f   Thumb Code     0  startup_LPC11xx.o(.text)
    PIO_0_IRQHandler                         0x0000022f   Thumb Code     0  startup_LPC11xx.o(.text)
    PIO_1_IRQHandler                         0x0000022f   Thumb Code     0  startup_LPC11xx.o(.text)
    PIO_2_IRQHandler                         0x0000022f   Thumb Code     0  startup_LPC11xx.o(.text)
    PIO_3_IRQHandler                         0x0000022f   Thumb Code     0  startup_LPC11xx.o(.text)
    SLWU_INT0_IRQHandler                     0x0000022f   Thumb Code     0  startup_LPC11xx.o(.text)
    SLWU_INT10_IRQHandler                    0x0000022f   Thumb Code     0  startup_LPC11xx.o(.text)
    SLWU_INT11_IRQHandler                    0x0000022f   Thumb Code     0  startup_LPC11xx.o(.text)
    SLWU_INT12_IRQHandler                    0x0000022f   Thumb Code     0  startup_LPC11xx.o(.text)
    SLWU_INT1_IRQHandler                     0x0000022f   Thumb Code     0  startup_LPC11xx.o(.text)
    SLWU_INT2_IRQHandler                     0x0000022f   Thumb Code     0  startup_LPC11xx.o(.text)
    SLWU_INT3_IRQHandler                     0x0000022f   Thumb Code     0  startup_LPC11xx.o(.text)
    SLWU_INT4_IRQHandler                     0x0000022f   Thumb Code     0  startup_LPC11xx.o(.text)
    SLWU_INT5_IRQHandler                     0x0000022f   Thumb Code     0  startup_LPC11xx.o(.text)
    SLWU_INT6_IRQHandler                     0x0000022f   Thumb Code     0  startup_LPC11xx.o(.text)
    SLWU_INT7_IRQHandler                     0x0000022f   Thumb Code     0  startup_LPC11xx.o(.text)
    SLWU_INT8_IRQHandler                     0x0000022f   Thumb Code     0  startup_LPC11xx.o(.text)
    SLWU_INT9_IRQHandler                     0x0000022f   Thumb Code     0  startup_LPC11xx.o(.text)
    SSP0_IRQHandler                          0x0000022f   Thumb Code     0  startup_LPC11xx.o(.text)
    SSP1_IRQHandler                          0x0000022f   Thumb Code     0  startup_LPC11xx.o(.text)
    TIMER16_0_IRQHandler                     0x0000022f   Thumb Code     0  startup_LPC11xx.o(.text)
    TIMER16_1_IRQHandler                     0x0000022f   Thumb Code     0  startup_LPC11xx.o(.text)
    TIMER32_0_IRQHandler                     0x0000022f   Thumb Code     0  startup_LPC11xx.o(.text)
    TIMER32_1_IRQHandler                     0x0000022f   Thumb Code     0  startup_LPC11xx.o(.text)
    UART_IRQHandler                          0x0000022f   Thumb Code     0  startup_LPC11xx.o(.text)
    WDT_IRQHandler                           0x0000022f   Thumb Code     0  startup_LPC11xx.o(.text)
    fgetc                                    0x00000239   Thumb Code    60  fgetc_bpf.o(.text)
    __backspace                              0x00000275   Thumb Code    24  fgetc_bpf.o(.text)
    _initio                                  0x0000028d   Thumb Code    20  initio_oe.o(.text)
    fputc                                    0x000002ad   Thumb Code    42  fputc_fp.o(.text)
    fflush                                   0x000002d7   Thumb Code    38  fflush_fe.o(.text)
    motor()                                  0x00000301   Thumb Code   244  main.o(.text)
    pc_rx()                                  0x000003f5   Thumb Code   192  main.o(.text)
    $Super$$main                             0x000004b5   Thumb Code   464  main.o(.text)
    __aeabi_uidiv                            0x000009c9   Thumb Code     0  uidiv.o(.text)
    __aeabi_uidivmod                         0x000009c9   Thumb Code    44  uidiv.o(.text)
    __aeabi_idiv                             0x000009f5   Thumb Code     0  idiv.o(.text)
    __aeabi_idivmod                          0x000009f5   Thumb Code    40  idiv.o(.text)
    __aeabi_uldivmod                         0x00000a1d   Thumb Code    96  uldiv.o(.text)
    __aeabi_memset                           0x00000a7d   Thumb Code    14  memseta.o(.text)
    __aeabi_memset4                          0x00000a7d   Thumb Code     0  memseta.o(.text)
    __aeabi_memset8                          0x00000a7d   Thumb Code     0  memseta.o(.text)
    __aeabi_memclr                           0x00000a8b   Thumb Code     4  memseta.o(.text)
    __aeabi_memclr4                          0x00000a8b   Thumb Code     0  memseta.o(.text)
    __aeabi_memclr8                          0x00000a8b   Thumb Code     0  memseta.o(.text)
    _memset$wrapper                          0x00000a8f   Thumb Code    18  memseta.o(.text)
    strlen                                   0x00000aa1   Thumb Code    14  strlen.o(.text)
    strcmp                                   0x00000aaf   Thumb Code    28  strcmp.o(.text)
    strncmp                                  0x00000acb   Thumb Code    30  strncmp.o(.text)
    __0sscanf                                0x00000ae9   Thumb Code    50  __0sscanf.o(.text)
    _scanf_int                               0x00000b25   Thumb Code   330  _scanf_int.o(.text)
    __cpp_initialize__aeabi_                 0x00000c71   Thumb Code    22  cpp_init.o(.text)
    __aeabi_fmul                             0x00000c91   Thumb Code   122  fmul.o(.text)
    __aeabi_ui2f                             0x00000d0b   Thumb Code    14  ffltui.o(.text)
    __aeabi_f2iz                             0x00000d19   Thumb Code    50  ffixi.o(.text)
    __aeabi_f2uiz                            0x00000d4b   Thumb Code    40  ffixui.o(.text)
    __aeabi_f2d                              0x00000d73   Thumb Code    40  f2d.o(.text)
    __default_new_handler()                  0x00000d9b   Thumb Code     8  arm_newhandler_noexceptions.o(.text)
    __aeabi_llsl                             0x00000da3   Thumb Code    32  llshl.o(.text)
    _ll_shift_l                              0x00000da3   Thumb Code     0  llshl.o(.text)
    __aeabi_llsr                             0x00000dc3   Thumb Code    34  llushr.o(.text)
    _ll_ushift_r                             0x00000dc3   Thumb Code     0  llushr.o(.text)
    _chval                                   0x00000de5   Thumb Code    30  _chval.o(.text)
    __vfscanf_char                           0x00000e11   Thumb Code    24  scanf_char.o(.text)
    _sgetc                                   0x00000e31   Thumb Code    32  _sgetc.o(.text)
    _sbackspace                              0x00000e51   Thumb Code    36  _sgetc.o(.text)
    __I$use$fp                               0x00000e75   Thumb Code     0  iusefp.o(.text)
    __rt_ddtor_pointer_addr                  0x00000e75   Thumb Code     4  cpp_dtor.o(.text)
    __rt_lib_shutdown_cpp_1                  0x00000e7d   Thumb Code     2  cpp_final.o(.text)
    __rt_new_handler_addr                    0x00000e81   Thumb Code     4  cpp_memory.o(.text)
    __aeabi_unwind_cpp_pr0                   0x00000e89   Thumb Code     4  cpp_unwinder.o(.text)
    __aeabi_unwind_cpp_pr1                   0x00000e8d   Thumb Code     4  cpp_unwinder.o(.text)
    _Unwind_DeleteException                  0x00000e91   Thumb Code     2  cpp_unwinder.o(.text)
    _Unwind_Activity                         0x00000e93   Thumb Code     2  cpp_unwinder.o(.text)
    _Unwind_RaiseException                   0x00000e95   Thumb Code     4  cpp_unwinder.o(.text)
    __rt_eh_globals_addr                     0x00000e99   Thumb Code    10  cpp_unwinder.o(.text)
    _float_round                             0x00000ea9   Thumb Code    16  fepilogue.o(.text)
    _float_epilogue                          0x00000eb9   Thumb Code   116  fepilogue.o(.text)
    __aeabi_dadd                             0x00000f2d   Thumb Code   326  dadd.o(.text)
    __aeabi_dsub                             0x00001073   Thumb Code    12  dadd.o(.text)
    __aeabi_drsub                            0x0000107f   Thumb Code    12  dadd.o(.text)
    __aeabi_dmul                             0x00001091   Thumb Code   202  dmul.o(.text)
    __aeabi_ddiv                             0x00001161   Thumb Code   234  ddiv.o(.text)
    __aeabi_d2ulz                            0x00001251   Thumb Code    54  dfixul.o(.text)
    __aeabi_cdrcmple                         0x00001291   Thumb Code    38  cdrcmple.o(.text)
    std::terminate()                         0x000012b9   Thumb Code    28  arm_exceptions_terminate.o(.text)
    __scatterload                            0x000012d5   Thumb Code    28  init.o(.text)
    __scatterload_rt2                        0x000012d5   Thumb Code     0  init.o(.text)
    __aeabi_lasr                             0x000012f9   Thumb Code    38  llsshr.o(.text)
    _ll_sshift_r                             0x000012f9   Thumb Code     0  llsshr.o(.text)
    isspace                                  0x0000131f   Thumb Code    14  isspace_c.o(.text)
    __vfscanf                                0x0000132d   Thumb Code   806  _scanf.o(.text)
    _double_round                            0x00001661   Thumb Code    26  depilogue.o(.text)
    _double_epilogue                         0x0000167b   Thumb Code   166  depilogue.o(.text)
    __cxa_get_globals                        0x00001727   Thumb Code    66  arm_exceptions_globs.o(.text)
    __ctype_lookup                           0x00001775   Thumb Code    32  ctype_c.o(.text)
    __ARM_exceptions_buffer_init             0x00001799   Thumb Code    18  arm_exceptions_mem.o(.text)
    __ARM_exceptions_buffer_allocate         0x000017ab   Thumb Code    26  arm_exceptions_mem.o(.text)
    __ARM_exceptions_buffer_free             0x000017c5   Thumb Code    22  arm_exceptions_mem.o(.text)
    main                                     0x000017db   Thumb Code    16  retarget.o(i.$Sub$$main)
    NVIC_SetVector                           0x000017f5   Thumb Code    62  cmsis_nvic.o(i.NVIC_SetVector)
    SystemInit                               0x0000183d   Thumb Code    78  system_LPC11xx.o(i.SystemInit)
    mbed::DigitalOut::DigitalOut(PinName)    0x0000189d   Thumb Code    28  main.o(i._ZN4mbed10DigitalOutC1E7PinName)
    mbed::DigitalOut::DigitalOut__sub_object(PinName) 0x0000189d   Thumb Code     0  main.o(i._ZN4mbed10DigitalOutC1E7PinName)
    mbed::DigitalOut::operator =(int)        0x000018b9   Thumb Code    22  main.o(i._ZN4mbed10DigitalOutaSEi)
    mbed::FileHandle::~FileHandle()          0x000018d1   Thumb Code     0  retarget.o(i._ZN4mbed10FileHandleD2Ev)
    mbed::FileHandle::~FileHandle__sub_object() 0x000018d1   Thumb Code    34  retarget.o(i._ZN4mbed10FileHandleD2Ev)
    mbed::SerialBase::_base_getc()           0x000018fd   Thumb Code    10  SerialBase.o(i._ZN4mbed10SerialBase10_base_getcEv)
    mbed::SerialBase::_base_putc(int)        0x00001907   Thumb Code    14  SerialBase.o(i._ZN4mbed10SerialBase10_base_putcEi)
    mbed::SerialBase::_irq_handler(unsigned, SerialIrq) 0x00001915   Thumb Code    16  SerialBase.o(i._ZN4mbed10SerialBase12_irq_handlerEj9SerialIrq)
    mbed::SerialBase::baud(int)              0x00001925   Thumb Code    16  SerialBase.o(i._ZN4mbed10SerialBase4baudEi)
    mbed::SerialBase::attach(void(*)(), mbed::SerialBase::IrqType) 0x00001935   Thumb Code    46  SerialBase.o(i._ZN4mbed10SerialBase6attachEPFvvENS0_7IrqTypeE)
    mbed::SerialBase::SerialBase(PinName, PinName) 0x00001965   Thumb Code    62  SerialBase.o(i._ZN4mbed10SerialBaseC1E7PinNameS1_)
    mbed::SerialBase::SerialBase__sub_object(PinName, PinName) 0x00001965   Thumb Code     0  SerialBase.o(i._ZN4mbed10SerialBaseC1E7PinNameS1_)
    mbed::TimerEvent::irq(unsigned)          0x000019b1   Thumb Code     6  TimerEvent.o(i._ZN4mbed10TimerEvent3irqEj)
    mbed::TimerEvent::insert(unsigned)       0x000019b7   Thumb Code    12  TimerEvent.o(i._ZN4mbed10TimerEvent6insertEj)
    mbed::TimerEvent::remove()               0x000019c3   Thumb Code    10  TimerEvent.o(i._ZN4mbed10TimerEvent6removeEv)
    mbed::TimerEvent::TimerEvent__sub_object() 0x000019cd   Thumb Code    26  TimerEvent.o(i._ZN4mbed10TimerEventC2Ev)
    mbed::TimerEvent::~TimerEvent()          0x000019f1   Thumb Code     0  TimerEvent.o(i._ZN4mbed10TimerEventD2Ev)
    mbed::TimerEvent::~TimerEvent__sub_object() 0x000019f1   Thumb Code    18  TimerEvent.o(i._ZN4mbed10TimerEventD2Ev)
    mbed::FunctionPointer::call()            0x00001a09   Thumb Code    26  FunctionPointer.o(i._ZN4mbed15FunctionPointer4callEv)
    mbed::FunctionPointer::attach(void(*)()) 0x00001a23   Thumb Code     8  FunctionPointer.o(i._ZN4mbed15FunctionPointer6attachEPFvvE)
    mbed::FunctionPointer::FunctionPointer(void(*)()) 0x00001a2b   Thumb Code    10  FunctionPointer.o(i._ZN4mbed15FunctionPointerC1EPFvvE)
    mbed::FunctionPointer::FunctionPointer__sub_object(void(*)()) 0x00001a2b   Thumb Code     0  FunctionPointer.o(i._ZN4mbed15FunctionPointerC1EPFvvE)
    mbed::mbed_set_unbuffered_stream(std::__FILE*) 0x00001a35   Thumb Code    10  retarget.o(i._ZN4mbed26mbed_set_unbuffered_streamEPSt6__FILE)
    mbed::BusIn::mode(PinMode)               0x00001a3f   Thumb Code    32  BusIn.o(i._ZN4mbed5BusIn4modeE7PinMode)
    mbed::BusIn::BusIn(PinName, PinName, PinName, PinName, PinName, PinName, PinName, PinName, PinName, PinName, PinName, PinName, PinName, PinName, PinName, PinName) 0x00001a61   Thumb Code   154  BusIn.o(i._ZN4mbed5BusInC1E7PinNameS1_S1_S1_S1_S1_S1_S1_S1_S1_S1_S1_S1_S1_S1_S1_)
    mbed::BusIn::BusIn__sub_object(PinName, PinName, PinName, PinName, PinName, PinName, PinName, PinName, PinName, PinName, PinName, PinName, PinName, PinName, PinName, PinName) 0x00001a61   Thumb Code     0  BusIn.o(i._ZN4mbed5BusInC1E7PinNameS1_S1_S1_S1_S1_S1_S1_S1_S1_S1_S1_S1_S1_S1_S1_)
    mbed::BusIn::~BusIn()                    0x00001b01   Thumb Code    34  BusIn.o(i._ZN4mbed5BusInD1Ev)
    mbed::BusIn::~BusIn__sub_object()        0x00001b01   Thumb Code     0  BusIn.o(i._ZN4mbed5BusInD1Ev)
    mbed::BusIn::operator int()              0x00001b29   Thumb Code    60  BusIn.o(i._ZN4mbed5BusIncviEv)
    mbed::BusOut::write(int)                 0x00001b6d   Thumb Code    90  BusOut.o(i._ZN4mbed6BusOut5writeEi)
    mbed::BusOut::BusOut(PinName, PinName, PinName, PinName, PinName, PinName, PinName, PinName, PinName, PinName, PinName, PinName, PinName, PinName, PinName, PinName) 0x00001bd1   Thumb Code   154  BusOut.o(i._ZN4mbed6BusOutC1E7PinNameS1_S1_S1_S1_S1_S1_S1_S1_S1_S1_S1_S1_S1_S1_S1_)
    mbed::BusOut::BusOut__sub_object(PinName, PinName, PinName, PinName, PinName, PinName, PinName, PinName, PinName, PinName, PinName, PinName, PinName, PinName, PinName, PinName) 0x00001bd1   Thumb Code     0  BusOut.o(i._ZN4mbed6BusOutC1E7PinNameS1_S1_S1_S1_S1_S1_S1_S1_S1_S1_S1_S1_S1_S1_S1_)
    mbed::BusOut::~BusOut()                  0x00001c71   Thumb Code    34  BusOut.o(i._ZN4mbed6BusOutD1Ev)
    mbed::BusOut::~BusOut__sub_object()      0x00001c71   Thumb Code     0  BusOut.o(i._ZN4mbed6BusOutD1Ev)
    mbed::BusOut::operator =(int)            0x00001c99   Thumb Code    12  BusOut.o(i._ZN4mbed6BusOutaSEi)
    mbed::PwmOut::PwmOut(PinName)            0x00001ca5   Thumb Code    18  main.o(i._ZN4mbed6PwmOutC1E7PinName)
    mbed::PwmOut::PwmOut__sub_object(PinName) 0x00001ca5   Thumb Code     0  main.o(i._ZN4mbed6PwmOutC1E7PinName)
    mbed::PwmOut::operator =(float)          0x00001cb7   Thumb Code    22  main.o(i._ZN4mbed6PwmOutaSEf)
    mbed::Serial::Serial(PinName, PinName, const char*) 0x00001ccd   Thumb Code    32  Serial.o(i._ZN4mbed6SerialC1E7PinNameS1_PKc)
    mbed::Serial::Serial__sub_object(PinName, PinName, const char*) 0x00001ccd   Thumb Code     0  Serial.o(i._ZN4mbed6SerialC1E7PinNameS1_PKc)
    mbed::Serial::~Serial()                  0x00001cf9   Thumb Code    12  Serial.o(i._ZN4mbed6SerialD1Ev)
    mbed::Serial::~Serial__sub_object()      0x00001cf9   Thumb Code     0  Serial.o(i._ZN4mbed6SerialD1Ev)
    mbed::Stream::getc()                     0x00001d05   Thumb Code    18  Stream.o(i._ZN4mbed6Stream4getcEv)
    mbed::Stream::read(void*, unsigned)      0x00001d17   Thumb Code    38  Stream.o(i._ZN4mbed6Stream4readEPvj)
    mbed::Stream::close()                    0x00001d3d   Thumb Code     4  Stream.o(i._ZN4mbed6Stream5closeEv)
    mbed::Stream::fsync()                    0x00001d41   Thumb Code     4  Stream.o(i._ZN4mbed6Stream5fsyncEv)
    mbed::Stream::lseek(long, int)           0x00001d45   Thumb Code     4  Stream.o(i._ZN4mbed6Stream5lseekEli)
    mbed::Stream::write(const void*, unsigned) 0x00001d49   Thumb Code    38  Stream.o(i._ZN4mbed6Stream5writeEPKvj)
    mbed::Stream::printf(const char*, ...)   0x00001d6f   Thumb Code    32  Stream.o(i._ZN4mbed6Stream6printfEPKcz)
    mbed::Stream::Stream__sub_object(const char*) 0x00001d91   Thumb Code    52  Stream.o(i._ZN4mbed6StreamC2EPKc)
    mbed::Stream::~Stream()                  0x00001dd5   Thumb Code     0  Stream.o(i._ZN4mbed6StreamD2Ev)
    mbed::Stream::~Stream__sub_object()      0x00001dd5   Thumb Code    26  Stream.o(i._ZN4mbed6StreamD2Ev)
    mbed::Ticker::setup(unsigned)            0x00001df9   Thumb Code    28  Ticker.o(i._ZN4mbed6Ticker5setupEj)
    mbed::Ticker::handler()                  0x00001e15   Thumb Code    26  Ticker.o(i._ZN4mbed6Ticker7handlerEv)
    mbed::Ticker::~Ticker()                  0x00001e31   Thumb Code    32  Ticker.o(i._ZN4mbed6TickerD1Ev)
    mbed::Ticker::~Ticker__sub_object()      0x00001e31   Thumb Code     0  Ticker.o(i._ZN4mbed6TickerD1Ev)
    mbed::AnalogIn::AnalogIn(PinName)        0x00001e55   Thumb Code    18  main.o(i._ZN4mbed8AnalogInC1E7PinName)
    mbed::AnalogIn::AnalogIn__sub_object(PinName) 0x00001e55   Thumb Code     0  main.o(i._ZN4mbed8AnalogInC1E7PinName)
    mbed::FileBase::getPathType()            0x00001e67   Thumb Code     4  FileBase.o(i._ZN4mbed8FileBase11getPathTypeEv)
    mbed::FileBase::lookup(const char*, unsigned) 0x00001e6d   Thumb Code    56  FileBase.o(i._ZN4mbed8FileBase6lookupEPKcj)
    mbed::FileBase::FileBase(const char*, mbed::PathType) 0x00001ea9   Thumb Code    26  FileBase.o(i._ZN4mbed8FileBaseC1EPKcNS_8PathTypeE)
    mbed::FileBase::FileBase__sub_object(const char*, mbed::PathType) 0x00001ea9   Thumb Code     0  FileBase.o(i._ZN4mbed8FileBaseC1EPKcNS_8PathTypeE)
    mbed::FileBase::~FileBase()              0x00001ecd   Thumb Code    44  FileBase.o(i._ZN4mbed8FileBaseD1Ev)
    mbed::FileBase::~FileBase__sub_object()  0x00001ecd   Thumb Code     0  FileBase.o(i._ZN4mbed8FileBaseD1Ev)
    mbed::FileLike::FileLike__sub_object(const char*) 0x00001f01   Thumb Code    24  FileLike.o(i._ZN4mbed8FileLikeC2EPKc)
    mbed::FileLike::~FileLike()              0x00001f25   Thumb Code     0  FileLike.o(i._ZN4mbed8FileLikeD2Ev)
    mbed::FileLike::~FileLike__sub_object()  0x00001f25   Thumb Code    16  FileLike.o(i._ZN4mbed8FileLikeD2Ev)
    mbed::FilePath::fileSystem()             0x00001f35   Thumb Code    26  FilePath.o(i._ZN4mbed8FilePath10fileSystemEv)
    mbed::FilePath::file()                   0x00001f4f   Thumb Code    32  FilePath.o(i._ZN4mbed8FilePath4fileEv)
    mbed::FilePath::exists()                 0x00001f6f   Thumb Code    10  FilePath.o(i._ZN4mbed8FilePath6existsEv)
    mbed::FilePath::isFile()                 0x00001f79   Thumb Code    24  FilePath.o(i._ZN4mbed8FilePath6isFileEv)
    mbed::FilePath::fileName()               0x00001f91   Thumb Code     4  FilePath.o(i._ZN4mbed8FilePath8fileNameEv)
    mbed::FilePath::FilePath(const char*)    0x00001f95   Thumb Code    68  FilePath.o(i._ZN4mbed8FilePathC1EPKc)
    mbed::FilePath::FilePath__sub_object(const char*) 0x00001f95   Thumb Code     0  FilePath.o(i._ZN4mbed8FilePathC1EPKc)
    mbed::DigitalIn::DigitalIn(PinName)      0x00001fd9   Thumb Code    28  main.o(i._ZN4mbed9DigitalInC1E7PinName)
    mbed::DigitalIn::DigitalIn__sub_object(PinName) 0x00001fd9   Thumb Code     0  main.o(i._ZN4mbed9DigitalInC1E7PinName)
    mbed::mbed_getc(std::__FILE*)            0x00001ff5   Thumb Code     8  retarget.o(i._ZN4mbed9mbed_getcEPSt6__FILE)
    thunk{-72} to mbed::Serial::_getc()      0x00001ffd   Thumb Code    10  Serial.o(i._ZThn72_N4mbed6Serial5_getcEv)
    thunk{-72} to mbed::Serial::_putc(int)   0x00002007   Thumb Code    10  Serial.o(i._ZThn72_N4mbed6Serial5_putcEi)
    operator delete (void*)                  0x00002011   Thumb Code     8  delete.o(i._ZdlPv)
    operator new(unsigned)                   0x00002019   Thumb Code    36  new.o(i._Znwj)
    __0fprintf                               0x00002041   Thumb Code    24  printfa.o(i.__0fprintf)
    __1fprintf                               0x00002041   Thumb Code     0  printfa.o(i.__0fprintf)
    __2fprintf                               0x00002041   Thumb Code     0  printfa.o(i.__0fprintf)
    __c89fprintf                             0x00002041   Thumb Code     0  printfa.o(i.__0fprintf)
    fprintf                                  0x00002041   Thumb Code     0  printfa.o(i.__0fprintf)
    __0sprintf                               0x0000205d   Thumb Code    36  printfa.o(i.__0sprintf)
    __1sprintf                               0x0000205d   Thumb Code     0  printfa.o(i.__0sprintf)
    __2sprintf                               0x0000205d   Thumb Code     0  printfa.o(i.__0sprintf)
    __c89sprintf                             0x0000205d   Thumb Code     0  printfa.o(i.__0sprintf)
    sprintf                                  0x0000205d   Thumb Code     0  printfa.o(i.__0sprintf)
    __0vfprintf                              0x00002085   Thumb Code    20  printfa.o(i.__0vfprintf)
    __1vfprintf                              0x00002085   Thumb Code     0  printfa.o(i.__0vfprintf)
    __2vfprintf                              0x00002085   Thumb Code     0  printfa.o(i.__0vfprintf)
    __c89vfprintf                            0x00002085   Thumb Code     0  printfa.o(i.__0vfprintf)
    vfprintf                                 0x00002085   Thumb Code     0  printfa.o(i.__0vfprintf)
    __ARM_clz                                0x0000209d   Thumb Code    46  depilogue.o(i.__ARM_clz)
    __ARM_common_ll_muluu                    0x000020cb   Thumb Code    50  pwmout_api.o(i.__ARM_common_ll_muluu)
    __ARM_common_switch8                     0x000020fd   Thumb Code    28  main.o(i.__ARM_common_switch8)
    __aeabi_atexit                           0x00002119   Thumb Code    44  aeabi_atexit.o(i.__aeabi_atexit)
    __aeabi_vec_ctor_nocookie_nodtor         0x00002145   Thumb Code    32  aeabi_vec_ctor_nocookie_nodtor.o(i.__aeabi_vec_ctor_nocookie_nodtor)
    __cxa_finalize                           0x00002165   Thumb Code    66  cxa_finalize.o(i.__cxa_finalize)
    __cxa_pure_virtual                       0x000021a7   Thumb Code    10  pure_virt.o(i.__cxa_pure_virtual)
    __scatterload_copy                       0x000021b1   Thumb Code    14  handlers.o(i.__scatterload_copy)
    __scatterload_null                       0x000021bf   Thumb Code     2  handlers.o(i.__scatterload_null)
    __scatterload_zeroinit                   0x000021c1   Thumb Code    14  handlers.o(i.__scatterload_zeroinit)
    fclose                                   0x000021cf   Thumb Code    10  fclose_f.o(i._fclose$full)
    fopen                                    0x000021d9   Thumb Code    38  fopen_f.o(i._fopen$full)
    freopen                                  0x00002359   Thumb Code    96  fopen_f.o(i._freopen$full)
    _sys_close                               0x00002b09   Thumb Code    38  retarget.o(i._sys_close)
    _sys_ensure                              0x00002b35   Thumb Code    34  retarget.o(i._sys_ensure)
    _sys_open                                0x00002b5d   Thumb Code   210  retarget.o(i._sys_open)
    _sys_read                                0x00002c41   Thumb Code    72  retarget.o(i._sys_read)
    _sys_seek                                0x00002c9d   Thumb Code    36  retarget.o(i._sys_seek)
    _sys_write                               0x00002cc5   Thumb Code    84  retarget.o(i._sys_write)
    analogin_init                            0x00002d2d   Thumb Code    82  analogin_api.o(i.analogin_init)
    analogin_read                            0x00002d9d   Thumb Code   170  analogin_api.o(i.analogin_read)
    error                                    0x00002e51   Thumb Code    20  error.o(i.error)
    exit                                     0x00002e69   Thumb Code    24  retarget.o(i.exit)
    free                                     0x00002e89   Thumb Code    80  malloc.o(i.free)
    gpio_dir                                 0x00002edd   Thumb Code    62  gpio_api.o(i.gpio_dir)
    gpio_init                                0x00002f39   Thumb Code    96  gpio_api.o(i.gpio_init)
    gpio_init_in                             0x00002fa9   Thumb Code    34  gpio.o(i.gpio_init_in)
    gpio_init_out                            0x00002fcd   Thumb Code    68  gpio.o(i.gpio_init_out)
    gpio_mode                                0x00003019   Thumb Code    14  gpio_api.o(i.gpio_mode)
    malloc                                   0x00003029   Thumb Code    92  malloc.o(i.malloc)
    mbed_assert_internal                     0x00003095   Thumb Code    22  assert.o(i.mbed_assert_internal)
    mbed_die                                 0x000030e5   Thumb Code   396  board.o(i.mbed_die)
    mbed_main                                0x00003279   Thumb Code     2  retarget.o(i.mbed_main)
    mbed_sdk_init                            0x0000327b   Thumb Code     2  retarget.o(i.mbed_sdk_init)
    pin_function                             0x0000327d   Thumb Code    42  pinmap.o(i.pin_function)
    pin_mode                                 0x000032c5   Thumb Code    56  pinmap.o(i.pin_mode)
    pinmap_merge                             0x00003319   Thumb Code    30  pinmap_common.o(i.pinmap_merge)
    pinmap_peripheral                        0x0000334d   Thumb Code    60  pinmap_common.o(i.pinmap_peripheral)
    pinmap_pinout                            0x000033a9   Thumb Code    60  pinmap_common.o(i.pinmap_pinout)
    pwmout_init                              0x000033f9   Thumb Code   152  pwmout_api.o(i.pwmout_init)
    pwmout_period_us                         0x000034ad   Thumb Code   120  pwmout_api.o(i.pwmout_period_us)
    pwmout_write                             0x00003535   Thumb Code    90  pwmout_api.o(i.pwmout_write)
    serial_baud                              0x0000359d   Thumb Code   272  serial_api.o(i.serial_baud)
    serial_format                            0x000036b5   Thumb Code   144  serial_api.o(i.serial_format)
    serial_getc                              0x00003799   Thumb Code    14  serial_api.o(i.serial_getc)
    serial_init                              0x000037a9   Thumb Code   168  serial_api.o(i.serial_init)
    serial_irq_handler                       0x0000387d   Thumb Code    14  serial_api.o(i.serial_irq_handler)
    serial_irq_set                           0x00003891   Thumb Code    78  serial_api.o(i.serial_irq_set)
    serial_putc                              0x000038f1   Thumb Code    14  serial_api.o(i.serial_putc)
    uart0_irq                                0x00003901   Thumb Code    38  serial_api.o(i.uart0_irq)
    us_ticker_clear_interrupt                0x00003931   Thumb Code     8  us_ticker.o(i.us_ticker_clear_interrupt)
    us_ticker_disable_interrupt              0x0000393d   Thumb Code    12  us_ticker.o(i.us_ticker_disable_interrupt)
    us_ticker_init                           0x0000394d   Thumb Code    64  us_ticker.o(i.us_ticker_init)
    us_ticker_insert_event                   0x000039a9   Thumb Code    56  us_ticker_api.o(i.us_ticker_insert_event)
    us_ticker_irq_handler                    0x000039e5   Thumb Code    58  us_ticker_api.o(i.us_ticker_irq_handler)
    us_ticker_read                           0x00003a25   Thumb Code    64  us_ticker.o(i.us_ticker_read)
    us_ticker_remove_event                   0x00003a81   Thumb Code    58  us_ticker_api.o(i.us_ticker_remove_event)
    us_ticker_set_handler                    0x00003ac1   Thumb Code    14  us_ticker_api.o(i.us_ticker_set_handler)
    us_ticker_set_interrupt                  0x00003ad5   Thumb Code    14  us_ticker.o(i.us_ticker_set_interrupt)
    wait                                     0x00003ae9   Thumb Code    32  wait_api.o(i.wait)
    wait_ms                                  0x00003b0d   Thumb Code    28  wait_api.o(i.wait_ms)
    __ctype_categories                       0x0000411c   Data          64  ctype_c.o(.constdata)
    vtable for mbed::FileHandle              0x0000415c   Data          44  retarget.o(.constdata__ZTVN4mbed10FileHandleE)
    vtable for mbed::SerialBase              0x00004188   Data          16  SerialBase.o(.constdata__ZTVN4mbed10SerialBaseE)
    vtable for mbed::TimerEvent              0x00004198   Data          20  TimerEvent.o(.constdata__ZTVN4mbed10TimerEventE)
    vtable for mbed::BusIn                   0x000041ac   Data          16  BusIn.o(.constdata__ZTVN4mbed5BusInE)
    vtable for mbed::BusOut                  0x000041bc   Data          16  BusOut.o(.constdata__ZTVN4mbed6BusOutE)
    vtable for mbed::Serial                  0x000041cc   Data          92  Serial.o(.constdata__ZTVN4mbed6SerialE)
    vtable for mbed::Stream                  0x00004228   Data          68  Stream.o(.constdata__ZTVN4mbed6StreamE)
    vtable for mbed::Ticker                  0x0000426c   Data          20  Ticker.o(.constdata__ZTVN4mbed6TickerE)
    vtable for mbed::FileBase                0x00004280   Data          16  FileBase.o(.constdata__ZTVN4mbed8FileBaseE)
    vtable for mbed::FileLike                0x00004290   Data          60  FileLike.o(.constdata__ZTVN4mbed8FileLikeE)
    Region$$Table$$Base                      0x000042cc   Number         0  anon$$obj.o(Region$$Table)
    Region$$Table$$Limit                     0x000042ec   Number         0  anon$$obj.o(Region$$Table)
    SHT$$INIT_ARRAY$$Base                    0x000042ec   Number         0  main.o(.init_array)
    SHT$$INIT_ARRAY$$Limit                   0x000042f0   Number         0  main.o(.init_array)
    duty                                     0x100000c0   Data           4  main.o(.data)
    dir                                      0x100000c4   Data           4  main.o(.data)
    motor_id                                 0x100000c8   Data           4  main.o(.data)
    analog                                   0x100000d0   Data           6  main.o(.data)
    servo                                    0x100000d6   Data           4  main.o(.data)
    SystemCoreClock                          0x100000e4   Data           4  system_LPC11xx.o(.data)
    stdio_uart_inited                        0x10000104   Data           4  serial_api.o(.data)
    stdio_uart                               0x1000010c   Data           8  serial_api.o(.data)
    us_ticker_inited                         0x10000114   Data           4  us_ticker.o(.data)
    mbed::FileBase::_head                    0x10000118   Data           4  FileBase.o(.data)
    __microlib_freelist                      0x10000134   Data           4  mvars.o(.data)
    __microlib_freelist_initialised          0x10000138   Data           4  mvars.o(.data)
    pc                                       0x1000013c   Data          96  main.o(.bss)
    led                                      0x1000019c   Data          72  main.o(.bss)
    sw                                       0x100001e4   Data          72  main.o(.bss)
    digital                                  0x1000022c   Data          96  main.o(.bss)
    mot_a1                                   0x1000028c   Data          16  main.o(.bss)
    mot_a2                                   0x1000029c   Data          16  main.o(.bss)
    mot_apwm                                 0x100002ac   Data          16  main.o(.bss)
    mot_b1                                   0x100002bc   Data          16  main.o(.bss)
    mot_b2                                   0x100002cc   Data          16  main.o(.bss)
    mot_bpwm                                 0x100002dc   Data          16  main.o(.bss)
    motor_control                            0x100002ec   Data          48  main.o(.bss)
    __stdout                                 0x1000035c   Data          20  stdout_f.o(.bss)
    __stderr                                 0x10000370   Data          20  stderr_f.o(.bss)
    Image$$RW_IRAM1$$ZI$$Limit               0x10000388   Number         0  startup_LPC11xx.o(HEAP)
    __heap_base                              0x10000388   Data           0  startup_LPC11xx.o(HEAP)
    __heap_limit                             0x10000388   Data           0  startup_LPC11xx.o(HEAP)
    __initial_sp                             0x10001000   Number         0  startup_LPC11xx.o ABSOLUTE



==============================================================================

Memory Map of the image

  Image Entry point : 0x00000201

  Load Region LR_IROM1 (Base: 0x00000000, Size: 0x0000436c, Max: 0x00008000, ABSOLUTE)

    Execution Region ER_IROM1 (Base: 0x00000000, Size: 0x000042f0, Max: 0x00008000, ABSOLUTE)

    Base Addr    Size         Type   Attr      Idx    E Section Name        Object

    0x00000000   0x00000200   Data   RO           30    RESET               startup_LPC11xx.o
    0x00000200   0x00000000   Code   RO          611  * .ARM.Collect$$$$00000000  mc_p.l(entry.o)
    0x00000200   0x00000004   Code   RO          827    .ARM.Collect$$$$00000001  mc_p.l(entry2.o)
    0x00000204   0x00000004   Code   RO          830    .ARM.Collect$$$$00000004  mc_p.l(entry5.o)
    0x00000208   0x00000004   Code   RO          613    .ARM.Collect$$$$00000006  mc_p.l(entry6b.o)
    0x0000020c   0x00000000   Code   RO          832    .ARM.Collect$$$$00000008  mc_p.l(entry7b.o)
    0x0000020c   0x00000004   Code   RO          833    .ARM.Collect$$$$00000009  mc_p.l(entry8a.o)
    0x00000210   0x00000000   Code   RO          834    .ARM.Collect$$$$0000000A  mc_p.l(entry8b.o)
    0x00000210   0x00000008   Code   RO          835    .ARM.Collect$$$$0000000B  mc_p.l(entry9a.o)
    0x00000218   0x00000000   Code   RO          837    .ARM.Collect$$$$0000000D  mc_p.l(entry10a.o)
    0x00000218   0x00000000   Code   RO          839    .ARM.Collect$$$$0000000F  mc_p.l(entry11a.o)
    0x00000218   0x00000004   Code   RO          828    .ARM.Collect$$$$00002712  mc_p.l(entry2.o)
    0x0000021c   0x0000001c   Code   RO           32    .text               startup_LPC11xx.o
    0x00000238   0x00000054   Code   RO          629    .text               mc_p.l(fgetc_bpf.o)
    0x0000028c   0x00000020   Code   RO          638    .text               mc_p.l(initio_oe.o)
    0x000002ac   0x0000002a   Code   RO          641    .text               mc_p.l(fputc_fp.o)
    0x000002d6   0x00000026   Code   RO          643    .text               mc_p.l(fflush_fe.o)
    0x000002fc   0x00000004   Code   RO           31    .ARM.__at_0x02FC    startup_LPC11xx.o
    0x00000300   0x000006c8   Code   RO            3    .text               main.o
    0x000009c8   0x0000002c   Code   RO          652    .text               mc_p.l(uidiv.o)
    0x000009f4   0x00000028   Code   RO          653    .text               mc_p.l(idiv.o)
    0x00000a1c   0x00000060   Code   RO          654    .text               mc_p.l(uldiv.o)
    0x00000a7c   0x00000024   Code   RO          656    .text               mc_p.l(memseta.o)
    0x00000aa0   0x0000000e   Code   RO          658    .text               mc_p.l(strlen.o)
    0x00000aae   0x0000001c   Code   RO          659    .text               mc_p.l(strcmp.o)
    0x00000aca   0x0000001e   Code   RO          660    .text               mc_p.l(strncmp.o)
    0x00000ae8   0x0000003c   Code   RO          793    .text               mc_p.l(__0sscanf.o)
    0x00000b24   0x0000014a   Code   RO          794    .text               mc_p.l(_scanf_int.o)
    0x00000c6e   0x00000002   PAD
    0x00000c70   0x00000020   Code   RO          798    .text               mc_p.l(cpp_init.o)
    0x00000c90   0x0000007a   Code   RO          799    .text               mf_p.l(fmul.o)
    0x00000d0a   0x0000000e   Code   RO          801    .text               mf_p.l(ffltui.o)
    0x00000d18   0x00000032   Code   RO          802    .text               mf_p.l(ffixi.o)
    0x00000d4a   0x00000028   Code   RO          803    .text               mf_p.l(ffixui.o)
    0x00000d72   0x00000028   Code   RO          804    .text               mf_p.l(f2d.o)
    0x00000d9a   0x00000008   Code   RO          807    .text               cpprt_p.l(arm_newhandler_noexceptions.o)
    0x00000da2   0x00000020   Code   RO          844    .text               mc_p.l(llshl.o)
    0x00000dc2   0x00000022   Code   RO          845    .text               mc_p.l(llushr.o)
    0x00000de4   0x0000001e   Code   RO          860    .text               mc_p.l(_chval.o)
    0x00000e02   0x00000002   PAD
    0x00000e04   0x0000002c   Code   RO          865    .text               mc_p.l(scanf_char.o)
    0x00000e30   0x00000044   Code   RO          866    .text               mc_p.l(_sgetc.o)
    0x00000e74   0x00000000   Code   RO          868    .text               mc_p.l(iusefp.o)
    0x00000e74   0x00000008   Code   RO          871    .text               mc_p.l(cpp_dtor.o)
    0x00000e7c   0x00000002   Code   RO          873    .text               mc_p.l(cpp_final.o)
    0x00000e7e   0x00000002   PAD
    0x00000e80   0x00000008   Code   RO          874    .text               mc_p.l(cpp_memory.o)
    0x00000e88   0x00000020   Code   RO          877    .text               mc_p.l(cpp_unwinder.o)
    0x00000ea8   0x00000084   Code   RO          879    .text               mf_p.l(fepilogue.o)
    0x00000f2c   0x00000164   Code   RO          880    .text               mf_p.l(dadd.o)
    0x00001090   0x000000d0   Code   RO          881    .text               mf_p.l(dmul.o)
    0x00001160   0x000000f0   Code   RO          882    .text               mf_p.l(ddiv.o)
    0x00001250   0x00000040   Code   RO          883    .text               mf_p.l(dfixul.o)
    0x00001290   0x00000028   Code   RO          884    .text               mf_p.l(cdrcmple.o)
    0x000012b8   0x0000001c   Code   RO          885    .text               cpprt_p.l(arm_exceptions_terminate.o)
    0x000012d4   0x00000024   Code   RO          897    .text               mc_p.l(init.o)
    0x000012f8   0x00000026   Code   RO          898    .text               mc_p.l(llsshr.o)
    0x0000131e   0x0000000e   Code   RO          899    .text               mc_p.l(isspace_c.o)
    0x0000132c   0x00000334   Code   RO          904    .text               mc_p.l(_scanf.o)
    0x00001660   0x000000c0   Code   RO          906    .text               mf_p.l(depilogue.o)
    0x00001720   0x00000054   Code   RO          910    .text               cpprt_p.l(arm_exceptions_globs.o)
    0x00001774   0x00000024   Code   RO          914    .text               mc_p.l(ctype_c.o)
    0x00001798   0x00000042   Code   RO          917    .text               cpprt_p.l(arm_exceptions_mem.o)
    0x000017da   0x00000010   Code   RO           35    i.$Sub$$main        retarget.o
    0x000017ea   0x0000000a   Code   RO          384    i.<Func1>           mbed.ar(SerialBase.o)
    0x000017f4   0x00000048   Code   RO          129    i.NVIC_SetVector    cmsis_nvic.o
    0x0000183c   0x00000060   Code   RO          134    i.SystemInit        system_LPC11xx.o
    0x0000189c   0x0000001c   Code   RO           16    i._ZN4mbed10DigitalOutC1E7PinName  main.o
    0x000018b8   0x00000016   Code   RO           10    i._ZN4mbed10DigitalOutaSEi  main.o
    0x000018ce   0x00000002   PAD
    0x000018d0   0x0000002c   Code   RO           37    i._ZN4mbed10FileHandleD2Ev  retarget.o
    0x000018fc   0x0000000a   Code   RO          385    i._ZN4mbed10SerialBase10_base_getcEv  mbed.ar(SerialBase.o)
    0x00001906   0x0000000e   Code   RO          386    i._ZN4mbed10SerialBase10_base_putcEi  mbed.ar(SerialBase.o)
    0x00001914   0x00000010   Code   RO          388    i._ZN4mbed10SerialBase12_irq_handlerEj9SerialIrq  mbed.ar(SerialBase.o)
    0x00001924   0x00000010   Code   RO          389    i._ZN4mbed10SerialBase4baudEi  mbed.ar(SerialBase.o)
    0x00001934   0x0000002e   Code   RO          390    i._ZN4mbed10SerialBase6attachEPFvvENS0_7IrqTypeE  mbed.ar(SerialBase.o)
    0x00001962   0x00000002   PAD
    0x00001964   0x0000004c   Code   RO          394    i._ZN4mbed10SerialBaseC1E7PinNameS1_  mbed.ar(SerialBase.o)
    0x000019b0   0x00000006   Code   RO          417    i._ZN4mbed10TimerEvent3irqEj  mbed.ar(TimerEvent.o)
    0x000019b6   0x0000000c   Code   RO          418    i._ZN4mbed10TimerEvent6insertEj  mbed.ar(TimerEvent.o)
    0x000019c2   0x0000000a   Code   RO          419    i._ZN4mbed10TimerEvent6removeEv  mbed.ar(TimerEvent.o)
    0x000019cc   0x00000024   Code   RO          420    i._ZN4mbed10TimerEventC2Ev  mbed.ar(TimerEvent.o)
    0x000019f0   0x00000018   Code   RO          422    i._ZN4mbed10TimerEventD2Ev  mbed.ar(TimerEvent.o)
    0x00001a08   0x0000001a   Code   RO          228    i._ZN4mbed15FunctionPointer4callEv  mbed.ar(FunctionPointer.o)
    0x00001a22   0x00000008   Code   RO          229    i._ZN4mbed15FunctionPointer6attachEPFvvE  mbed.ar(FunctionPointer.o)
    0x00001a2a   0x0000000a   Code   RO          230    i._ZN4mbed15FunctionPointerC1EPFvvE  mbed.ar(FunctionPointer.o)
    0x00001a34   0x0000000a   Code   RO           38    i._ZN4mbed26mbed_set_unbuffered_streamEPSt6__FILE  retarget.o
    0x00001a3e   0x00000020   Code   RO          207    i._ZN4mbed5BusIn4modeE7PinMode  mbed.ar(BusIn.o)
    0x00001a5e   0x00000002   PAD
    0x00001a60   0x000000a0   Code   RO          209    i._ZN4mbed5BusInC1E7PinNameS1_S1_S1_S1_S1_S1_S1_S1_S1_S1_S1_S1_S1_S1_S1_  mbed.ar(BusIn.o)
    0x00001b00   0x00000028   Code   RO          212    i._ZN4mbed5BusInD1Ev  mbed.ar(BusIn.o)
    0x00001b28   0x00000044   Code   RO          213    i._ZN4mbed5BusIncviEv  mbed.ar(BusIn.o)
    0x00001b6c   0x00000064   Code   RO          181    i._ZN4mbed6BusOut5writeEi  mbed.ar(BusOut.o)
    0x00001bd0   0x000000a0   Code   RO          182    i._ZN4mbed6BusOutC1E7PinNameS1_S1_S1_S1_S1_S1_S1_S1_S1_S1_S1_S1_S1_S1_S1_  mbed.ar(BusOut.o)
    0x00001c70   0x00000028   Code   RO          185    i._ZN4mbed6BusOutD1Ev  mbed.ar(BusOut.o)
    0x00001c98   0x0000000c   Code   RO          187    i._ZN4mbed6BusOutaSEi  mbed.ar(BusOut.o)
    0x00001ca4   0x00000012   Code   RO           20    i._ZN4mbed6PwmOutC1E7PinName  main.o
    0x00001cb6   0x00000016   Code   RO           12    i._ZN4mbed6PwmOutaSEf  main.o
    0x00001ccc   0x0000002c   Code   RO          297    i._ZN4mbed6SerialC1E7PinNameS1_PKc  mbed.ar(Serial.o)
    0x00001cf8   0x0000000c   Code   RO          308    i._ZN4mbed6SerialD1Ev  mbed.ar(Serial.o)
    0x00001d04   0x00000012   Code   RO          341    i._ZN4mbed6Stream4getcEv  mbed.ar(Stream.o)
    0x00001d16   0x00000026   Code   RO          345    i._ZN4mbed6Stream4readEPvj  mbed.ar(Stream.o)
    0x00001d3c   0x00000004   Code   RO          346    i._ZN4mbed6Stream5closeEv  mbed.ar(Stream.o)
    0x00001d40   0x00000004   Code   RO          347    i._ZN4mbed6Stream5fsyncEv  mbed.ar(Stream.o)
    0x00001d44   0x00000004   Code   RO          348    i._ZN4mbed6Stream5lseekEli  mbed.ar(Stream.o)
    0x00001d48   0x00000026   Code   RO          350    i._ZN4mbed6Stream5writeEPKvj  mbed.ar(Stream.o)
    0x00001d6e   0x00000020   Code   RO          352    i._ZN4mbed6Stream6printfEPKcz  mbed.ar(Stream.o)
    0x00001d8e   0x00000002   PAD
    0x00001d90   0x00000044   Code   RO          353    i._ZN4mbed6StreamC2EPKc  mbed.ar(Stream.o)
    0x00001dd4   0x00000024   Code   RO          355    i._ZN4mbed6StreamD2Ev  mbed.ar(Stream.o)
    0x00001df8   0x0000001c   Code   RO          324    i._ZN4mbed6Ticker5setupEj  mbed.ar(Ticker.o)
    0x00001e14   0x0000001a   Code   RO          326    i._ZN4mbed6Ticker7handlerEv  mbed.ar(Ticker.o)
    0x00001e2e   0x00000002   PAD
    0x00001e30   0x00000024   Code   RO          332    i._ZN4mbed6TickerD1Ev  mbed.ar(Ticker.o)
    0x00001e54   0x00000012   Code   RO           18    i._ZN4mbed8AnalogInC1E7PinName  main.o
    0x00001e66   0x00000004   Code   RO          468    i._ZN4mbed8FileBase11getPathTypeEv  mbed.ar(FileBase.o)
    0x00001e6a   0x00000002   PAD
    0x00001e6c   0x0000003c   Code   RO          470    i._ZN4mbed8FileBase6lookupEPKcj  mbed.ar(FileBase.o)
    0x00001ea8   0x00000024   Code   RO          472    i._ZN4mbed8FileBaseC1EPKcNS_8PathTypeE  mbed.ar(FileBase.o)
    0x00001ecc   0x00000034   Code   RO          474    i._ZN4mbed8FileBaseD1Ev  mbed.ar(FileBase.o)
    0x00001f00   0x00000024   Code   RO          489    i._ZN4mbed8FileLikeC2EPKc  mbed.ar(FileLike.o)
    0x00001f24   0x00000010   Code   RO          491    i._ZN4mbed8FileLikeD2Ev  mbed.ar(FileLike.o)
    0x00001f34   0x0000001a   Code   RO          236    i._ZN4mbed8FilePath10fileSystemEv  mbed.ar(FilePath.o)
    0x00001f4e   0x00000020   Code   RO          238    i._ZN4mbed8FilePath4fileEv  mbed.ar(FilePath.o)
    0x00001f6e   0x0000000a   Code   RO          239    i._ZN4mbed8FilePath6existsEv  mbed.ar(FilePath.o)
    0x00001f78   0x00000018   Code   RO          240    i._ZN4mbed8FilePath6isFileEv  mbed.ar(FilePath.o)
    0x00001f90   0x00000004   Code   RO          241    i._ZN4mbed8FilePath8fileNameEv  mbed.ar(FilePath.o)
    0x00001f94   0x00000044   Code   RO          242    i._ZN4mbed8FilePathC1EPKc  mbed.ar(FilePath.o)
    0x00001fd8   0x0000001c   Code   RO           14    i._ZN4mbed9DigitalInC1E7PinName  main.o
    0x00001ff4   0x00000008   Code   RO           39    i._ZN4mbed9mbed_getcEPSt6__FILE  retarget.o
    0x00001ffc   0x0000000a   Code   RO          298    i._ZThn72_N4mbed6Serial5_getcEv  mbed.ar(Serial.o)
    0x00002006   0x0000000a   Code   RO          299    i._ZThn72_N4mbed6Serial5_putcEi  mbed.ar(Serial.o)
    0x00002010   0x00000008   Code   RO          520    i._ZdlPv            cpprt_p.l(delete.o)
    0x00002018   0x00000028   Code   RO          522    i._Znwj             cpprt_p.l(new.o)
    0x00002040   0x0000001c   Code   RO          777    i.__0fprintf        mc_p.l(printfa.o)
    0x0000205c   0x00000028   Code   RO          780    i.__0sprintf        mc_p.l(printfa.o)
    0x00002084   0x00000018   Code   RO          781    i.__0vfprintf       mc_p.l(printfa.o)
    0x0000209c   0x0000002e   Code   RO          907    i.__ARM_clz         mf_p.l(depilogue.o)
    0x000020ca   0x00000032   Code   RO          158    i.__ARM_common_ll_muluu  mbed.ar(pwmout_api.o)
    0x000020fc   0x0000001c   Code   RO           26    i.__ARM_common_switch8  main.o
    0x00002118   0x0000002c   Code   RO          527    i.__aeabi_atexit    cpprt_p.l(aeabi_atexit.o)
    0x00002144   0x00000020   Code   RO          529    i.__aeabi_vec_ctor_nocookie_nodtor  cpprt_p.l(aeabi_vec_ctor_nocookie_nodtor.o)
    0x00002164   0x00000042   Code   RO          817    i.__cxa_finalize    cpprt_p.l(cxa_finalize.o)
    0x000021a6   0x0000000a   Code   RO          525    i.__cxa_pure_virtual  cpprt_p.l(pure_virt.o)
    0x000021b0   0x0000000e   Code   RO          920    i.__scatterload_copy  mc_p.l(handlers.o)
    0x000021be   0x00000002   Code   RO          921    i.__scatterload_null  mc_p.l(handlers.o)
    0x000021c0   0x0000000e   Code   RO          922    i.__scatterload_zeroinit  mc_p.l(handlers.o)
    0x000021ce   0x0000000a   Code   RO          636    i._fclose$full      mc_p.l(fclose_f.o)
    0x000021d8   0x00000026   Code   RO          634    i._fopen$full       mc_p.l(fopen_f.o)
    0x000021fe   0x00000002   PAD
    0x00002200   0x00000158   Code   RO          785    i._fp_digits        mc_p.l(printfa.o)
    0x00002358   0x00000060   Code   RO          635    i._freopen$full     mc_p.l(fopen_f.o)
    0x000023b8   0x000006f8   Code   RO          786    i._printf_core      mc_p.l(printfa.o)
    0x00002ab0   0x00000020   Code   RO          787    i._printf_post_padding  mc_p.l(printfa.o)
    0x00002ad0   0x0000002c   Code   RO          788    i._printf_pre_padding  mc_p.l(printfa.o)
    0x00002afc   0x0000000a   Code   RO          790    i._sputc            mc_p.l(printfa.o)
    0x00002b06   0x00000002   PAD
    0x00002b08   0x0000002c   Code   RO           41    i._sys_close        retarget.o
    0x00002b34   0x00000028   Code   RO           43    i._sys_ensure       retarget.o
    0x00002b5c   0x000000e4   Code   RO           46    i._sys_open         retarget.o
    0x00002c40   0x0000005c   Code   RO           47    i._sys_read         retarget.o
    0x00002c9c   0x00000028   Code   RO           48    i._sys_seek         retarget.o
    0x00002cc4   0x00000068   Code   RO           49    i._sys_write        retarget.o
    0x00002d2c   0x00000070   Code   RO          140    i.analogin_init     mbed.ar(analogin_api.o)
    0x00002d9c   0x000000b4   Code   RO          141    i.analogin_read     mbed.ar(analogin_api.o)
    0x00002e50   0x00000018   Code   RO          519    i.error             mbed.ar(error.o)
    0x00002e68   0x00000020   Code   RO           51    i.exit              retarget.o
    0x00002e88   0x00000054   Code   RO          846    i.free              mc_p.l(malloc.o)
    0x00002edc   0x0000005c   Code   RO          447    i.gpio_dir          mbed.ar(gpio_api.o)
    0x00002f38   0x00000070   Code   RO          448    i.gpio_init         mbed.ar(gpio_api.o)
    0x00002fa8   0x00000022   Code   RO          436    i.gpio_init_in      mbed.ar(gpio.o)
    0x00002fca   0x00000002   PAD
    0x00002fcc   0x0000004c   Code   RO          439    i.gpio_init_out     mbed.ar(gpio.o)
    0x00003018   0x0000000e   Code   RO          449    i.gpio_mode         mbed.ar(gpio_api.o)
    0x00003026   0x00000002   PAD
    0x00003028   0x0000006c   Code   RO          847    i.malloc            mc_p.l(malloc.o)
    0x00003094   0x00000050   Code   RO          414    i.mbed_assert_internal  mbed.ar(assert.o)
    0x000030e4   0x00000194   Code   RO          124    i.mbed_die          board.o
    0x00003278   0x00000002   Code   RO           52    i.mbed_main         retarget.o
    0x0000327a   0x00000002   Code   RO           53    i.mbed_sdk_init     retarget.o
    0x0000327c   0x00000048   Code   RO          455    i.pin_function      mbed.ar(pinmap.o)
    0x000032c4   0x00000054   Code   RO          456    i.pin_mode          mbed.ar(pinmap.o)
    0x00003318   0x00000034   Code   RO          506    i.pinmap_merge      mbed.ar(pinmap_common.o)
    0x0000334c   0x0000005c   Code   RO          507    i.pinmap_peripheral  mbed.ar(pinmap_common.o)
    0x000033a8   0x00000050   Code   RO          508    i.pinmap_pinout     mbed.ar(pinmap_common.o)
    0x000033f8   0x000000b4   Code   RO          147    i.pwmout_init       mbed.ar(pwmout_api.o)
    0x000034ac   0x00000088   Code   RO          150    i.pwmout_period_us  mbed.ar(pwmout_api.o)
    0x00003534   0x00000068   Code   RO          155    i.pwmout_write      mbed.ar(pwmout_api.o)
    0x0000359c   0x00000118   Code   RO          161    i.serial_baud       mbed.ar(serial_api.o)
    0x000036b4   0x000000e4   Code   RO          165    i.serial_format     mbed.ar(serial_api.o)
    0x00003798   0x0000000e   Code   RO          167    i.serial_getc       mbed.ar(serial_api.o)
    0x000037a6   0x00000002   PAD
    0x000037a8   0x000000d4   Code   RO          168    i.serial_init       mbed.ar(serial_api.o)
    0x0000387c   0x00000014   Code   RO          169    i.serial_irq_handler  mbed.ar(serial_api.o)
    0x00003890   0x00000060   Code   RO          170    i.serial_irq_set    mbed.ar(serial_api.o)
    0x000038f0   0x0000000e   Code   RO          172    i.serial_putc       mbed.ar(serial_api.o)
    0x000038fe   0x00000002   PAD
    0x00003900   0x00000030   Code   RO          175    i.uart0_irq         mbed.ar(serial_api.o)
    0x00003930   0x0000000c   Code   RO          460    i.us_ticker_clear_interrupt  mbed.ar(us_ticker.o)
    0x0000393c   0x00000010   Code   RO          461    i.us_ticker_disable_interrupt  mbed.ar(us_ticker.o)
    0x0000394c   0x0000005c   Code   RO          462    i.us_ticker_init    mbed.ar(us_ticker.o)
    0x000039a8   0x0000003c   Code   RO          512    i.us_ticker_insert_event  mbed.ar(us_ticker_api.o)
    0x000039e4   0x00000040   Code   RO          513    i.us_ticker_irq_handler  mbed.ar(us_ticker_api.o)
    0x00003a24   0x0000005c   Code   RO          463    i.us_ticker_read    mbed.ar(us_ticker.o)
    0x00003a80   0x00000040   Code   RO          514    i.us_ticker_remove_event  mbed.ar(us_ticker_api.o)
    0x00003ac0   0x00000014   Code   RO          515    i.us_ticker_set_handler  mbed.ar(us_ticker_api.o)
    0x00003ad4   0x00000014   Code   RO          464    i.us_ticker_set_interrupt  mbed.ar(us_ticker.o)
    0x00003ae8   0x00000024   Code   RO          442    i.wait              mbed.ar(wait_api.o)
    0x00003b0c   0x0000001c   Code   RO          443    i.wait_ms           mbed.ar(wait_api.o)
    0x00003b28   0x00000042   Data   RO            6    .constdata          main.o
    0x00003b6a   0x00000002   PAD
    0x00003b6c   0x00000086   Data   RO          125    .constdata          board.o
    0x00003bf2   0x00000002   PAD
    0x00003bf4   0x00000060   Data   RO          143    .constdata          mbed.ar(analogin_api.o)
    0x00003c54   0x00000048   Data   RO          156    .constdata          mbed.ar(pwmout_api.o)
    0x00003c9c   0x0000016c   Data   RO          176    .constdata          mbed.ar(serial_api.o)
    0x00003e08   0x000000d0   Data   RO          200    .constdata          mbed.ar(BusOut.o)
    0x00003ed8   0x000000d0   Data   RO          223    .constdata          mbed.ar(BusIn.o)
    0x00003fa8   0x00000086   Data   RO          441    .constdata          mbed.ar(gpio.o)
    0x0000402e   0x00000002   PAD
    0x00004030   0x00000080   Data   RO          452    .constdata          mbed.ar(gpio_api.o)
    0x000040b0   0x0000006c   Data   RO          457    .constdata          mbed.ar(pinmap.o)
    0x0000411c   0x00000040   Data   RO          915    .constdata          mc_p.l(ctype_c.o)
    0x0000415c   0x0000002c   Data   RO          116    .constdata__ZTVN4mbed10FileHandleE  retarget.o
    0x00004188   0x00000010   Data   RO          407    .constdata__ZTVN4mbed10SerialBaseE  mbed.ar(SerialBase.o)
    0x00004198   0x00000014   Data   RO          431    .constdata__ZTVN4mbed10TimerEventE  mbed.ar(TimerEvent.o)
    0x000041ac   0x00000010   Data   RO          225    .constdata__ZTVN4mbed5BusInE  mbed.ar(BusIn.o)
    0x000041bc   0x00000010   Data   RO          202    .constdata__ZTVN4mbed6BusOutE  mbed.ar(BusOut.o)
    0x000041cc   0x0000005c   Data   RO          306    .constdata__ZTVN4mbed6SerialE  mbed.ar(Serial.o)
    0x00004228   0x00000044   Data   RO          379    .constdata__ZTVN4mbed6StreamE  mbed.ar(Stream.o)
    0x0000426c   0x00000014   Data   RO          331    .constdata__ZTVN4mbed6TickerE  mbed.ar(Ticker.o)
    0x00004280   0x00000010   Data   RO          484    .constdata__ZTVN4mbed8FileBaseE  mbed.ar(FileBase.o)
    0x00004290   0x0000003c   Data   RO          500    .constdata__ZTVN4mbed8FileLikeE  mbed.ar(FileLike.o)
    0x000042cc   0x00000020   Data   RO          919    Region$$Table       anon$$obj.o
    0x000042ec   0x00000004   Data   RO            8    .init_array         main.o


    Execution Region RW_IRAM1 (Base: 0x100000c0, Size: 0x000002c8, Max: 0x00000f40, ABSOLUTE)

    Base Addr    Size         Type   Attr      Idx    E Section Name        Object

    0x100000c0   0x0000001a   Data   RW            7    .data               main.o
    0x100000da   0x00000002   PAD
    0x100000dc   0x00000004   Data   RW           97    .data               retarget.o
    0x100000e0   0x00000004   Data   RW          130    .data               cmsis_nvic.o
    0x100000e4   0x00000004   Data   RW          135    .data               system_LPC11xx.o
    0x100000e8   0x00000018   Data   RW          157    .data               mbed.ar(pwmout_api.o)
    0x10000100   0x00000014   Data   RW          177    .data               mbed.ar(serial_api.o)
    0x10000114   0x00000004   Data   RW          465    .data               mbed.ar(us_ticker.o)
    0x10000118   0x00000004   Data   RW          482    .data               mbed.ar(FileBase.o)
    0x1000011c   0x00000008   Data   RW          516    .data               mbed.ar(us_ticker_api.o)
    0x10000124   0x00000004   Data   RW          872    .data               mc_p.l(cpp_dtor.o)
    0x10000128   0x00000004   Data   RW          875    .data               mc_p.l(cpp_memory.o)
    0x1000012c   0x00000008   Data   RW          878    .data               mc_p.l(cpp_unwinder.o)
    0x10000134   0x00000004   Data   RW          902    .data               mc_p.l(mvars.o)
    0x10000138   0x00000004   Data   RW          903    .data               mc_p.l(mvars.o)
    0x1000013c   0x000001e0   Zero   RW            5    .bss                main.o
    0x1000031c   0x00000040   Zero   RW           93    .bss                retarget.o
    0x1000035c   0x00000014   Zero   RW          650    .bss                mc_p.l(stdout_f.o)
    0x10000370   0x00000014   Zero   RW          651    .bss                mc_p.l(stderr_f.o)
    0x10000384   0x00000004   PAD
    0x10000388   0x00000000   Zero   RW           29    HEAP                startup_LPC11xx.o


==============================================================================

Image component sizes


      Code (inc. data)   RO Data    RW Data    ZI Data      Debug   Object Name

       404          8        134          0          0          0   board.o
        72         10          0          4          0          0   cmsis_nvic.o
      1900        372         70         26        480          0   main.o
       662         92         44          4         64          0   retarget.o
        32         12        512          0          0          0   startup_LPC11xx.o
        96         18          0          4          0          0   system_LPC11xx.o

    ----------------------------------------------------------------------
      3168        512        796         40        544          0   Object Totals
         0          0         32          0          0          0   (incl. Generated)
         2          0          4          2          0          0   (incl. Padding)

    ----------------------------------------------------------------------

      Code (inc. data)   RO Data    RW Data    ZI Data      Debug   Library Member Name

        44          0          0          0          0          0   aeabi_atexit.o
        32          0          0          0          0          0   aeabi_vec_ctor_nocookie_nodtor.o
        84         12          0          0          0          0   arm_exceptions_globs.o
        66          0          0          0          0          0   arm_exceptions_mem.o
        28          0          0          0          0          0   arm_exceptions_terminate.o
         8          0          0          0          0          0   arm_newhandler_noexceptions.o
        66          0          0          0          0          0   cxa_finalize.o
         8          0          0          0          0          0   delete.o
        40          4          0          0          0          0   new.o
        10          0          0          0          0          0   pure_virt.o
       300         20        224          0          0          0   BusIn.o
       312         22        224          0          0          0   BusOut.o
       152         22         16          4          0          0   FileBase.o
        52         12         60          0          0          0   FileLike.o
       164          0          0          0          0          0   FilePath.o
        44          0          0          0          0          0   FunctionPointer.o
        76         12         92          0          0          0   Serial.o
       188         14         16          0          0          0   SerialBase.o
       242         26         68          0          0          0   Stream.o
        90          4         20          0          0          0   Ticker.o
        88         16         20          0          0          0   TimerEvent.o
       292         40         96          0          0          0   analogin_api.o
        80         58          0          0          0          0   assert.o
        24          4          0          0          0          0   error.o
       110          8        134          0          0          0   gpio.o
       218         46        128          0          0          0   gpio_api.o
       156         58        108          0          0          0   pinmap.o
       224         74          0          0          0          0   pinmap_common.o
       470         58         72         24          0          0   pwmout_api.o
       912        176        364         20          0          0   serial_api.o
       232         70          0          4          0          0   us_ticker.o
       208         22          0          8          0          0   us_ticker_api.o
        64          4          0          0          0          0   wait_api.o
        60         10          0          0          0          0   __0sscanf.o
        30          0          0          0          0          0   _chval.o
       820         14          0          0          0          0   _scanf.o
       330          0          0          0          0          0   _scanf_int.o
        68          0          0          0          0          0   _sgetc.o
         8          4          0          4          0          0   cpp_dtor.o
         2          0          0          0          0          0   cpp_final.o
        32         10          0          0          0          0   cpp_init.o
         8          4          0          4          0          0   cpp_memory.o
        32          6          0          8          0          0   cpp_unwinder.o
        36          4         64          0          0          0   ctype_c.o
         0          0          0          0          0          0   entry.o
         0          0          0          0          0          0   entry10a.o
         0          0          0          0          0          0   entry11a.o
         8          4          0          0          0          0   entry2.o
         4          0          0          0          0          0   entry5.o
         4          0          0          0          0          0   entry6b.o
         0          0          0          0          0          0   entry7b.o
         4          0          0          0          0          0   entry8a.o
         0          0          0          0          0          0   entry8b.o
         8          4          0          0          0          0   entry9a.o
        10          0          0          0          0          0   fclose_f.o
        38          0          0          0          0          0   fflush_fe.o
        84          0          0          0          0          0   fgetc_bpf.o
       134          0          0          0          0          0   fopen_f.o
        42          0          0          0          0          0   fputc_fp.o
        30          0          0          0          0          0   handlers.o
        40          0          0          0          0          0   idiv.o
        36          8          0          0          0          0   init.o
        32         12          0          0          0          0   initio_oe.o
        14          0          0          0          0          0   isspace_c.o
         0          0          0          0          0          0   iusefp.o
        32          0          0          0          0          0   llshl.o
        38          0          0          0          0          0   llsshr.o
        34          0          0          0          0          0   llushr.o
       192         20          0          0          0          0   malloc.o
        36          0          0          0          0          0   memseta.o
         0          0          0          8          0          0   mvars.o
      2306        106          0          0          0          0   printfa.o
        44          8          0          0          0          0   scanf_char.o
         0          0          0          0         20          0   stderr_f.o
         0          0          0          0         20          0   stdout_f.o
        28          0          0          0          0          0   strcmp.o
        14          0          0          0          0          0   strlen.o
        30          0          0          0          0          0   strncmp.o
        44          0          0          0          0          0   uidiv.o
        96          0          0          0          0          0   uldiv.o
        40          2          0          0          0          0   cdrcmple.o
       356          6          0          0          0          0   dadd.o
       240          6          0          0          0          0   ddiv.o
       238          0          0          0          0          0   depilogue.o
        64         10          0          0          0          0   dfixul.o
       208          6          0          0          0          0   dmul.o
        40          0          0          0          0          0   f2d.o
       132          0          0          0          0          0   fepilogue.o
        50          0          0          0          0          0   ffixi.o
        40          0          0          0          0          0   ffixui.o
        14          0          0          0          0          0   ffltui.o
       122          0          0          0          0          0   fmul.o

    ----------------------------------------------------------------------
     11464       1026       1708         84         44          0   Library Totals
        28          0          2          0          4          0   (incl. Padding)

    ----------------------------------------------------------------------

      Code (inc. data)   RO Data    RW Data    ZI Data      Debug   Library Name

       386         16          0          0          0          0   cpprt_p.l
      4698        766       1642         60          0          0   mbed.ar
      4808        214         64         24         40          0   mc_p.l
      1544         30          0          0          0          0   mf_p.l

    ----------------------------------------------------------------------
     11464       1026       1708         84         44          0   Library Totals

    ----------------------------------------------------------------------

==============================================================================


      Code (inc. data)   RO Data    RW Data    ZI Data      Debug   

     14632       1538       2504        124        588          0   Grand Totals
     14632       1538       2504        124        588          0   ELF Image Totals
     14632       1538       2504        124          0          0   ROM Totals

==============================================================================

    Total RO  Size (Code + RO Data)                17136 (  16.73kB)
    Total RW  Size (RW Data + ZI Data)               712 (   0.70kB)
    Total ROM Size (Code + RO Data + RW Data)      17260 (  16.86kB)

==============================================================================

