<html>
<body>
<pre>
<h1>µVision Build Log</h1>
<h2>Project:</h2>
D:\desktop\mbed_project\mbed_project\mbed_project.uvproj
Project File Date:  06/09/2015

<h2>Output:</h2>
*** Note: Rebuilding project, since 'Options->Output->Create Batch File' is selected.
Rebuild target 'mbed NXP LPC1114'
compiling main.cpp...
linking...
Program Size: Code=11796 RO-data=1796 RW-data=72 ZI-data=272  
FromELF: creating hex file...
After Build - User command #1: fromelf --bin -o mbed_project_LPC1114.bin build\mbed_project.axf
".\build\mbed_project.axf" - 0 Error(s), 0 Warning(s).
"auto_write.bat" 
</pre>
</body>
</html>
