<!doctype html public "-//w3c//dtd html 4.0 transitional//en">
<html><head>
<title>Static Call Graph - [.\build\mbed_project.axf]</title></head>
<body><HR>
<H1>Static Call Graph for image .\build\mbed_project.axf</H1><HR>
<BR><P>#&#060CALLGRAPH&#062# ARM Linker, 5.03 [Build 76]: Last Updated: Thu Jun 11 02:43:38 2015
<BR><P>
<H3>Maximum Stack Usage =          0 bytes + Unknown(Cycles, Untraceable Function Pointers)</H3><H3>
Call chain for Maximum Stack Depth:</H3>

<P>
<H3>
Mutually Recursive functions
</H3> <LI><a href="#[7]">HardFault_Handler</a>&nbsp;&nbsp;&nbsp;&rArr;&nbsp;&nbsp;&nbsp;<a href="#[7]">HardFault_Handler</a><BR>
 <LI><a href="#[8]">SVC_Handler</a>&nbsp;&nbsp;&nbsp;&rArr;&nbsp;&nbsp;&nbsp;<a href="#[8]">SVC_Handler</a><BR>
 <LI><a href="#[9]">PendSV_Handler</a>&nbsp;&nbsp;&nbsp;&rArr;&nbsp;&nbsp;&nbsp;<a href="#[9]">PendSV_Handler</a><BR>
 <LI><a href="#[a]">SysTick_Handler</a>&nbsp;&nbsp;&nbsp;&rArr;&nbsp;&nbsp;&nbsp;<a href="#[a]">SysTick_Handler</a><BR>
 <LI><a href="#[21]">Reserved_IRQHandler</a>&nbsp;&nbsp;&nbsp;&rArr;&nbsp;&nbsp;&nbsp;<a href="#[21]">Reserved_IRQHandler</a><BR>
 <LI><a href="#[22]">ADC_IRQHandler</a>&nbsp;&nbsp;&nbsp;&rArr;&nbsp;&nbsp;&nbsp;<a href="#[22]">ADC_IRQHandler</a><BR>
 <LI><a href="#[bc]">mbed_assert_internal</a>&nbsp;&nbsp;&nbsp;&rArr;&nbsp;&nbsp;&nbsp;<a href="#[ba]">mbed_die</a><BR>
</UL>
<P>
<H3>
Function Pointers
</H3><UL>
 <LI><a href="#[33]">&lang;Func1&rang;</a> from SerialBase.o(i.<Func1>) referenced from SerialBase.o(i._ZN4mbed10SerialBaseC1E7PinNameS1_)
 <LI><a href="#[22]">ADC_IRQHandler</a> from startup_LPC11xx.o(.text) referenced from startup_LPC11xx.o(RESET)
 <LI><a href="#[24]">BOD_IRQHandler</a> from startup_LPC11xx.o(.text) referenced from startup_LPC11xx.o(RESET)
 <LI><a href="#[18]">C_CAN_IRQHandler</a> from startup_LPC11xx.o(.text) referenced from startup_LPC11xx.o(RESET)
 <LI><a href="#[7]">HardFault_Handler</a> from startup_LPC11xx.o(.text) referenced from startup_LPC11xx.o(RESET)
 <LI><a href="#[1a]">I2C_IRQHandler</a> from startup_LPC11xx.o(.text) referenced from startup_LPC11xx.o(RESET)
 <LI><a href="#[6]">NMI_Handler</a> from startup_LPC11xx.o(.text) referenced from startup_LPC11xx.o(RESET)
 <LI><a href="#[28]">PIO_0_IRQHandler</a> from startup_LPC11xx.o(.text) referenced from startup_LPC11xx.o(RESET)
 <LI><a href="#[27]">PIO_1_IRQHandler</a> from startup_LPC11xx.o(.text) referenced from startup_LPC11xx.o(RESET)
 <LI><a href="#[26]">PIO_2_IRQHandler</a> from startup_LPC11xx.o(.text) referenced from startup_LPC11xx.o(RESET)
 <LI><a href="#[25]">PIO_3_IRQHandler</a> from startup_LPC11xx.o(.text) referenced from startup_LPC11xx.o(RESET)
 <LI><a href="#[9]">PendSV_Handler</a> from startup_LPC11xx.o(.text) referenced from startup_LPC11xx.o(RESET)
 <LI><a href="#[21]">Reserved_IRQHandler</a> from startup_LPC11xx.o(.text) referenced 3 times from startup_LPC11xx.o(RESET)
 <LI><a href="#[5]">Reset_Handler</a> from startup_LPC11xx.o(.text) referenced from startup_LPC11xx.o(RESET)
 <LI><a href="#[b]">SLWU_INT0_IRQHandler</a> from startup_LPC11xx.o(.text) referenced from startup_LPC11xx.o(RESET)
 <LI><a href="#[15]">SLWU_INT10_IRQHandler</a> from startup_LPC11xx.o(.text) referenced from startup_LPC11xx.o(RESET)
 <LI><a href="#[16]">SLWU_INT11_IRQHandler</a> from startup_LPC11xx.o(.text) referenced from startup_LPC11xx.o(RESET)
 <LI><a href="#[17]">SLWU_INT12_IRQHandler</a> from startup_LPC11xx.o(.text) referenced from startup_LPC11xx.o(RESET)
 <LI><a href="#[c]">SLWU_INT1_IRQHandler</a> from startup_LPC11xx.o(.text) referenced from startup_LPC11xx.o(RESET)
 <LI><a href="#[d]">SLWU_INT2_IRQHandler</a> from startup_LPC11xx.o(.text) referenced from startup_LPC11xx.o(RESET)
 <LI><a href="#[e]">SLWU_INT3_IRQHandler</a> from startup_LPC11xx.o(.text) referenced from startup_LPC11xx.o(RESET)
 <LI><a href="#[f]">SLWU_INT4_IRQHandler</a> from startup_LPC11xx.o(.text) referenced from startup_LPC11xx.o(RESET)
 <LI><a href="#[10]">SLWU_INT5_IRQHandler</a> from startup_LPC11xx.o(.text) referenced from startup_LPC11xx.o(RESET)
 <LI><a href="#[11]">SLWU_INT6_IRQHandler</a> from startup_LPC11xx.o(.text) referenced from startup_LPC11xx.o(RESET)
 <LI><a href="#[12]">SLWU_INT7_IRQHandler</a> from startup_LPC11xx.o(.text) referenced from startup_LPC11xx.o(RESET)
 <LI><a href="#[13]">SLWU_INT8_IRQHandler</a> from startup_LPC11xx.o(.text) referenced from startup_LPC11xx.o(RESET)
 <LI><a href="#[14]">SLWU_INT9_IRQHandler</a> from startup_LPC11xx.o(.text) referenced from startup_LPC11xx.o(RESET)
 <LI><a href="#[1f]">SSP0_IRQHandler</a> from startup_LPC11xx.o(.text) referenced from startup_LPC11xx.o(RESET)
 <LI><a href="#[19]">SSP1_IRQHandler</a> from startup_LPC11xx.o(.text) referenced from startup_LPC11xx.o(RESET)
 <LI><a href="#[8]">SVC_Handler</a> from startup_LPC11xx.o(.text) referenced from startup_LPC11xx.o(RESET)
 <LI><a href="#[a]">SysTick_Handler</a> from startup_LPC11xx.o(.text) referenced from startup_LPC11xx.o(RESET)
 <LI><a href="#[2a]">SystemInit</a> from system_LPC11xx.o(i.SystemInit) referenced from startup_LPC11xx.o(.text)
 <LI><a href="#[1b]">TIMER16_0_IRQHandler</a> from startup_LPC11xx.o(.text) referenced from startup_LPC11xx.o(RESET)
 <LI><a href="#[1c]">TIMER16_1_IRQHandler</a> from startup_LPC11xx.o(.text) referenced from startup_LPC11xx.o(RESET)
 <LI><a href="#[1d]">TIMER32_0_IRQHandler</a> from startup_LPC11xx.o(.text) referenced from startup_LPC11xx.o(RESET)
 <LI><a href="#[1e]">TIMER32_1_IRQHandler</a> from startup_LPC11xx.o(.text) referenced from startup_LPC11xx.o(RESET)
 <LI><a href="#[20]">UART_IRQHandler</a> from startup_LPC11xx.o(.text) referenced from startup_LPC11xx.o(RESET)
 <LI><a href="#[23]">WDT_IRQHandler</a> from startup_LPC11xx.o(.text) referenced from startup_LPC11xx.o(RESET)
 <LI><a href="#[35]">__default_new_handler()</a> from arm_newhandler_noexceptions.o(.text) referenced from new.o(i._Znwj)
 <LI><a href="#[32]">__default_terminate_handler()</a> from arm_exceptions_globs.o(.text) referenced from arm_exceptions_globs.o(.text)
 <LI><a href="#[3a]">mbed::FileHandle::~FileHandle__sub_object()</a> from retarget.o(i._ZN4mbed10FileHandleD2Ev) referenced from retarget.o(.constdata__ZTVN4mbed10FileHandleE)
 <LI><a href="#[34]">mbed::SerialBase::_irq_handler(unsigned, SerialIrq)</a> from SerialBase.o(i._ZN4mbed10SerialBase12_irq_handlerEj9SerialIrq) referenced from SerialBase.o(i._ZN4mbed10SerialBaseC1E7PinNameS1_)
 <LI><a href="#[2d]">mbed::BusOut::~BusOut()</a> from BusOut.o(i._ZN4mbed6BusOutD1Ev) referenced from BusOut.o(.constdata__ZTVN4mbed6BusOutE)
 <LI><a href="#[2d]">mbed::BusOut::~BusOut()</a> from BusOut.o(i._ZN4mbed6BusOutD1Ev) referenced from main.o(.text)
 <LI><a href="#[2c]">mbed::Serial::~Serial()</a> from Serial.o(i._ZN4mbed6SerialD1Ev) referenced from Serial.o(.constdata__ZTVN4mbed6SerialE)
 <LI><a href="#[2c]">mbed::Serial::~Serial()</a> from Serial.o(i._ZN4mbed6SerialD1Ev) referenced from main.o(.text)
 <LI><a href="#[3d]">mbed::Stream::read(void*, unsigned)</a> from Stream.o(i._ZN4mbed6Stream4readEPvj) referenced from Serial.o(.constdata__ZTVN4mbed6SerialE)
 <LI><a href="#[3d]">mbed::Stream::read(void*, unsigned)</a> from Stream.o(i._ZN4mbed6Stream4readEPvj) referenced from Stream.o(.constdata__ZTVN4mbed6StreamE)
 <LI><a href="#[3c]">mbed::Stream::close()</a> from Stream.o(i._ZN4mbed6Stream5closeEv) referenced from Serial.o(.constdata__ZTVN4mbed6SerialE)
 <LI><a href="#[3c]">mbed::Stream::close()</a> from Stream.o(i._ZN4mbed6Stream5closeEv) referenced from Stream.o(.constdata__ZTVN4mbed6StreamE)
 <LI><a href="#[3f]">mbed::Stream::fsync()</a> from Stream.o(i._ZN4mbed6Stream5fsyncEv) referenced from Serial.o(.constdata__ZTVN4mbed6SerialE)
 <LI><a href="#[3f]">mbed::Stream::fsync()</a> from Stream.o(i._ZN4mbed6Stream5fsyncEv) referenced from Stream.o(.constdata__ZTVN4mbed6StreamE)
 <LI><a href="#[3e]">mbed::Stream::lseek(long, int)</a> from Stream.o(i._ZN4mbed6Stream5lseekEli) referenced from Serial.o(.constdata__ZTVN4mbed6SerialE)
 <LI><a href="#[3e]">mbed::Stream::lseek(long, int)</a> from Stream.o(i._ZN4mbed6Stream5lseekEli) referenced from Stream.o(.constdata__ZTVN4mbed6StreamE)
 <LI><a href="#[3b]">mbed::Stream::write(const void*, unsigned)</a> from Stream.o(i._ZN4mbed6Stream5writeEPKvj) referenced from Serial.o(.constdata__ZTVN4mbed6SerialE)
 <LI><a href="#[3b]">mbed::Stream::write(const void*, unsigned)</a> from Stream.o(i._ZN4mbed6Stream5writeEPKvj) referenced from Stream.o(.constdata__ZTVN4mbed6StreamE)
 <LI><a href="#[42]">mbed::Stream::~Stream__sub_object()</a> from Stream.o(i._ZN4mbed6StreamD2Ev) referenced from Stream.o(.constdata__ZTVN4mbed6StreamE)
 <LI><a href="#[43]">mbed::FileBase::~FileBase()</a> from FileBase.o(i._ZN4mbed8FileBaseD1Ev) referenced from FileBase.o(.constdata__ZTVN4mbed8FileBaseE)
 <LI><a href="#[44]">mbed::FileLike::~FileLike__sub_object()</a> from FileLike.o(i._ZN4mbed8FileLikeD2Ev) referenced from FileLike.o(.constdata__ZTVN4mbed8FileLikeE)
 <LI><a href="#[41]">thunk{-72} to mbed::Serial::_getc()</a> from Serial.o(i._ZThn72_N4mbed6Serial5_getcEv) referenced from Serial.o(.constdata__ZTVN4mbed6SerialE)
 <LI><a href="#[40]">thunk{-72} to mbed::Serial::_putc(int)</a> from Serial.o(i._ZThn72_N4mbed6Serial5_putcEi) referenced from Serial.o(.constdata__ZTVN4mbed6SerialE)
 <LI><a href="#[39]">__cxa_pure_virtual</a> from pure_virt.o(i.__cxa_pure_virtual) referenced 6 times from retarget.o(.constdata__ZTVN4mbed10FileHandleE)
 <LI><a href="#[39]">__cxa_pure_virtual</a> from pure_virt.o(i.__cxa_pure_virtual) referenced 2 times from Stream.o(.constdata__ZTVN4mbed6StreamE)
 <LI><a href="#[39]">__cxa_pure_virtual</a> from pure_virt.o(i.__cxa_pure_virtual) referenced 6 times from FileLike.o(.constdata__ZTVN4mbed8FileLikeE)
 <LI><a href="#[2b]">__main</a> from entry.o(.ARM.Collect$$$$00000000) referenced from startup_LPC11xx.o(.text)
 <LI><a href="#[45]">__sti___8_main_cpp</a> from main.o(.text) referenced from main.o(.init_array)
 <LI><a href="#[2f]">_sbackspace</a> from _sgetc.o(.text) referenced from __0sscanf.o(.text)
 <LI><a href="#[30]">_scanf_char_input</a> from scanf_char.o(.text) referenced from scanf_char.o(.text)
 <LI><a href="#[2e]">_sgetc</a> from _sgetc.o(.text) referenced from __0sscanf.o(.text)
 <LI><a href="#[37]">_sputc</a> from printfa.o(i._sputc) referenced from printfa.o(i.__0sprintf)
 <LI><a href="#[36]">fputc</a> from fputc_fp.o(.text) referenced from printfa.o(i.__0fprintf)
 <LI><a href="#[36]">fputc</a> from fputc_fp.o(.text) referenced from printfa.o(i.__0vfprintf)
 <LI><a href="#[31]">isspace</a> from isspace_c.o(.text) referenced from scanf_char.o(.text)
 <LI><a href="#[29]">main</a> from retarget.o(i.$Sub$$main) referenced from entry9a.o(.ARM.Collect$$$$0000000B)
 <LI><a href="#[38]">us_ticker_irq_handler</a> from us_ticker_api.o(i.us_ticker_irq_handler) referenced from us_ticker.o(i.us_ticker_read)
</UL>
<P>
<H3>
Global Symbols
</H3>
<P><STRONG><a name="[2b]"></a>__main</STRONG> (Thumb, 0 bytes, Stack size 0 bytes, entry.o(.ARM.Collect$$$$00000000))
<BR>[Address Reference Count : 1]<UL><LI> startup_LPC11xx.o(.text)
</UL>
<P><STRONG><a name="[47]"></a>_main_scatterload</STRONG> (Thumb, 0 bytes, Stack size 0 bytes, entry5.o(.ARM.Collect$$$$00000004))
<BR><BR>[Calls]<UL><LI><a href="#[48]">&gt;&gt;</a>&nbsp;&nbsp;&nbsp;__scatterload
</UL>

<P><STRONG><a name="[7f]"></a>__main_after_scatterload</STRONG> (Thumb, 0 bytes, Stack size 0 bytes, entry5.o(.ARM.Collect$$$$00000004))
<BR><BR>[Called By]<UL><LI><a href="#[48]">&gt;&gt;</a>&nbsp;&nbsp;&nbsp;__scatterload
</UL>

<P><STRONG><a name="[49]"></a>__use_full_stdio</STRONG> (Thumb, 0 bytes, Stack size 0 bytes, entry6b.o(.ARM.Collect$$$$00000006))
<BR><BR>[Calls]<UL><LI><a href="#[4a]">&gt;&gt;</a>&nbsp;&nbsp;&nbsp;_initio
</UL>

<P><STRONG><a name="[4f]"></a>__main_after_initio</STRONG> (Thumb, 0 bytes, Stack size 0 bytes, entry6b.o(.ARM.Collect$$$$00000006))
<BR><BR>[Called By]<UL><LI><a href="#[4a]">&gt;&gt;</a>&nbsp;&nbsp;&nbsp;_initio
</UL>

<P><STRONG><a name="[4b]"></a>_main_cpp_init$empty</STRONG> (Thumb, 0 bytes, Stack size 0 bytes, entry8a.o(.ARM.Collect$$$$00000009))
<BR><BR>[Calls]<UL><LI><a href="#[46]">&gt;&gt;</a>&nbsp;&nbsp;&nbsp;__cpp_initialize__aeabi_
</UL>

<P><STRONG><a name="[5]"></a>Reset_Handler</STRONG> (Thumb, 8 bytes, Stack size 0 bytes, startup_LPC11xx.o(.text))
<BR>[Address Reference Count : 1]<UL><LI> startup_LPC11xx.o(RESET)
</UL>
<P><STRONG><a name="[7]"></a>HardFault_Handler</STRONG> (Thumb, 2 bytes, Stack size 0 bytes, startup_LPC11xx.o(.text))
<BR><BR>[Calls]<UL><LI><a href="#[7]">&gt;&gt;</a>&nbsp;&nbsp;&nbsp;HardFault_Handler
</UL>
<BR>[Called By]<UL><LI><a href="#[7]">&gt;&gt;</a>&nbsp;&nbsp;&nbsp;HardFault_Handler
</UL>
<BR>[Address Reference Count : 1]<UL><LI> startup_LPC11xx.o(RESET)
</UL>
<P><STRONG><a name="[8]"></a>SVC_Handler</STRONG> (Thumb, 2 bytes, Stack size 0 bytes, startup_LPC11xx.o(.text))
<BR><BR>[Calls]<UL><LI><a href="#[8]">&gt;&gt;</a>&nbsp;&nbsp;&nbsp;SVC_Handler
</UL>
<BR>[Called By]<UL><LI><a href="#[8]">&gt;&gt;</a>&nbsp;&nbsp;&nbsp;SVC_Handler
</UL>
<BR>[Address Reference Count : 1]<UL><LI> startup_LPC11xx.o(RESET)
</UL>
<P><STRONG><a name="[9]"></a>PendSV_Handler</STRONG> (Thumb, 2 bytes, Stack size 0 bytes, startup_LPC11xx.o(.text))
<BR><BR>[Calls]<UL><LI><a href="#[9]">&gt;&gt;</a>&nbsp;&nbsp;&nbsp;PendSV_Handler
</UL>
<BR>[Called By]<UL><LI><a href="#[9]">&gt;&gt;</a>&nbsp;&nbsp;&nbsp;PendSV_Handler
</UL>
<BR>[Address Reference Count : 1]<UL><LI> startup_LPC11xx.o(RESET)
</UL>
<P><STRONG><a name="[a]"></a>SysTick_Handler</STRONG> (Thumb, 2 bytes, Stack size 0 bytes, startup_LPC11xx.o(.text))
<BR><BR>[Calls]<UL><LI><a href="#[a]">&gt;&gt;</a>&nbsp;&nbsp;&nbsp;SysTick_Handler
</UL>
<BR>[Called By]<UL><LI><a href="#[a]">&gt;&gt;</a>&nbsp;&nbsp;&nbsp;SysTick_Handler
</UL>
<BR>[Address Reference Count : 1]<UL><LI> startup_LPC11xx.o(RESET)
</UL>
<P><STRONG><a name="[21]"></a>Reserved_IRQHandler</STRONG> (Thumb, 2 bytes, Stack size 0 bytes, startup_LPC11xx.o(.text))
<BR><BR>[Calls]<UL><LI><a href="#[21]">&gt;&gt;</a>&nbsp;&nbsp;&nbsp;Reserved_IRQHandler
</UL>
<BR>[Called By]<UL><LI><a href="#[21]">&gt;&gt;</a>&nbsp;&nbsp;&nbsp;Reserved_IRQHandler
</UL>
<BR>[Address Reference Count : 1]<UL><LI> startup_LPC11xx.o(RESET)
</UL>
<P><STRONG><a name="[22]"></a>ADC_IRQHandler</STRONG> (Thumb, 0 bytes, Stack size 0 bytes, startup_LPC11xx.o(.text))
<BR><BR>[Calls]<UL><LI><a href="#[22]">&gt;&gt;</a>&nbsp;&nbsp;&nbsp;ADC_IRQHandler
</UL>
<BR>[Called By]<UL><LI><a href="#[22]">&gt;&gt;</a>&nbsp;&nbsp;&nbsp;ADC_IRQHandler
</UL>
<BR>[Address Reference Count : 1]<UL><LI> startup_LPC11xx.o(RESET)
</UL>
<P><STRONG><a name="[24]"></a>BOD_IRQHandler</STRONG> (Thumb, 0 bytes, Stack size 0 bytes, startup_LPC11xx.o(.text))
<BR>[Address Reference Count : 1]<UL><LI> startup_LPC11xx.o(RESET)
</UL>
<P><STRONG><a name="[18]"></a>C_CAN_IRQHandler</STRONG> (Thumb, 0 bytes, Stack size 0 bytes, startup_LPC11xx.o(.text))
<BR>[Address Reference Count : 1]<UL><LI> startup_LPC11xx.o(RESET)
</UL>
<P><STRONG><a name="[1a]"></a>I2C_IRQHandler</STRONG> (Thumb, 0 bytes, Stack size 0 bytes, startup_LPC11xx.o(.text))
<BR>[Address Reference Count : 1]<UL><LI> startup_LPC11xx.o(RESET)
</UL>
<P><STRONG><a name="[6]"></a>NMI_Handler</STRONG> (Thumb, 0 bytes, Stack size 0 bytes, startup_LPC11xx.o(.text))
<BR>[Address Reference Count : 1]<UL><LI> startup_LPC11xx.o(RESET)
</UL>
<P><STRONG><a name="[28]"></a>PIO_0_IRQHandler</STRONG> (Thumb, 0 bytes, Stack size 0 bytes, startup_LPC11xx.o(.text))
<BR>[Address Reference Count : 1]<UL><LI> startup_LPC11xx.o(RESET)
</UL>
<P><STRONG><a name="[27]"></a>PIO_1_IRQHandler</STRONG> (Thumb, 0 bytes, Stack size 0 bytes, startup_LPC11xx.o(.text))
<BR>[Address Reference Count : 1]<UL><LI> startup_LPC11xx.o(RESET)
</UL>
<P><STRONG><a name="[26]"></a>PIO_2_IRQHandler</STRONG> (Thumb, 0 bytes, Stack size 0 bytes, startup_LPC11xx.o(.text))
<BR>[Address Reference Count : 1]<UL><LI> startup_LPC11xx.o(RESET)
</UL>
<P><STRONG><a name="[25]"></a>PIO_3_IRQHandler</STRONG> (Thumb, 0 bytes, Stack size 0 bytes, startup_LPC11xx.o(.text))
<BR>[Address Reference Count : 1]<UL><LI> startup_LPC11xx.o(RESET)
</UL>
<P><STRONG><a name="[b]"></a>SLWU_INT0_IRQHandler</STRONG> (Thumb, 0 bytes, Stack size 0 bytes, startup_LPC11xx.o(.text))
<BR>[Address Reference Count : 1]<UL><LI> startup_LPC11xx.o(RESET)
</UL>
<P><STRONG><a name="[15]"></a>SLWU_INT10_IRQHandler</STRONG> (Thumb, 0 bytes, Stack size 0 bytes, startup_LPC11xx.o(.text))
<BR>[Address Reference Count : 1]<UL><LI> startup_LPC11xx.o(RESET)
</UL>
<P><STRONG><a name="[16]"></a>SLWU_INT11_IRQHandler</STRONG> (Thumb, 0 bytes, Stack size 0 bytes, startup_LPC11xx.o(.text))
<BR>[Address Reference Count : 1]<UL><LI> startup_LPC11xx.o(RESET)
</UL>
<P><STRONG><a name="[17]"></a>SLWU_INT12_IRQHandler</STRONG> (Thumb, 0 bytes, Stack size 0 bytes, startup_LPC11xx.o(.text))
<BR>[Address Reference Count : 1]<UL><LI> startup_LPC11xx.o(RESET)
</UL>
<P><STRONG><a name="[c]"></a>SLWU_INT1_IRQHandler</STRONG> (Thumb, 0 bytes, Stack size 0 bytes, startup_LPC11xx.o(.text))
<BR>[Address Reference Count : 1]<UL><LI> startup_LPC11xx.o(RESET)
</UL>
<P><STRONG><a name="[d]"></a>SLWU_INT2_IRQHandler</STRONG> (Thumb, 0 bytes, Stack size 0 bytes, startup_LPC11xx.o(.text))
<BR>[Address Reference Count : 1]<UL><LI> startup_LPC11xx.o(RESET)
</UL>
<P><STRONG><a name="[e]"></a>SLWU_INT3_IRQHandler</STRONG> (Thumb, 0 bytes, Stack size 0 bytes, startup_LPC11xx.o(.text))
<BR>[Address Reference Count : 1]<UL><LI> startup_LPC11xx.o(RESET)
</UL>
<P><STRONG><a name="[f]"></a>SLWU_INT4_IRQHandler</STRONG> (Thumb, 0 bytes, Stack size 0 bytes, startup_LPC11xx.o(.text))
<BR>[Address Reference Count : 1]<UL><LI> startup_LPC11xx.o(RESET)
</UL>
<P><STRONG><a name="[10]"></a>SLWU_INT5_IRQHandler</STRONG> (Thumb, 0 bytes, Stack size 0 bytes, startup_LPC11xx.o(.text))
<BR>[Address Reference Count : 1]<UL><LI> startup_LPC11xx.o(RESET)
</UL>
<P><STRONG><a name="[11]"></a>SLWU_INT6_IRQHandler</STRONG> (Thumb, 0 bytes, Stack size 0 bytes, startup_LPC11xx.o(.text))
<BR>[Address Reference Count : 1]<UL><LI> startup_LPC11xx.o(RESET)
</UL>
<P><STRONG><a name="[12]"></a>SLWU_INT7_IRQHandler</STRONG> (Thumb, 0 bytes, Stack size 0 bytes, startup_LPC11xx.o(.text))
<BR>[Address Reference Count : 1]<UL><LI> startup_LPC11xx.o(RESET)
</UL>
<P><STRONG><a name="[13]"></a>SLWU_INT8_IRQHandler</STRONG> (Thumb, 0 bytes, Stack size 0 bytes, startup_LPC11xx.o(.text))
<BR>[Address Reference Count : 1]<UL><LI> startup_LPC11xx.o(RESET)
</UL>
<P><STRONG><a name="[14]"></a>SLWU_INT9_IRQHandler</STRONG> (Thumb, 0 bytes, Stack size 0 bytes, startup_LPC11xx.o(.text))
<BR>[Address Reference Count : 1]<UL><LI> startup_LPC11xx.o(RESET)
</UL>
<P><STRONG><a name="[1f]"></a>SSP0_IRQHandler</STRONG> (Thumb, 0 bytes, Stack size 0 bytes, startup_LPC11xx.o(.text))
<BR>[Address Reference Count : 1]<UL><LI> startup_LPC11xx.o(RESET)
</UL>
<P><STRONG><a name="[19]"></a>SSP1_IRQHandler</STRONG> (Thumb, 0 bytes, Stack size 0 bytes, startup_LPC11xx.o(.text))
<BR>[Address Reference Count : 1]<UL><LI> startup_LPC11xx.o(RESET)
</UL>
<P><STRONG><a name="[1b]"></a>TIMER16_0_IRQHandler</STRONG> (Thumb, 0 bytes, Stack size 0 bytes, startup_LPC11xx.o(.text))
<BR>[Address Reference Count : 1]<UL><LI> startup_LPC11xx.o(RESET)
</UL>
<P><STRONG><a name="[1c]"></a>TIMER16_1_IRQHandler</STRONG> (Thumb, 0 bytes, Stack size 0 bytes, startup_LPC11xx.o(.text))
<BR>[Address Reference Count : 1]<UL><LI> startup_LPC11xx.o(RESET)
</UL>
<P><STRONG><a name="[1d]"></a>TIMER32_0_IRQHandler</STRONG> (Thumb, 0 bytes, Stack size 0 bytes, startup_LPC11xx.o(.text))
<BR>[Address Reference Count : 1]<UL><LI> startup_LPC11xx.o(RESET)
</UL>
<P><STRONG><a name="[1e]"></a>TIMER32_1_IRQHandler</STRONG> (Thumb, 0 bytes, Stack size 0 bytes, startup_LPC11xx.o(.text))
<BR>[Address Reference Count : 1]<UL><LI> startup_LPC11xx.o(RESET)
</UL>
<P><STRONG><a name="[20]"></a>UART_IRQHandler</STRONG> (Thumb, 0 bytes, Stack size 0 bytes, startup_LPC11xx.o(.text))
<BR>[Address Reference Count : 1]<UL><LI> startup_LPC11xx.o(RESET)
</UL>
<P><STRONG><a name="[23]"></a>WDT_IRQHandler</STRONG> (Thumb, 0 bytes, Stack size 0 bytes, startup_LPC11xx.o(.text))
<BR>[Address Reference Count : 1]<UL><LI> startup_LPC11xx.o(RESET)
</UL>
<P><STRONG><a name="[4c]"></a>fgetc</STRONG> (Thumb, 60 bytes, Stack size 0 bytes, fgetc_bpf.o(.text), UNUSED)
<BR><BR>[Calls]<UL><LI><a href="#[4d]">&gt;&gt;</a>&nbsp;&nbsp;&nbsp;_sys_read
</UL>
<BR>[Called By]<UL><LI><a href="#[96]">&gt;&gt;</a>&nbsp;&nbsp;&nbsp;mbed::mbed_getc(std::__FILE*)
</UL>

<P><STRONG><a name="[4a]"></a>_initio</STRONG> (Thumb, 20 bytes, Stack size 0 bytes, initio_oe.o(.text))
<BR><BR>[Calls]<UL><LI><a href="#[4f]">&gt;&gt;</a>&nbsp;&nbsp;&nbsp;__main_after_initio
<LI><a href="#[4e]">&gt;&gt;</a>&nbsp;&nbsp;&nbsp;_sys_open
</UL>
<BR>[Called By]<UL><LI><a href="#[49]">&gt;&gt;</a>&nbsp;&nbsp;&nbsp;__use_full_stdio
</UL>

<P><STRONG><a name="[36]"></a>fputc</STRONG> (Thumb, 42 bytes, Stack size 0 bytes, fputc_fp.o(.text))
<BR><BR>[Calls]<UL><LI><a href="#[50]">&gt;&gt;</a>&nbsp;&nbsp;&nbsp;_sys_write
</UL>
<BR>[Called By]<UL><LI><a href="#[58]">&gt;&gt;</a>&nbsp;&nbsp;&nbsp;mbed::Stream::putc(int)
</UL>
<BR>[Address Reference Count : 2]<UL><LI> printfa.o(i.__0fprintf)
<LI> printfa.o(i.__0vfprintf)
</UL>
<P><STRONG><a name="[51]"></a>fflush</STRONG> (Thumb, 38 bytes, Stack size 0 bytes, fflush_fe.o(.text))
<BR><BR>[Calls]<UL><LI><a href="#[53]">&gt;&gt;</a>&nbsp;&nbsp;&nbsp;_sys_seek
<LI><a href="#[52]">&gt;&gt;</a>&nbsp;&nbsp;&nbsp;_sys_ensure
</UL>
<BR>[Called By]<UL><LI><a href="#[b9]">&gt;&gt;</a>&nbsp;&nbsp;&nbsp;exit
<LI><a href="#[58]">&gt;&gt;</a>&nbsp;&nbsp;&nbsp;mbed::Stream::putc(int)
<LI><a href="#[61]">&gt;&gt;</a>&nbsp;&nbsp;&nbsp;mbed::Stream::getc()
</UL>

<P><STRONG><a name="[54]"></a>FutabaServo_init(int)</STRONG> (Thumb, 26 bytes, Stack size 0 bytes, main.o(.text))
<BR><BR>[Calls]<UL><LI><a href="#[56]">&gt;&gt;</a>&nbsp;&nbsp;&nbsp;mbed::SerialBase::format(int, mbed::SerialBase::Parity, int)
<LI><a href="#[55]">&gt;&gt;</a>&nbsp;&nbsp;&nbsp;mbed::SerialBase::baud(int)
</UL>
<BR>[Called By]<UL><LI><a href="#[64]">&gt;&gt;</a>&nbsp;&nbsp;&nbsp;$Super$$main
</UL>

<P><STRONG><a name="[57]"></a>Torque_ALL(unsigned char)</STRONG> (Thumb, 114 bytes, Stack size 0 bytes, main.o(.text), UNUSED)
<BR><BR>[Calls]<UL><LI><a href="#[58]">&gt;&gt;</a>&nbsp;&nbsp;&nbsp;mbed::Stream::putc(int)
</UL>

<P><STRONG><a name="[59]"></a>SendAngle_ALL(double*)</STRONG> (Thumb, 246 bytes, Stack size 0 bytes, main.o(.text), UNUSED)
<BR><BR>[Calls]<UL><LI><a href="#[5c]">&gt;&gt;</a>&nbsp;&nbsp;&nbsp;__aeabi_dmul
<LI><a href="#[5d]">&gt;&gt;</a>&nbsp;&nbsp;&nbsp;__aeabi_d2iz
<LI><a href="#[5a]">&gt;&gt;</a>&nbsp;&nbsp;&nbsp;__aeabi_cdrcmple
<LI><a href="#[5b]">&gt;&gt;</a>&nbsp;&nbsp;&nbsp;__aeabi_cdcmple
<LI><a href="#[58]">&gt;&gt;</a>&nbsp;&nbsp;&nbsp;mbed::Stream::putc(int)
</UL>

<P><STRONG><a name="[5e]"></a>SendAngle(unsigned char, double)</STRONG> (Thumb, 192 bytes, Stack size 0 bytes, main.o(.text))
<BR><BR>[Calls]<UL><LI><a href="#[5c]">&gt;&gt;</a>&nbsp;&nbsp;&nbsp;__aeabi_dmul
<LI><a href="#[5d]">&gt;&gt;</a>&nbsp;&nbsp;&nbsp;__aeabi_d2iz
<LI><a href="#[5a]">&gt;&gt;</a>&nbsp;&nbsp;&nbsp;__aeabi_cdrcmple
<LI><a href="#[5b]">&gt;&gt;</a>&nbsp;&nbsp;&nbsp;__aeabi_cdcmple
<LI><a href="#[58]">&gt;&gt;</a>&nbsp;&nbsp;&nbsp;mbed::Stream::putc(int)
</UL>
<BR>[Called By]<UL><LI><a href="#[64]">&gt;&gt;</a>&nbsp;&nbsp;&nbsp;$Super$$main
</UL>

<P><STRONG><a name="[5f]"></a>Torque(unsigned char, unsigned char)</STRONG> (Thumb, 80 bytes, Stack size 0 bytes, main.o(.text))
<BR><BR>[Calls]<UL><LI><a href="#[58]">&gt;&gt;</a>&nbsp;&nbsp;&nbsp;mbed::Stream::putc(int)
</UL>
<BR>[Called By]<UL><LI><a href="#[64]">&gt;&gt;</a>&nbsp;&nbsp;&nbsp;$Super$$main
</UL>

<P><STRONG><a name="[60]"></a>ReadAngle(unsigned char)</STRONG> (Thumb, 142 bytes, Stack size 0 bytes, main.o(.text), UNUSED)
<BR><BR>[Calls]<UL><LI><a href="#[62]">&gt;&gt;</a>&nbsp;&nbsp;&nbsp;__aeabi_i2d
<LI><a href="#[63]">&gt;&gt;</a>&nbsp;&nbsp;&nbsp;__aeabi_ddiv
<LI><a href="#[58]">&gt;&gt;</a>&nbsp;&nbsp;&nbsp;mbed::Stream::putc(int)
<LI><a href="#[61]">&gt;&gt;</a>&nbsp;&nbsp;&nbsp;mbed::Stream::getc()
</UL>

<P><STRONG><a name="[64]"></a>$Super$$main</STRONG> (Thumb, 70 bytes, Stack size 0 bytes, main.o(.text))
<BR><BR>[Calls]<UL><LI><a href="#[66]">&gt;&gt;</a>&nbsp;&nbsp;&nbsp;wait_ms
<LI><a href="#[65]">&gt;&gt;</a>&nbsp;&nbsp;&nbsp;wait
<LI><a href="#[5f]">&gt;&gt;</a>&nbsp;&nbsp;&nbsp;Torque(unsigned char, unsigned char)
<LI><a href="#[5e]">&gt;&gt;</a>&nbsp;&nbsp;&nbsp;SendAngle(unsigned char, double)
<LI><a href="#[54]">&gt;&gt;</a>&nbsp;&nbsp;&nbsp;FutabaServo_init(int)
</UL>
<BR>[Called By]<UL><LI><a href="#[29]">&gt;&gt;</a>&nbsp;&nbsp;&nbsp;main
</UL>

<P><STRONG><a name="[b3]"></a>__aeabi_uidivmod</STRONG> (Thumb, 44 bytes, Stack size 0 bytes, uidiv.o(.text))
<BR><BR>[Called By]<UL><LI><a href="#[c6]">&gt;&gt;</a>&nbsp;&nbsp;&nbsp;us_ticker_read
<LI><a href="#[8c]">&gt;&gt;</a>&nbsp;&nbsp;&nbsp;serial_baud
<LI><a href="#[a8]">&gt;&gt;</a>&nbsp;&nbsp;&nbsp;_printf_core
</UL>

<P><STRONG><a name="[6b]"></a>__aeabi_memset</STRONG> (Thumb, 14 bytes, Stack size 0 bytes, memseta.o(.text), UNUSED)
<BR><BR>[Called By]<UL><LI><a href="#[6c]">&gt;&gt;</a>&nbsp;&nbsp;&nbsp;_memset$wrapper
<LI><a href="#[6a]">&gt;&gt;</a>&nbsp;&nbsp;&nbsp;__aeabi_memclr
</UL>

<P><STRONG><a name="[6a]"></a>__aeabi_memclr</STRONG> (Thumb, 4 bytes, Stack size 0 bytes, memseta.o(.text), UNUSED)
<BR><BR>[Calls]<UL><LI><a href="#[6b]">&gt;&gt;</a>&nbsp;&nbsp;&nbsp;__aeabi_memset
</UL>

<P><STRONG><a name="[ae]"></a>__aeabi_memclr4</STRONG> (Thumb, 0 bytes, Stack size 0 bytes, memseta.o(.text))
<BR><BR>[Called By]<UL><LI><a href="#[99]">&gt;&gt;</a>&nbsp;&nbsp;&nbsp;fopen
</UL>

<P><STRONG><a name="[6c]"></a>_memset$wrapper</STRONG> (Thumb, 18 bytes, Stack size 0 bytes, memseta.o(.text), UNUSED)
<BR><BR>[Calls]<UL><LI><a href="#[6b]">&gt;&gt;</a>&nbsp;&nbsp;&nbsp;__aeabi_memset
</UL>

<P><STRONG><a name="[9e]"></a>strlen</STRONG> (Thumb, 14 bytes, Stack size 0 bytes, strlen.o(.text))
<BR><BR>[Called By]<UL><LI><a href="#[9c]">&gt;&gt;</a>&nbsp;&nbsp;&nbsp;mbed::FileBase::lookup(const char*, unsigned)
</UL>

<P><STRONG><a name="[b4]"></a>strcmp</STRONG> (Thumb, 28 bytes, Stack size 0 bytes, strcmp.o(.text))
<BR><BR>[Called By]<UL><LI><a href="#[4e]">&gt;&gt;</a>&nbsp;&nbsp;&nbsp;_sys_open
</UL>

<P><STRONG><a name="[9d]"></a>strncmp</STRONG> (Thumb, 30 bytes, Stack size 0 bytes, strncmp.o(.text))
<BR><BR>[Called By]<UL><LI><a href="#[9c]">&gt;&gt;</a>&nbsp;&nbsp;&nbsp;mbed::FileBase::lookup(const char*, unsigned)
</UL>

<P><STRONG><a name="[6d]"></a>__0sscanf</STRONG> (Thumb, 50 bytes, Stack size 0 bytes, __0sscanf.o(.text))
<BR><BR>[Calls]<UL><LI><a href="#[6e]">&gt;&gt;</a>&nbsp;&nbsp;&nbsp;__vfscanf_char
</UL>
<BR>[Called By]<UL><LI><a href="#[4e]">&gt;&gt;</a>&nbsp;&nbsp;&nbsp;_sys_open
</UL>

<P><STRONG><a name="[6f]"></a>_scanf_int</STRONG> (Thumb, 330 bytes, Stack size 0 bytes, _scanf_int.o(.text))
<BR><BR>[Calls]<UL><LI><a href="#[70]">&gt;&gt;</a>&nbsp;&nbsp;&nbsp;_chval
</UL>
<BR>[Called By]<UL><LI><a href="#[77]">&gt;&gt;</a>&nbsp;&nbsp;&nbsp;__vfscanf
</UL>

<P><STRONG><a name="[46]"></a>__cpp_initialize__aeabi_</STRONG> (Thumb, 22 bytes, Stack size 0 bytes, cpp_init.o(.text))
<BR><BR>[Called By]<UL><LI><a href="#[4b]">&gt;&gt;</a>&nbsp;&nbsp;&nbsp;_main_cpp_init$empty
</UL>

<P><STRONG><a name="[ca]"></a>__aeabi_fmul</STRONG> (Thumb, 122 bytes, Stack size 0 bytes, fmul.o(.text))
<BR><BR>[Called By]<UL><LI><a href="#[65]">&gt;&gt;</a>&nbsp;&nbsp;&nbsp;wait
</UL>

<P><STRONG><a name="[5c]"></a>__aeabi_dmul</STRONG> (Thumb, 202 bytes, Stack size 0 bytes, dmul.o(.text))
<BR><BR>[Calls]<UL><LI><a href="#[71]">&gt;&gt;</a>&nbsp;&nbsp;&nbsp;_double_epilogue
</UL>
<BR>[Called By]<UL><LI><a href="#[5e]">&gt;&gt;</a>&nbsp;&nbsp;&nbsp;SendAngle(unsigned char, double)
<LI><a href="#[59]">&gt;&gt;</a>&nbsp;&nbsp;&nbsp;SendAngle_ALL(double*)
<LI><a href="#[b0]">&gt;&gt;</a>&nbsp;&nbsp;&nbsp;_fp_digits
</UL>

<P><STRONG><a name="[63]"></a>__aeabi_ddiv</STRONG> (Thumb, 234 bytes, Stack size 0 bytes, ddiv.o(.text), UNUSED)
<BR><BR>[Calls]<UL><LI><a href="#[72]">&gt;&gt;</a>&nbsp;&nbsp;&nbsp;_double_round
</UL>
<BR>[Called By]<UL><LI><a href="#[60]">&gt;&gt;</a>&nbsp;&nbsp;&nbsp;ReadAngle(unsigned char)
<LI><a href="#[b0]">&gt;&gt;</a>&nbsp;&nbsp;&nbsp;_fp_digits
</UL>

<P><STRONG><a name="[62]"></a>__aeabi_i2d</STRONG> (Thumb, 34 bytes, Stack size 0 bytes, dflti.o(.text), UNUSED)
<BR><BR>[Calls]<UL><LI><a href="#[71]">&gt;&gt;</a>&nbsp;&nbsp;&nbsp;_double_epilogue
</UL>
<BR>[Called By]<UL><LI><a href="#[60]">&gt;&gt;</a>&nbsp;&nbsp;&nbsp;ReadAngle(unsigned char)
</UL>

<P><STRONG><a name="[cb]"></a>__aeabi_f2iz</STRONG> (Thumb, 50 bytes, Stack size 0 bytes, ffixi.o(.text))
<BR><BR>[Called By]<UL><LI><a href="#[65]">&gt;&gt;</a>&nbsp;&nbsp;&nbsp;wait
</UL>

<P><STRONG><a name="[5d]"></a>__aeabi_d2iz</STRONG> (Thumb, 62 bytes, Stack size 0 bytes, dfixi.o(.text))
<BR><BR>[Calls]<UL><LI><a href="#[73]">&gt;&gt;</a>&nbsp;&nbsp;&nbsp;__aeabi_llsr
</UL>
<BR>[Called By]<UL><LI><a href="#[5e]">&gt;&gt;</a>&nbsp;&nbsp;&nbsp;SendAngle(unsigned char, double)
<LI><a href="#[59]">&gt;&gt;</a>&nbsp;&nbsp;&nbsp;SendAngle_ALL(double*)
</UL>

<P><STRONG><a name="[5b]"></a>__aeabi_cdcmple</STRONG> (Thumb, 38 bytes, Stack size 0 bytes, cdcmple.o(.text))
<BR><BR>[Called By]<UL><LI><a href="#[5e]">&gt;&gt;</a>&nbsp;&nbsp;&nbsp;SendAngle(unsigned char, double)
<LI><a href="#[59]">&gt;&gt;</a>&nbsp;&nbsp;&nbsp;SendAngle_ALL(double*)
</UL>

<P><STRONG><a name="[5a]"></a>__aeabi_cdrcmple</STRONG> (Thumb, 38 bytes, Stack size 0 bytes, cdrcmple.o(.text))
<BR><BR>[Called By]<UL><LI><a href="#[5e]">&gt;&gt;</a>&nbsp;&nbsp;&nbsp;SendAngle(unsigned char, double)
<LI><a href="#[59]">&gt;&gt;</a>&nbsp;&nbsp;&nbsp;SendAngle_ALL(double*)
<LI><a href="#[b0]">&gt;&gt;</a>&nbsp;&nbsp;&nbsp;_fp_digits
</UL>

<P><STRONG><a name="[35]"></a>__default_new_handler()</STRONG> (Thumb, 8 bytes, Stack size 0 bytes, arm_newhandler_noexceptions.o(.text))
<BR><BR>[Calls]<UL><LI><a href="#[74]">&gt;&gt;</a>&nbsp;&nbsp;&nbsp;std::terminate()
</UL>
<BR>[Address Reference Count : 1]<UL><LI> new.o(i._Znwj)
</UL>
<P><STRONG><a name="[75]"></a>__aeabi_uldivmod</STRONG> (Thumb, 96 bytes, Stack size 0 bytes, uldiv.o(.text), UNUSED)
<BR><BR>[Calls]<UL><LI><a href="#[76]">&gt;&gt;</a>&nbsp;&nbsp;&nbsp;__aeabi_llsl
<LI><a href="#[73]">&gt;&gt;</a>&nbsp;&nbsp;&nbsp;__aeabi_llsr
</UL>
<BR>[Called By]<UL><LI><a href="#[a8]">&gt;&gt;</a>&nbsp;&nbsp;&nbsp;_printf_core
<LI><a href="#[b0]">&gt;&gt;</a>&nbsp;&nbsp;&nbsp;_fp_digits
</UL>

<P><STRONG><a name="[73]"></a>__aeabi_llsr</STRONG> (Thumb, 34 bytes, Stack size 0 bytes, llushr.o(.text))
<BR><BR>[Called By]<UL><LI><a href="#[5d]">&gt;&gt;</a>&nbsp;&nbsp;&nbsp;__aeabi_d2iz
<LI><a href="#[75]">&gt;&gt;</a>&nbsp;&nbsp;&nbsp;__aeabi_uldivmod
<LI><a href="#[71]">&gt;&gt;</a>&nbsp;&nbsp;&nbsp;_double_epilogue
<LI><a href="#[7d]">&gt;&gt;</a>&nbsp;&nbsp;&nbsp;__aeabi_d2ulz
</UL>

<P><STRONG><a name="[70]"></a>_chval</STRONG> (Thumb, 30 bytes, Stack size 0 bytes, _chval.o(.text))
<BR><BR>[Called By]<UL><LI><a href="#[6f]">&gt;&gt;</a>&nbsp;&nbsp;&nbsp;_scanf_int
</UL>

<P><STRONG><a name="[6e]"></a>__vfscanf_char</STRONG> (Thumb, 24 bytes, Stack size 0 bytes, scanf_char.o(.text))
<BR><BR>[Calls]<UL><LI><a href="#[77]">&gt;&gt;</a>&nbsp;&nbsp;&nbsp;__vfscanf
</UL>
<BR>[Called By]<UL><LI><a href="#[6d]">&gt;&gt;</a>&nbsp;&nbsp;&nbsp;__0sscanf
</UL>

<P><STRONG><a name="[2e]"></a>_sgetc</STRONG> (Thumb, 32 bytes, Stack size 0 bytes, _sgetc.o(.text))
<BR>[Address Reference Count : 1]<UL><LI> __0sscanf.o(.text)
</UL>
<P><STRONG><a name="[2f]"></a>_sbackspace</STRONG> (Thumb, 36 bytes, Stack size 0 bytes, _sgetc.o(.text))
<BR>[Address Reference Count : 1]<UL><LI> __0sscanf.o(.text)
</UL>
<P><STRONG><a name="[ab]"></a>__rt_ddtor_pointer_addr</STRONG> (Thumb, 4 bytes, Stack size 0 bytes, cpp_dtor.o(.text))
<BR><BR>[Called By]<UL><LI><a href="#[68]">&gt;&gt;</a>&nbsp;&nbsp;&nbsp;__aeabi_atexit
<LI><a href="#[ac]">&gt;&gt;</a>&nbsp;&nbsp;&nbsp;__cxa_finalize
</UL>

<P><STRONG><a name="[a6]"></a>__rt_new_handler_addr</STRONG> (Thumb, 4 bytes, Stack size 0 bytes, cpp_memory.o(.text))
<BR><BR>[Called By]<UL><LI><a href="#[92]">&gt;&gt;</a>&nbsp;&nbsp;&nbsp;operator new(unsigned)
</UL>

<P><STRONG><a name="[81]"></a>__rt_eh_globals_addr</STRONG> (Thumb, 10 bytes, Stack size 0 bytes, cpp_unwinder.o(.text))
<BR><BR>[Called By]<UL><LI><a href="#[7e]">&gt;&gt;</a>&nbsp;&nbsp;&nbsp;__cxa_get_globals
</UL>

<P><STRONG><a name="[72]"></a>_double_round</STRONG> (Thumb, 26 bytes, Stack size 0 bytes, depilogue.o(.text))
<BR><BR>[Called By]<UL><LI><a href="#[63]">&gt;&gt;</a>&nbsp;&nbsp;&nbsp;__aeabi_ddiv
<LI><a href="#[71]">&gt;&gt;</a>&nbsp;&nbsp;&nbsp;_double_epilogue
<LI><a href="#[79]">&gt;&gt;</a>&nbsp;&nbsp;&nbsp;__aeabi_dadd
</UL>

<P><STRONG><a name="[71]"></a>_double_epilogue</STRONG> (Thumb, 166 bytes, Stack size 0 bytes, depilogue.o(.text))
<BR><BR>[Calls]<UL><LI><a href="#[76]">&gt;&gt;</a>&nbsp;&nbsp;&nbsp;__aeabi_llsl
<LI><a href="#[78]">&gt;&gt;</a>&nbsp;&nbsp;&nbsp;__ARM_clz
<LI><a href="#[73]">&gt;&gt;</a>&nbsp;&nbsp;&nbsp;__aeabi_llsr
<LI><a href="#[72]">&gt;&gt;</a>&nbsp;&nbsp;&nbsp;_double_round
</UL>
<BR>[Called By]<UL><LI><a href="#[62]">&gt;&gt;</a>&nbsp;&nbsp;&nbsp;__aeabi_i2d
<LI><a href="#[5c]">&gt;&gt;</a>&nbsp;&nbsp;&nbsp;__aeabi_dmul
<LI><a href="#[79]">&gt;&gt;</a>&nbsp;&nbsp;&nbsp;__aeabi_dadd
</UL>

<P><STRONG><a name="[79]"></a>__aeabi_dadd</STRONG> (Thumb, 326 bytes, Stack size 0 bytes, dadd.o(.text), UNUSED)
<BR><BR>[Calls]<UL><LI><a href="#[7a]">&gt;&gt;</a>&nbsp;&nbsp;&nbsp;__aeabi_lasr
<LI><a href="#[76]">&gt;&gt;</a>&nbsp;&nbsp;&nbsp;__aeabi_llsl
<LI><a href="#[72]">&gt;&gt;</a>&nbsp;&nbsp;&nbsp;_double_round
<LI><a href="#[71]">&gt;&gt;</a>&nbsp;&nbsp;&nbsp;_double_epilogue
</UL>
<BR>[Called By]<UL><LI><a href="#[7c]">&gt;&gt;</a>&nbsp;&nbsp;&nbsp;__aeabi_drsub
<LI><a href="#[7b]">&gt;&gt;</a>&nbsp;&nbsp;&nbsp;__aeabi_dsub
<LI><a href="#[b0]">&gt;&gt;</a>&nbsp;&nbsp;&nbsp;_fp_digits
</UL>

<P><STRONG><a name="[7b]"></a>__aeabi_dsub</STRONG> (Thumb, 12 bytes, Stack size 0 bytes, dadd.o(.text), UNUSED)
<BR><BR>[Calls]<UL><LI><a href="#[79]">&gt;&gt;</a>&nbsp;&nbsp;&nbsp;__aeabi_dadd
</UL>

<P><STRONG><a name="[7c]"></a>__aeabi_drsub</STRONG> (Thumb, 12 bytes, Stack size 0 bytes, dadd.o(.text), UNUSED)
<BR><BR>[Calls]<UL><LI><a href="#[79]">&gt;&gt;</a>&nbsp;&nbsp;&nbsp;__aeabi_dadd
</UL>

<P><STRONG><a name="[7d]"></a>__aeabi_d2ulz</STRONG> (Thumb, 54 bytes, Stack size 0 bytes, dfixul.o(.text), UNUSED)
<BR><BR>[Calls]<UL><LI><a href="#[76]">&gt;&gt;</a>&nbsp;&nbsp;&nbsp;__aeabi_llsl
<LI><a href="#[73]">&gt;&gt;</a>&nbsp;&nbsp;&nbsp;__aeabi_llsr
</UL>
<BR>[Called By]<UL><LI><a href="#[b0]">&gt;&gt;</a>&nbsp;&nbsp;&nbsp;_fp_digits
</UL>

<P><STRONG><a name="[74]"></a>std::terminate()</STRONG> (Thumb, 28 bytes, Stack size 0 bytes, arm_exceptions_terminate.o(.text))
<BR><BR>[Calls]<UL><LI><a href="#[7e]">&gt;&gt;</a>&nbsp;&nbsp;&nbsp;__cxa_get_globals
</UL>
<BR>[Called By]<UL><LI><a href="#[35]">&gt;&gt;</a>&nbsp;&nbsp;&nbsp;__default_new_handler()
</UL>

<P><STRONG><a name="[48]"></a>__scatterload</STRONG> (Thumb, 28 bytes, Stack size 0 bytes, init.o(.text))
<BR><BR>[Calls]<UL><LI><a href="#[7f]">&gt;&gt;</a>&nbsp;&nbsp;&nbsp;__main_after_scatterload
</UL>
<BR>[Called By]<UL><LI><a href="#[47]">&gt;&gt;</a>&nbsp;&nbsp;&nbsp;_main_scatterload
</UL>

<P><STRONG><a name="[76]"></a>__aeabi_llsl</STRONG> (Thumb, 32 bytes, Stack size 0 bytes, llshl.o(.text))
<BR><BR>[Called By]<UL><LI><a href="#[75]">&gt;&gt;</a>&nbsp;&nbsp;&nbsp;__aeabi_uldivmod
<LI><a href="#[71]">&gt;&gt;</a>&nbsp;&nbsp;&nbsp;_double_epilogue
<LI><a href="#[79]">&gt;&gt;</a>&nbsp;&nbsp;&nbsp;__aeabi_dadd
<LI><a href="#[7d]">&gt;&gt;</a>&nbsp;&nbsp;&nbsp;__aeabi_d2ulz
</UL>

<P><STRONG><a name="[7a]"></a>__aeabi_lasr</STRONG> (Thumb, 38 bytes, Stack size 0 bytes, llsshr.o(.text), UNUSED)
<BR><BR>[Called By]<UL><LI><a href="#[79]">&gt;&gt;</a>&nbsp;&nbsp;&nbsp;__aeabi_dadd
</UL>

<P><STRONG><a name="[31]"></a>isspace</STRONG> (Thumb, 14 bytes, Stack size 0 bytes, isspace_c.o(.text))
<BR><BR>[Calls]<UL><LI><a href="#[80]">&gt;&gt;</a>&nbsp;&nbsp;&nbsp;__ctype_lookup
</UL>
<BR>[Address Reference Count : 1]<UL><LI> scanf_char.o(.text)
</UL>
<P><STRONG><a name="[77]"></a>__vfscanf</STRONG> (Thumb, 806 bytes, Stack size 0 bytes, _scanf.o(.text))
<BR><BR>[Calls]<UL><LI><a href="#[6f]">&gt;&gt;</a>&nbsp;&nbsp;&nbsp;_scanf_int
</UL>
<BR>[Called By]<UL><LI><a href="#[6e]">&gt;&gt;</a>&nbsp;&nbsp;&nbsp;__vfscanf_char
</UL>

<P><STRONG><a name="[7e]"></a>__cxa_get_globals</STRONG> (Thumb, 66 bytes, Stack size 0 bytes, arm_exceptions_globs.o(.text))
<BR><BR>[Calls]<UL><LI><a href="#[83]">&gt;&gt;</a>&nbsp;&nbsp;&nbsp;__ARM_exceptions_buffer_init
<LI><a href="#[81]">&gt;&gt;</a>&nbsp;&nbsp;&nbsp;__rt_eh_globals_addr
<LI><a href="#[82]">&gt;&gt;</a>&nbsp;&nbsp;&nbsp;malloc
</UL>
<BR>[Called By]<UL><LI><a href="#[74]">&gt;&gt;</a>&nbsp;&nbsp;&nbsp;std::terminate()
</UL>

<P><STRONG><a name="[80]"></a>__ctype_lookup</STRONG> (Thumb, 32 bytes, Stack size 0 bytes, ctype_c.o(.text))
<BR><BR>[Called By]<UL><LI><a href="#[31]">&gt;&gt;</a>&nbsp;&nbsp;&nbsp;isspace
</UL>

<P><STRONG><a name="[83]"></a>__ARM_exceptions_buffer_init</STRONG> (Thumb, 18 bytes, Stack size 0 bytes, arm_exceptions_mem.o(.text))
<BR><BR>[Calls]<UL><LI><a href="#[82]">&gt;&gt;</a>&nbsp;&nbsp;&nbsp;malloc
</UL>
<BR>[Called By]<UL><LI><a href="#[7e]">&gt;&gt;</a>&nbsp;&nbsp;&nbsp;__cxa_get_globals
</UL>

<P><STRONG><a name="[29]"></a>main</STRONG> (Thumb, 16 bytes, Stack size 0 bytes, retarget.o(i.$Sub$$main))
<BR><BR>[Calls]<UL><LI><a href="#[84]">&gt;&gt;</a>&nbsp;&nbsp;&nbsp;mbed_sdk_init
<LI><a href="#[85]">&gt;&gt;</a>&nbsp;&nbsp;&nbsp;mbed_main
<LI><a href="#[64]">&gt;&gt;</a>&nbsp;&nbsp;&nbsp;$Super$$main
</UL>
<BR>[Address Reference Count : 1]<UL><LI> entry9a.o(.ARM.Collect$$$$0000000B)
</UL>
<P><STRONG><a name="[c9]"></a>NVIC_SetVector</STRONG> (Thumb, 62 bytes, Stack size 0 bytes, cmsis_nvic.o(i.NVIC_SetVector))
<BR><BR>[Called By]<UL><LI><a href="#[c6]">&gt;&gt;</a>&nbsp;&nbsp;&nbsp;us_ticker_read
</UL>

<P><STRONG><a name="[2a]"></a>SystemInit</STRONG> (Thumb, 78 bytes, Stack size 0 bytes, system_LPC11xx.o(i.SystemInit))
<BR>[Address Reference Count : 1]<UL><LI> startup_LPC11xx.o(.text)
</UL>
<P><STRONG><a name="[3a]"></a>mbed::FileHandle::~FileHandle__sub_object()</STRONG> (Thumb, 34 bytes, Stack size 0 bytes, retarget.o(i._ZN4mbed10FileHandleD2Ev))
<BR><BR>[Called By]<UL><LI><a href="#[44]">&gt;&gt;</a>&nbsp;&nbsp;&nbsp;mbed::FileLike::~FileLike__sub_object()
</UL>
<BR>[Address Reference Count : 1]<UL><LI> retarget.o(.constdata__ZTVN4mbed10FileHandleE)
</UL>
<P><STRONG><a name="[87]"></a>mbed::SerialBase::_base_getc()</STRONG> (Thumb, 10 bytes, Stack size 0 bytes, SerialBase.o(i._ZN4mbed10SerialBase10_base_getcEv))
<BR><BR>[Calls]<UL><LI><a href="#[88]">&gt;&gt;</a>&nbsp;&nbsp;&nbsp;serial_getc
</UL>
<BR>[Called By]<UL><LI><a href="#[41]">&gt;&gt;</a>&nbsp;&nbsp;&nbsp;thunk{-72} to mbed::Serial::_getc()
</UL>

<P><STRONG><a name="[89]"></a>mbed::SerialBase::_base_putc(int)</STRONG> (Thumb, 14 bytes, Stack size 0 bytes, SerialBase.o(i._ZN4mbed10SerialBase10_base_putcEi))
<BR><BR>[Calls]<UL><LI><a href="#[8a]">&gt;&gt;</a>&nbsp;&nbsp;&nbsp;serial_putc
</UL>
<BR>[Called By]<UL><LI><a href="#[40]">&gt;&gt;</a>&nbsp;&nbsp;&nbsp;thunk{-72} to mbed::Serial::_putc(int)
</UL>

<P><STRONG><a name="[34]"></a>mbed::SerialBase::_irq_handler(unsigned, SerialIrq)</STRONG> (Thumb, 16 bytes, Stack size 0 bytes, SerialBase.o(i._ZN4mbed10SerialBase12_irq_handlerEj9SerialIrq))
<BR><BR>[Calls]<UL><LI><a href="#[8b]">&gt;&gt;</a>&nbsp;&nbsp;&nbsp;mbed::FunctionPointer::call()
</UL>
<BR>[Address Reference Count : 1]<UL><LI> SerialBase.o(i._ZN4mbed10SerialBaseC1E7PinNameS1_)
</UL>
<P><STRONG><a name="[55]"></a>mbed::SerialBase::baud(int)</STRONG> (Thumb, 16 bytes, Stack size 0 bytes, SerialBase.o(i._ZN4mbed10SerialBase4baudEi))
<BR><BR>[Calls]<UL><LI><a href="#[8c]">&gt;&gt;</a>&nbsp;&nbsp;&nbsp;serial_baud
</UL>
<BR>[Called By]<UL><LI><a href="#[54]">&gt;&gt;</a>&nbsp;&nbsp;&nbsp;FutabaServo_init(int)
</UL>

<P><STRONG><a name="[56]"></a>mbed::SerialBase::format(int, mbed::SerialBase::Parity, int)</STRONG> (Thumb, 10 bytes, Stack size 0 bytes, SerialBase.o(i._ZN4mbed10SerialBase6formatEiNS0_6ParityEi))
<BR><BR>[Calls]<UL><LI><a href="#[8d]">&gt;&gt;</a>&nbsp;&nbsp;&nbsp;serial_format
</UL>
<BR>[Called By]<UL><LI><a href="#[54]">&gt;&gt;</a>&nbsp;&nbsp;&nbsp;FutabaServo_init(int)
</UL>

<P><STRONG><a name="[8e]"></a>mbed::SerialBase::SerialBase(PinName, PinName)</STRONG> (Thumb, 62 bytes, Stack size 0 bytes, SerialBase.o(i._ZN4mbed10SerialBaseC1E7PinNameS1_))
<BR><BR>[Calls]<UL><LI><a href="#[8f]">&gt;&gt;</a>&nbsp;&nbsp;&nbsp;__aeabi_vec_ctor_nocookie_nodtor
<LI><a href="#[91]">&gt;&gt;</a>&nbsp;&nbsp;&nbsp;serial_irq_handler
<LI><a href="#[90]">&gt;&gt;</a>&nbsp;&nbsp;&nbsp;serial_init
</UL>
<BR>[Called By]<UL><LI><a href="#[67]">&gt;&gt;</a>&nbsp;&nbsp;&nbsp;mbed::Serial::Serial(PinName, PinName, const char*)
</UL>

<P><STRONG><a name="[8b]"></a>mbed::FunctionPointer::call()</STRONG> (Thumb, 26 bytes, Stack size 0 bytes, FunctionPointer.o(i._ZN4mbed15FunctionPointer4callEv))
<BR><BR>[Called By]<UL><LI><a href="#[34]">&gt;&gt;</a>&nbsp;&nbsp;&nbsp;mbed::SerialBase::_irq_handler(unsigned, SerialIrq)
</UL>

<P><STRONG><a name="[86]"></a>mbed::FunctionPointer::FunctionPointer(void(*)())</STRONG> (Thumb, 10 bytes, Stack size 0 bytes, FunctionPointer.o(i._ZN4mbed15FunctionPointerC1EPFvvE))
<BR><BR>[Called By]<UL><LI><a href="#[33]">&gt;&gt;</a>&nbsp;&nbsp;&nbsp;&lang;Func1&rang;
</UL>

<P><STRONG><a name="[9a]"></a>mbed::mbed_set_unbuffered_stream(std::__FILE*)</STRONG> (Thumb, 10 bytes, Stack size 0 bytes, retarget.o(i._ZN4mbed26mbed_set_unbuffered_streamEPSt6__FILE))
<BR><BR>[Called By]<UL><LI><a href="#[95]">&gt;&gt;</a>&nbsp;&nbsp;&nbsp;mbed::Stream::Stream__sub_object(const char*)
</UL>

<P><STRONG><a name="[69]"></a>mbed::BusOut::BusOut(PinName, PinName, PinName, PinName, PinName, PinName, PinName, PinName, PinName, PinName, PinName, PinName, PinName, PinName, PinName, PinName)</STRONG> (Thumb, 154 bytes, Stack size 0 bytes, BusOut.o(i._ZN4mbed6BusOutC1E7PinNameS1_S1_S1_S1_S1_S1_S1_S1_S1_S1_S1_S1_S1_S1_S1_))
<BR><BR>[Calls]<UL><LI><a href="#[92]">&gt;&gt;</a>&nbsp;&nbsp;&nbsp;operator new(unsigned)
<LI><a href="#[93]">&gt;&gt;</a>&nbsp;&nbsp;&nbsp;gpio_init_out
</UL>
<BR>[Called By]<UL><LI><a href="#[45]">&gt;&gt;</a>&nbsp;&nbsp;&nbsp;__sti___8_main_cpp
</UL>

<P><STRONG><a name="[2d]"></a>mbed::BusOut::~BusOut()</STRONG> (Thumb, 34 bytes, Stack size 0 bytes, BusOut.o(i._ZN4mbed6BusOutD1Ev))
<BR><BR>[Calls]<UL><LI><a href="#[94]">&gt;&gt;</a>&nbsp;&nbsp;&nbsp;operator delete (void*)
</UL>
<BR>[Address Reference Count : 2]<UL><LI> main.o(.text)
<LI> BusOut.o(.constdata__ZTVN4mbed6BusOutE)
</UL>
<P><STRONG><a name="[67]"></a>mbed::Serial::Serial(PinName, PinName, const char*)</STRONG> (Thumb, 32 bytes, Stack size 0 bytes, Serial.o(i._ZN4mbed6SerialC1E7PinNameS1_PKc))
<BR><BR>[Calls]<UL><LI><a href="#[95]">&gt;&gt;</a>&nbsp;&nbsp;&nbsp;mbed::Stream::Stream__sub_object(const char*)
<LI><a href="#[8e]">&gt;&gt;</a>&nbsp;&nbsp;&nbsp;mbed::SerialBase::SerialBase(PinName, PinName)
</UL>
<BR>[Called By]<UL><LI><a href="#[45]">&gt;&gt;</a>&nbsp;&nbsp;&nbsp;__sti___8_main_cpp
</UL>

<P><STRONG><a name="[2c]"></a>mbed::Serial::~Serial()</STRONG> (Thumb, 12 bytes, Stack size 0 bytes, Serial.o(i._ZN4mbed6SerialD1Ev))
<BR><BR>[Calls]<UL><LI><a href="#[42]">&gt;&gt;</a>&nbsp;&nbsp;&nbsp;mbed::Stream::~Stream__sub_object()
</UL>
<BR>[Address Reference Count : 2]<UL><LI> main.o(.text)
<LI> Serial.o(.constdata__ZTVN4mbed6SerialE)
</UL>
<P><STRONG><a name="[61]"></a>mbed::Stream::getc()</STRONG> (Thumb, 18 bytes, Stack size 0 bytes, Stream.o(i._ZN4mbed6Stream4getcEv), UNUSED)
<BR><BR>[Calls]<UL><LI><a href="#[51]">&gt;&gt;</a>&nbsp;&nbsp;&nbsp;fflush
<LI><a href="#[96]">&gt;&gt;</a>&nbsp;&nbsp;&nbsp;mbed::mbed_getc(std::__FILE*)
</UL>
<BR>[Called By]<UL><LI><a href="#[60]">&gt;&gt;</a>&nbsp;&nbsp;&nbsp;ReadAngle(unsigned char)
</UL>

<P><STRONG><a name="[58]"></a>mbed::Stream::putc(int)</STRONG> (Thumb, 22 bytes, Stack size 0 bytes, Stream.o(i._ZN4mbed6Stream4putcEi))
<BR><BR>[Calls]<UL><LI><a href="#[51]">&gt;&gt;</a>&nbsp;&nbsp;&nbsp;fflush
<LI><a href="#[36]">&gt;&gt;</a>&nbsp;&nbsp;&nbsp;fputc
</UL>
<BR>[Called By]<UL><LI><a href="#[60]">&gt;&gt;</a>&nbsp;&nbsp;&nbsp;ReadAngle(unsigned char)
<LI><a href="#[5f]">&gt;&gt;</a>&nbsp;&nbsp;&nbsp;Torque(unsigned char, unsigned char)
<LI><a href="#[5e]">&gt;&gt;</a>&nbsp;&nbsp;&nbsp;SendAngle(unsigned char, double)
<LI><a href="#[59]">&gt;&gt;</a>&nbsp;&nbsp;&nbsp;SendAngle_ALL(double*)
<LI><a href="#[57]">&gt;&gt;</a>&nbsp;&nbsp;&nbsp;Torque_ALL(unsigned char)
</UL>

<P><STRONG><a name="[3d]"></a>mbed::Stream::read(void*, unsigned)</STRONG> (Thumb, 38 bytes, Stack size 0 bytes, Stream.o(i._ZN4mbed6Stream4readEPvj))
<BR>[Address Reference Count : 2]<UL><LI> Serial.o(.constdata__ZTVN4mbed6SerialE)
<LI> Stream.o(.constdata__ZTVN4mbed6StreamE)
</UL>
<P><STRONG><a name="[3c]"></a>mbed::Stream::close()</STRONG> (Thumb, 4 bytes, Stack size 0 bytes, Stream.o(i._ZN4mbed6Stream5closeEv))
<BR>[Address Reference Count : 2]<UL><LI> Serial.o(.constdata__ZTVN4mbed6SerialE)
<LI> Stream.o(.constdata__ZTVN4mbed6StreamE)
</UL>
<P><STRONG><a name="[3f]"></a>mbed::Stream::fsync()</STRONG> (Thumb, 4 bytes, Stack size 0 bytes, Stream.o(i._ZN4mbed6Stream5fsyncEv))
<BR>[Address Reference Count : 2]<UL><LI> Serial.o(.constdata__ZTVN4mbed6SerialE)
<LI> Stream.o(.constdata__ZTVN4mbed6StreamE)
</UL>
<P><STRONG><a name="[3e]"></a>mbed::Stream::lseek(long, int)</STRONG> (Thumb, 4 bytes, Stack size 0 bytes, Stream.o(i._ZN4mbed6Stream5lseekEli))
<BR>[Address Reference Count : 2]<UL><LI> Serial.o(.constdata__ZTVN4mbed6SerialE)
<LI> Stream.o(.constdata__ZTVN4mbed6StreamE)
</UL>
<P><STRONG><a name="[3b]"></a>mbed::Stream::write(const void*, unsigned)</STRONG> (Thumb, 38 bytes, Stack size 0 bytes, Stream.o(i._ZN4mbed6Stream5writeEPKvj))
<BR>[Address Reference Count : 2]<UL><LI> Serial.o(.constdata__ZTVN4mbed6SerialE)
<LI> Stream.o(.constdata__ZTVN4mbed6StreamE)
</UL>
<P><STRONG><a name="[95]"></a>mbed::Stream::Stream__sub_object(const char*)</STRONG> (Thumb, 52 bytes, Stack size 0 bytes, Stream.o(i._ZN4mbed6StreamC2EPKc))
<BR><BR>[Calls]<UL><LI><a href="#[99]">&gt;&gt;</a>&nbsp;&nbsp;&nbsp;fopen
<LI><a href="#[97]">&gt;&gt;</a>&nbsp;&nbsp;&nbsp;mbed::FileLike::FileLike__sub_object(const char*)
<LI><a href="#[9a]">&gt;&gt;</a>&nbsp;&nbsp;&nbsp;mbed::mbed_set_unbuffered_stream(std::__FILE*)
<LI><a href="#[98]">&gt;&gt;</a>&nbsp;&nbsp;&nbsp;__2sprintf
</UL>
<BR>[Called By]<UL><LI><a href="#[67]">&gt;&gt;</a>&nbsp;&nbsp;&nbsp;mbed::Serial::Serial(PinName, PinName, const char*)
</UL>

<P><STRONG><a name="[42]"></a>mbed::Stream::~Stream__sub_object()</STRONG> (Thumb, 26 bytes, Stack size 0 bytes, Stream.o(i._ZN4mbed6StreamD2Ev))
<BR><BR>[Calls]<UL><LI><a href="#[9b]">&gt;&gt;</a>&nbsp;&nbsp;&nbsp;fclose
<LI><a href="#[44]">&gt;&gt;</a>&nbsp;&nbsp;&nbsp;mbed::FileLike::~FileLike__sub_object()
</UL>
<BR>[Called By]<UL><LI><a href="#[2c]">&gt;&gt;</a>&nbsp;&nbsp;&nbsp;mbed::Serial::~Serial()
</UL>
<BR>[Address Reference Count : 1]<UL><LI> Stream.o(.constdata__ZTVN4mbed6StreamE)
</UL>
<P><STRONG><a name="[a1]"></a>mbed::FileBase::getPathType()</STRONG> (Thumb, 4 bytes, Stack size 0 bytes, FileBase.o(i._ZN4mbed8FileBase11getPathTypeEv))
<BR><BR>[Called By]<UL><LI><a href="#[a3]">&gt;&gt;</a>&nbsp;&nbsp;&nbsp;mbed::FilePath::isFile()
<LI><a href="#[a2]">&gt;&gt;</a>&nbsp;&nbsp;&nbsp;mbed::FilePath::file()
<LI><a href="#[a0]">&gt;&gt;</a>&nbsp;&nbsp;&nbsp;mbed::FilePath::fileSystem()
</UL>

<P><STRONG><a name="[9c]"></a>mbed::FileBase::lookup(const char*, unsigned)</STRONG> (Thumb, 56 bytes, Stack size 0 bytes, FileBase.o(i._ZN4mbed8FileBase6lookupEPKcj))
<BR><BR>[Calls]<UL><LI><a href="#[9d]">&gt;&gt;</a>&nbsp;&nbsp;&nbsp;strncmp
<LI><a href="#[9e]">&gt;&gt;</a>&nbsp;&nbsp;&nbsp;strlen
</UL>
<BR>[Called By]<UL><LI><a href="#[a4]">&gt;&gt;</a>&nbsp;&nbsp;&nbsp;mbed::FilePath::FilePath(const char*)
</UL>

<P><STRONG><a name="[9f]"></a>mbed::FileBase::FileBase(const char*, mbed::PathType)</STRONG> (Thumb, 26 bytes, Stack size 0 bytes, FileBase.o(i._ZN4mbed8FileBaseC1EPKcNS_8PathTypeE))
<BR><BR>[Called By]<UL><LI><a href="#[97]">&gt;&gt;</a>&nbsp;&nbsp;&nbsp;mbed::FileLike::FileLike__sub_object(const char*)
</UL>

<P><STRONG><a name="[43]"></a>mbed::FileBase::~FileBase()</STRONG> (Thumb, 44 bytes, Stack size 0 bytes, FileBase.o(i._ZN4mbed8FileBaseD1Ev))
<BR><BR>[Called By]<UL><LI><a href="#[44]">&gt;&gt;</a>&nbsp;&nbsp;&nbsp;mbed::FileLike::~FileLike__sub_object()
</UL>
<BR>[Address Reference Count : 1]<UL><LI> FileBase.o(.constdata__ZTVN4mbed8FileBaseE)
</UL>
<P><STRONG><a name="[97]"></a>mbed::FileLike::FileLike__sub_object(const char*)</STRONG> (Thumb, 24 bytes, Stack size 0 bytes, FileLike.o(i._ZN4mbed8FileLikeC2EPKc))
<BR><BR>[Calls]<UL><LI><a href="#[9f]">&gt;&gt;</a>&nbsp;&nbsp;&nbsp;mbed::FileBase::FileBase(const char*, mbed::PathType)
</UL>
<BR>[Called By]<UL><LI><a href="#[95]">&gt;&gt;</a>&nbsp;&nbsp;&nbsp;mbed::Stream::Stream__sub_object(const char*)
</UL>

<P><STRONG><a name="[44]"></a>mbed::FileLike::~FileLike__sub_object()</STRONG> (Thumb, 16 bytes, Stack size 0 bytes, FileLike.o(i._ZN4mbed8FileLikeD2Ev))
<BR><BR>[Calls]<UL><LI><a href="#[43]">&gt;&gt;</a>&nbsp;&nbsp;&nbsp;mbed::FileBase::~FileBase()
<LI><a href="#[3a]">&gt;&gt;</a>&nbsp;&nbsp;&nbsp;mbed::FileHandle::~FileHandle__sub_object()
</UL>
<BR>[Called By]<UL><LI><a href="#[42]">&gt;&gt;</a>&nbsp;&nbsp;&nbsp;mbed::Stream::~Stream__sub_object()
</UL>
<BR>[Address Reference Count : 1]<UL><LI> FileLike.o(.constdata__ZTVN4mbed8FileLikeE)
</UL>
<P><STRONG><a name="[a0]"></a>mbed::FilePath::fileSystem()</STRONG> (Thumb, 26 bytes, Stack size 0 bytes, FilePath.o(i._ZN4mbed8FilePath10fileSystemEv))
<BR><BR>[Calls]<UL><LI><a href="#[a1]">&gt;&gt;</a>&nbsp;&nbsp;&nbsp;mbed::FileBase::getPathType()
</UL>
<BR>[Called By]<UL><LI><a href="#[4e]">&gt;&gt;</a>&nbsp;&nbsp;&nbsp;_sys_open
</UL>

<P><STRONG><a name="[a2]"></a>mbed::FilePath::file()</STRONG> (Thumb, 32 bytes, Stack size 0 bytes, FilePath.o(i._ZN4mbed8FilePath4fileEv))
<BR><BR>[Calls]<UL><LI><a href="#[a1]">&gt;&gt;</a>&nbsp;&nbsp;&nbsp;mbed::FileBase::getPathType()
</UL>
<BR>[Called By]<UL><LI><a href="#[4e]">&gt;&gt;</a>&nbsp;&nbsp;&nbsp;_sys_open
</UL>

<P><STRONG><a name="[b5]"></a>mbed::FilePath::exists()</STRONG> (Thumb, 10 bytes, Stack size 0 bytes, FilePath.o(i._ZN4mbed8FilePath6existsEv))
<BR><BR>[Called By]<UL><LI><a href="#[4e]">&gt;&gt;</a>&nbsp;&nbsp;&nbsp;_sys_open
</UL>

<P><STRONG><a name="[a3]"></a>mbed::FilePath::isFile()</STRONG> (Thumb, 24 bytes, Stack size 0 bytes, FilePath.o(i._ZN4mbed8FilePath6isFileEv))
<BR><BR>[Calls]<UL><LI><a href="#[a1]">&gt;&gt;</a>&nbsp;&nbsp;&nbsp;mbed::FileBase::getPathType()
</UL>
<BR>[Called By]<UL><LI><a href="#[4e]">&gt;&gt;</a>&nbsp;&nbsp;&nbsp;_sys_open
</UL>

<P><STRONG><a name="[b6]"></a>mbed::FilePath::fileName()</STRONG> (Thumb, 4 bytes, Stack size 0 bytes, FilePath.o(i._ZN4mbed8FilePath8fileNameEv))
<BR><BR>[Called By]<UL><LI><a href="#[4e]">&gt;&gt;</a>&nbsp;&nbsp;&nbsp;_sys_open
</UL>

<P><STRONG><a name="[a4]"></a>mbed::FilePath::FilePath(const char*)</STRONG> (Thumb, 68 bytes, Stack size 0 bytes, FilePath.o(i._ZN4mbed8FilePathC1EPKc))
<BR><BR>[Calls]<UL><LI><a href="#[9c]">&gt;&gt;</a>&nbsp;&nbsp;&nbsp;mbed::FileBase::lookup(const char*, unsigned)
</UL>
<BR>[Called By]<UL><LI><a href="#[4e]">&gt;&gt;</a>&nbsp;&nbsp;&nbsp;_sys_open
</UL>

<P><STRONG><a name="[96]"></a>mbed::mbed_getc(std::__FILE*)</STRONG> (Thumb, 8 bytes, Stack size 0 bytes, retarget.o(i._ZN4mbed9mbed_getcEPSt6__FILE), UNUSED)
<BR><BR>[Calls]<UL><LI><a href="#[4c]">&gt;&gt;</a>&nbsp;&nbsp;&nbsp;fgetc
</UL>
<BR>[Called By]<UL><LI><a href="#[61]">&gt;&gt;</a>&nbsp;&nbsp;&nbsp;mbed::Stream::getc()
</UL>

<P><STRONG><a name="[41]"></a>thunk{-72} to mbed::Serial::_getc()</STRONG> (Thumb, 10 bytes, Stack size 0 bytes, Serial.o(i._ZThn72_N4mbed6Serial5_getcEv))
<BR><BR>[Calls]<UL><LI><a href="#[87]">&gt;&gt;</a>&nbsp;&nbsp;&nbsp;mbed::SerialBase::_base_getc()
</UL>
<BR>[Address Reference Count : 1]<UL><LI> Serial.o(.constdata__ZTVN4mbed6SerialE)
</UL>
<P><STRONG><a name="[40]"></a>thunk{-72} to mbed::Serial::_putc(int)</STRONG> (Thumb, 10 bytes, Stack size 0 bytes, Serial.o(i._ZThn72_N4mbed6Serial5_putcEi))
<BR><BR>[Calls]<UL><LI><a href="#[89]">&gt;&gt;</a>&nbsp;&nbsp;&nbsp;mbed::SerialBase::_base_putc(int)
</UL>
<BR>[Address Reference Count : 1]<UL><LI> Serial.o(.constdata__ZTVN4mbed6SerialE)
</UL>
<P><STRONG><a name="[94]"></a>operator delete (void*)</STRONG> (Thumb, 8 bytes, Stack size 0 bytes, delete.o(i._ZdlPv))
<BR><BR>[Calls]<UL><LI><a href="#[a5]">&gt;&gt;</a>&nbsp;&nbsp;&nbsp;free
</UL>
<BR>[Called By]<UL><LI><a href="#[2d]">&gt;&gt;</a>&nbsp;&nbsp;&nbsp;mbed::BusOut::~BusOut()
</UL>

<P><STRONG><a name="[92]"></a>operator new(unsigned)</STRONG> (Thumb, 36 bytes, Stack size 0 bytes, new.o(i._Znwj))
<BR><BR>[Calls]<UL><LI><a href="#[a6]">&gt;&gt;</a>&nbsp;&nbsp;&nbsp;__rt_new_handler_addr
<LI><a href="#[82]">&gt;&gt;</a>&nbsp;&nbsp;&nbsp;malloc
</UL>
<BR>[Called By]<UL><LI><a href="#[69]">&gt;&gt;</a>&nbsp;&nbsp;&nbsp;mbed::BusOut::BusOut(PinName, PinName, PinName, PinName, PinName, PinName, PinName, PinName, PinName, PinName, PinName, PinName, PinName, PinName, PinName, PinName)
</UL>

<P><STRONG><a name="[a7]"></a>__0fprintf</STRONG> (Thumb, 24 bytes, Stack size 0 bytes, printfa.o(i.__0fprintf), UNUSED)
<BR><BR>[Calls]<UL><LI><a href="#[a8]">&gt;&gt;</a>&nbsp;&nbsp;&nbsp;_printf_core
</UL>

<P><STRONG><a name="[c1]"></a>__2fprintf</STRONG> (Thumb, 0 bytes, Stack size 0 bytes, printfa.o(i.__0fprintf))
<BR><BR>[Called By]<UL><LI><a href="#[bc]">&gt;&gt;</a>&nbsp;&nbsp;&nbsp;mbed_assert_internal
</UL>

<P><STRONG><a name="[a9]"></a>__0sprintf</STRONG> (Thumb, 36 bytes, Stack size 0 bytes, printfa.o(i.__0sprintf), UNUSED)
<BR><BR>[Calls]<UL><LI><a href="#[37]">&gt;&gt;</a>&nbsp;&nbsp;&nbsp;_sputc
<LI><a href="#[a8]">&gt;&gt;</a>&nbsp;&nbsp;&nbsp;_printf_core
</UL>

<P><STRONG><a name="[98]"></a>__2sprintf</STRONG> (Thumb, 0 bytes, Stack size 0 bytes, printfa.o(i.__0sprintf))
<BR><BR>[Called By]<UL><LI><a href="#[95]">&gt;&gt;</a>&nbsp;&nbsp;&nbsp;mbed::Stream::Stream__sub_object(const char*)
</UL>

<P><STRONG><a name="[aa]"></a>__0vfprintf</STRONG> (Thumb, 20 bytes, Stack size 0 bytes, printfa.o(i.__0vfprintf), UNUSED)
<BR><BR>[Calls]<UL><LI><a href="#[a8]">&gt;&gt;</a>&nbsp;&nbsp;&nbsp;_printf_core
</UL>

<P><STRONG><a name="[b8]"></a>vfprintf</STRONG> (Thumb, 0 bytes, Stack size 0 bytes, printfa.o(i.__0vfprintf))
<BR><BR>[Called By]<UL><LI><a href="#[b7]">&gt;&gt;</a>&nbsp;&nbsp;&nbsp;error
</UL>

<P><STRONG><a name="[78]"></a>__ARM_clz</STRONG> (Thumb, 46 bytes, Stack size 0 bytes, depilogue.o(i.__ARM_clz))
<BR><BR>[Called By]<UL><LI><a href="#[71]">&gt;&gt;</a>&nbsp;&nbsp;&nbsp;_double_epilogue
</UL>

<P><STRONG><a name="[68]"></a>__aeabi_atexit</STRONG> (Thumb, 44 bytes, Stack size 0 bytes, aeabi_atexit.o(i.__aeabi_atexit))
<BR><BR>[Calls]<UL><LI><a href="#[ab]">&gt;&gt;</a>&nbsp;&nbsp;&nbsp;__rt_ddtor_pointer_addr
<LI><a href="#[82]">&gt;&gt;</a>&nbsp;&nbsp;&nbsp;malloc
</UL>
<BR>[Called By]<UL><LI><a href="#[45]">&gt;&gt;</a>&nbsp;&nbsp;&nbsp;__sti___8_main_cpp
</UL>

<P><STRONG><a name="[8f]"></a>__aeabi_vec_ctor_nocookie_nodtor</STRONG> (Thumb, 32 bytes, Stack size 0 bytes, aeabi_vec_ctor_nocookie_nodtor.o(i.__aeabi_vec_ctor_nocookie_nodtor))
<BR><BR>[Called By]<UL><LI><a href="#[8e]">&gt;&gt;</a>&nbsp;&nbsp;&nbsp;mbed::SerialBase::SerialBase(PinName, PinName)
</UL>

<P><STRONG><a name="[ac]"></a>__cxa_finalize</STRONG> (Thumb, 66 bytes, Stack size 0 bytes, cxa_finalize.o(i.__cxa_finalize), UNUSED)
<BR><BR>[Calls]<UL><LI><a href="#[ab]">&gt;&gt;</a>&nbsp;&nbsp;&nbsp;__rt_ddtor_pointer_addr
<LI><a href="#[a5]">&gt;&gt;</a>&nbsp;&nbsp;&nbsp;free
</UL>

<P><STRONG><a name="[39]"></a>__cxa_pure_virtual</STRONG> (Thumb, 10 bytes, Stack size 0 bytes, pure_virt.o(i.__cxa_pure_virtual))
<BR>[Address Reference Count : 3]<UL><LI> retarget.o(.constdata__ZTVN4mbed10FileHandleE)
<LI> Stream.o(.constdata__ZTVN4mbed6StreamE)
<LI> FileLike.o(.constdata__ZTVN4mbed8FileLikeE)
</UL>
<P><STRONG><a name="[9b]"></a>fclose</STRONG> (Thumb, 10 bytes, Stack size 0 bytes, fclose_f.o(i._fclose$full))
<BR><BR>[Calls]<UL><LI><a href="#[ad]">&gt;&gt;</a>&nbsp;&nbsp;&nbsp;_sys_close
</UL>
<BR>[Called By]<UL><LI><a href="#[42]">&gt;&gt;</a>&nbsp;&nbsp;&nbsp;mbed::Stream::~Stream__sub_object()
</UL>

<P><STRONG><a name="[99]"></a>fopen</STRONG> (Thumb, 38 bytes, Stack size 0 bytes, fopen_f.o(i._fopen$full))
<BR><BR>[Calls]<UL><LI><a href="#[af]">&gt;&gt;</a>&nbsp;&nbsp;&nbsp;freopen
<LI><a href="#[82]">&gt;&gt;</a>&nbsp;&nbsp;&nbsp;malloc
<LI><a href="#[ae]">&gt;&gt;</a>&nbsp;&nbsp;&nbsp;__aeabi_memclr4
</UL>
<BR>[Called By]<UL><LI><a href="#[95]">&gt;&gt;</a>&nbsp;&nbsp;&nbsp;mbed::Stream::Stream__sub_object(const char*)
</UL>

<P><STRONG><a name="[af]"></a>freopen</STRONG> (Thumb, 96 bytes, Stack size 0 bytes, fopen_f.o(i._freopen$full))
<BR><BR>[Calls]<UL><LI><a href="#[4e]">&gt;&gt;</a>&nbsp;&nbsp;&nbsp;_sys_open
<LI><a href="#[ad]">&gt;&gt;</a>&nbsp;&nbsp;&nbsp;_sys_close
</UL>
<BR>[Called By]<UL><LI><a href="#[99]">&gt;&gt;</a>&nbsp;&nbsp;&nbsp;fopen
</UL>

<P><STRONG><a name="[ad]"></a>_sys_close</STRONG> (Thumb, 38 bytes, Stack size 0 bytes, retarget.o(i._sys_close))
<BR><BR>[Called By]<UL><LI><a href="#[9b]">&gt;&gt;</a>&nbsp;&nbsp;&nbsp;fclose
<LI><a href="#[af]">&gt;&gt;</a>&nbsp;&nbsp;&nbsp;freopen
</UL>

<P><STRONG><a name="[52]"></a>_sys_ensure</STRONG> (Thumb, 34 bytes, Stack size 0 bytes, retarget.o(i._sys_ensure))
<BR><BR>[Called By]<UL><LI><a href="#[51]">&gt;&gt;</a>&nbsp;&nbsp;&nbsp;fflush
</UL>

<P><STRONG><a name="[4e]"></a>_sys_open</STRONG> (Thumb, 210 bytes, Stack size 0 bytes, retarget.o(i._sys_open))
<BR><BR>[Calls]<UL><LI><a href="#[a4]">&gt;&gt;</a>&nbsp;&nbsp;&nbsp;mbed::FilePath::FilePath(const char*)
<LI><a href="#[b6]">&gt;&gt;</a>&nbsp;&nbsp;&nbsp;mbed::FilePath::fileName()
<LI><a href="#[a3]">&gt;&gt;</a>&nbsp;&nbsp;&nbsp;mbed::FilePath::isFile()
<LI><a href="#[b5]">&gt;&gt;</a>&nbsp;&nbsp;&nbsp;mbed::FilePath::exists()
<LI><a href="#[a2]">&gt;&gt;</a>&nbsp;&nbsp;&nbsp;mbed::FilePath::file()
<LI><a href="#[a0]">&gt;&gt;</a>&nbsp;&nbsp;&nbsp;mbed::FilePath::fileSystem()
<LI><a href="#[6d]">&gt;&gt;</a>&nbsp;&nbsp;&nbsp;__0sscanf
<LI><a href="#[b4]">&gt;&gt;</a>&nbsp;&nbsp;&nbsp;strcmp
</UL>
<BR>[Called By]<UL><LI><a href="#[4a]">&gt;&gt;</a>&nbsp;&nbsp;&nbsp;_initio
<LI><a href="#[af]">&gt;&gt;</a>&nbsp;&nbsp;&nbsp;freopen
</UL>

<P><STRONG><a name="[4d]"></a>_sys_read</STRONG> (Thumb, 72 bytes, Stack size 0 bytes, retarget.o(i._sys_read), UNUSED)
<BR><BR>[Calls]<UL><LI><a href="#[90]">&gt;&gt;</a>&nbsp;&nbsp;&nbsp;serial_init
<LI><a href="#[88]">&gt;&gt;</a>&nbsp;&nbsp;&nbsp;serial_getc
</UL>
<BR>[Called By]<UL><LI><a href="#[4c]">&gt;&gt;</a>&nbsp;&nbsp;&nbsp;fgetc
</UL>

<P><STRONG><a name="[53]"></a>_sys_seek</STRONG> (Thumb, 36 bytes, Stack size 0 bytes, retarget.o(i._sys_seek))
<BR><BR>[Called By]<UL><LI><a href="#[51]">&gt;&gt;</a>&nbsp;&nbsp;&nbsp;fflush
</UL>

<P><STRONG><a name="[50]"></a>_sys_write</STRONG> (Thumb, 84 bytes, Stack size 0 bytes, retarget.o(i._sys_write))
<BR><BR>[Calls]<UL><LI><a href="#[8a]">&gt;&gt;</a>&nbsp;&nbsp;&nbsp;serial_putc
<LI><a href="#[90]">&gt;&gt;</a>&nbsp;&nbsp;&nbsp;serial_init
</UL>
<BR>[Called By]<UL><LI><a href="#[36]">&gt;&gt;</a>&nbsp;&nbsp;&nbsp;fputc
</UL>

<P><STRONG><a name="[b7]"></a>error</STRONG> (Thumb, 20 bytes, Stack size 0 bytes, error.o(i.error))
<BR><BR>[Calls]<UL><LI><a href="#[b9]">&gt;&gt;</a>&nbsp;&nbsp;&nbsp;exit
<LI><a href="#[b8]">&gt;&gt;</a>&nbsp;&nbsp;&nbsp;vfprintf
</UL>
<BR>[Called By]<UL><LI><a href="#[c4]">&gt;&gt;</a>&nbsp;&nbsp;&nbsp;pinmap_pinout
<LI><a href="#[c3]">&gt;&gt;</a>&nbsp;&nbsp;&nbsp;pinmap_peripheral
<LI><a href="#[c2]">&gt;&gt;</a>&nbsp;&nbsp;&nbsp;pinmap_merge
</UL>

<P><STRONG><a name="[b9]"></a>exit</STRONG> (Thumb, 24 bytes, Stack size 0 bytes, retarget.o(i.exit))
<BR><BR>[Calls]<UL><LI><a href="#[51]">&gt;&gt;</a>&nbsp;&nbsp;&nbsp;fflush
<LI><a href="#[ba]">&gt;&gt;</a>&nbsp;&nbsp;&nbsp;mbed_die
</UL>
<BR>[Called By]<UL><LI><a href="#[b7]">&gt;&gt;</a>&nbsp;&nbsp;&nbsp;error
</UL>

<P><STRONG><a name="[a5]"></a>free</STRONG> (Thumb, 80 bytes, Stack size 0 bytes, malloc.o(i.free))
<BR><BR>[Called By]<UL><LI><a href="#[94]">&gt;&gt;</a>&nbsp;&nbsp;&nbsp;operator delete (void*)
<LI><a href="#[ac]">&gt;&gt;</a>&nbsp;&nbsp;&nbsp;__cxa_finalize
</UL>

<P><STRONG><a name="[bb]"></a>gpio_dir</STRONG> (Thumb, 62 bytes, Stack size 0 bytes, gpio_api.o(i.gpio_dir))
<BR><BR>[Calls]<UL><LI><a href="#[bc]">&gt;&gt;</a>&nbsp;&nbsp;&nbsp;mbed_assert_internal
</UL>
<BR>[Called By]<UL><LI><a href="#[93]">&gt;&gt;</a>&nbsp;&nbsp;&nbsp;gpio_init_out
</UL>

<P><STRONG><a name="[bd]"></a>gpio_init</STRONG> (Thumb, 96 bytes, Stack size 0 bytes, gpio_api.o(i.gpio_init))
<BR><BR>[Calls]<UL><LI><a href="#[be]">&gt;&gt;</a>&nbsp;&nbsp;&nbsp;pin_function
</UL>
<BR>[Called By]<UL><LI><a href="#[93]">&gt;&gt;</a>&nbsp;&nbsp;&nbsp;gpio_init_out
</UL>

<P><STRONG><a name="[93]"></a>gpio_init_out</STRONG> (Thumb, 68 bytes, Stack size 0 bytes, gpio.o(i.gpio_init_out))
<BR><BR>[Calls]<UL><LI><a href="#[bf]">&gt;&gt;</a>&nbsp;&nbsp;&nbsp;gpio_mode
<LI><a href="#[bd]">&gt;&gt;</a>&nbsp;&nbsp;&nbsp;gpio_init
<LI><a href="#[bb]">&gt;&gt;</a>&nbsp;&nbsp;&nbsp;gpio_dir
<LI><a href="#[bc]">&gt;&gt;</a>&nbsp;&nbsp;&nbsp;mbed_assert_internal
</UL>
<BR>[Called By]<UL><LI><a href="#[ba]">&gt;&gt;</a>&nbsp;&nbsp;&nbsp;mbed_die
<LI><a href="#[69]">&gt;&gt;</a>&nbsp;&nbsp;&nbsp;mbed::BusOut::BusOut(PinName, PinName, PinName, PinName, PinName, PinName, PinName, PinName, PinName, PinName, PinName, PinName, PinName, PinName, PinName, PinName)
</UL>

<P><STRONG><a name="[bf]"></a>gpio_mode</STRONG> (Thumb, 14 bytes, Stack size 0 bytes, gpio_api.o(i.gpio_mode))
<BR><BR>[Calls]<UL><LI><a href="#[c0]">&gt;&gt;</a>&nbsp;&nbsp;&nbsp;pin_mode
</UL>
<BR>[Called By]<UL><LI><a href="#[93]">&gt;&gt;</a>&nbsp;&nbsp;&nbsp;gpio_init_out
</UL>

<P><STRONG><a name="[82]"></a>malloc</STRONG> (Thumb, 92 bytes, Stack size 0 bytes, malloc.o(i.malloc))
<BR><BR>[Called By]<UL><LI><a href="#[99]">&gt;&gt;</a>&nbsp;&nbsp;&nbsp;fopen
<LI><a href="#[68]">&gt;&gt;</a>&nbsp;&nbsp;&nbsp;__aeabi_atexit
<LI><a href="#[92]">&gt;&gt;</a>&nbsp;&nbsp;&nbsp;operator new(unsigned)
<LI><a href="#[83]">&gt;&gt;</a>&nbsp;&nbsp;&nbsp;__ARM_exceptions_buffer_init
<LI><a href="#[7e]">&gt;&gt;</a>&nbsp;&nbsp;&nbsp;__cxa_get_globals
</UL>

<P><STRONG><a name="[bc]"></a>mbed_assert_internal</STRONG> (Thumb, 22 bytes, Stack size 0 bytes, assert.o(i.mbed_assert_internal))
<BR><BR>[Calls]<UL><LI><a href="#[ba]">&gt;&gt;</a>&nbsp;&nbsp;&nbsp;mbed_die
<LI><a href="#[c1]">&gt;&gt;</a>&nbsp;&nbsp;&nbsp;__2fprintf
</UL>
<BR>[Called By]<UL><LI><a href="#[be]">&gt;&gt;</a>&nbsp;&nbsp;&nbsp;pin_function
<LI><a href="#[bb]">&gt;&gt;</a>&nbsp;&nbsp;&nbsp;gpio_dir
<LI><a href="#[c0]">&gt;&gt;</a>&nbsp;&nbsp;&nbsp;pin_mode
<LI><a href="#[8d]">&gt;&gt;</a>&nbsp;&nbsp;&nbsp;serial_format
<LI><a href="#[93]">&gt;&gt;</a>&nbsp;&nbsp;&nbsp;gpio_init_out
<LI><a href="#[90]">&gt;&gt;</a>&nbsp;&nbsp;&nbsp;serial_init
<LI><a href="#[ba]">&gt;&gt;</a>&nbsp;&nbsp;&nbsp;mbed_die
</UL>

<P><STRONG><a name="[ba]"></a>mbed_die</STRONG> (Thumb, 396 bytes, Stack size 0 bytes, board.o(i.mbed_die))
<BR><BR>[Calls]<UL><LI><a href="#[bc]">&gt;&gt;</a>&nbsp;&nbsp;&nbsp;mbed_assert_internal
<LI><a href="#[93]">&gt;&gt;</a>&nbsp;&nbsp;&nbsp;gpio_init_out
<LI><a href="#[66]">&gt;&gt;</a>&nbsp;&nbsp;&nbsp;wait_ms
</UL>
<BR>[Called By]<UL><LI><a href="#[bc]">&gt;&gt;</a>&nbsp;&nbsp;&nbsp;mbed_assert_internal
<LI><a href="#[b9]">&gt;&gt;</a>&nbsp;&nbsp;&nbsp;exit
</UL>

<P><STRONG><a name="[85]"></a>mbed_main</STRONG> (Thumb, 2 bytes, Stack size 0 bytes, retarget.o(i.mbed_main))
<BR><BR>[Called By]<UL><LI><a href="#[29]">&gt;&gt;</a>&nbsp;&nbsp;&nbsp;main
</UL>

<P><STRONG><a name="[84]"></a>mbed_sdk_init</STRONG> (Thumb, 2 bytes, Stack size 0 bytes, retarget.o(i.mbed_sdk_init))
<BR><BR>[Called By]<UL><LI><a href="#[29]">&gt;&gt;</a>&nbsp;&nbsp;&nbsp;main
</UL>

<P><STRONG><a name="[be]"></a>pin_function</STRONG> (Thumb, 42 bytes, Stack size 0 bytes, pinmap.o(i.pin_function))
<BR><BR>[Calls]<UL><LI><a href="#[bc]">&gt;&gt;</a>&nbsp;&nbsp;&nbsp;mbed_assert_internal
</UL>
<BR>[Called By]<UL><LI><a href="#[bd]">&gt;&gt;</a>&nbsp;&nbsp;&nbsp;gpio_init
<LI><a href="#[c4]">&gt;&gt;</a>&nbsp;&nbsp;&nbsp;pinmap_pinout
</UL>

<P><STRONG><a name="[c0]"></a>pin_mode</STRONG> (Thumb, 56 bytes, Stack size 0 bytes, pinmap.o(i.pin_mode))
<BR><BR>[Calls]<UL><LI><a href="#[bc]">&gt;&gt;</a>&nbsp;&nbsp;&nbsp;mbed_assert_internal
</UL>
<BR>[Called By]<UL><LI><a href="#[bf]">&gt;&gt;</a>&nbsp;&nbsp;&nbsp;gpio_mode
<LI><a href="#[c4]">&gt;&gt;</a>&nbsp;&nbsp;&nbsp;pinmap_pinout
<LI><a href="#[90]">&gt;&gt;</a>&nbsp;&nbsp;&nbsp;serial_init
</UL>

<P><STRONG><a name="[c2]"></a>pinmap_merge</STRONG> (Thumb, 30 bytes, Stack size 0 bytes, pinmap_common.o(i.pinmap_merge))
<BR><BR>[Calls]<UL><LI><a href="#[b7]">&gt;&gt;</a>&nbsp;&nbsp;&nbsp;error
</UL>
<BR>[Called By]<UL><LI><a href="#[90]">&gt;&gt;</a>&nbsp;&nbsp;&nbsp;serial_init
</UL>

<P><STRONG><a name="[c3]"></a>pinmap_peripheral</STRONG> (Thumb, 60 bytes, Stack size 0 bytes, pinmap_common.o(i.pinmap_peripheral))
<BR><BR>[Calls]<UL><LI><a href="#[b7]">&gt;&gt;</a>&nbsp;&nbsp;&nbsp;error
</UL>
<BR>[Called By]<UL><LI><a href="#[90]">&gt;&gt;</a>&nbsp;&nbsp;&nbsp;serial_init
</UL>

<P><STRONG><a name="[c4]"></a>pinmap_pinout</STRONG> (Thumb, 60 bytes, Stack size 0 bytes, pinmap_common.o(i.pinmap_pinout))
<BR><BR>[Calls]<UL><LI><a href="#[b7]">&gt;&gt;</a>&nbsp;&nbsp;&nbsp;error
<LI><a href="#[be]">&gt;&gt;</a>&nbsp;&nbsp;&nbsp;pin_function
<LI><a href="#[c0]">&gt;&gt;</a>&nbsp;&nbsp;&nbsp;pin_mode
</UL>
<BR>[Called By]<UL><LI><a href="#[90]">&gt;&gt;</a>&nbsp;&nbsp;&nbsp;serial_init
</UL>

<P><STRONG><a name="[8c]"></a>serial_baud</STRONG> (Thumb, 272 bytes, Stack size 0 bytes, serial_api.o(i.serial_baud))
<BR><BR>[Calls]<UL><LI><a href="#[b3]">&gt;&gt;</a>&nbsp;&nbsp;&nbsp;__aeabi_uidivmod
</UL>
<BR>[Called By]<UL><LI><a href="#[90]">&gt;&gt;</a>&nbsp;&nbsp;&nbsp;serial_init
<LI><a href="#[55]">&gt;&gt;</a>&nbsp;&nbsp;&nbsp;mbed::SerialBase::baud(int)
</UL>

<P><STRONG><a name="[8d]"></a>serial_format</STRONG> (Thumb, 144 bytes, Stack size 0 bytes, serial_api.o(i.serial_format))
<BR><BR>[Calls]<UL><LI><a href="#[bc]">&gt;&gt;</a>&nbsp;&nbsp;&nbsp;mbed_assert_internal
</UL>
<BR>[Called By]<UL><LI><a href="#[90]">&gt;&gt;</a>&nbsp;&nbsp;&nbsp;serial_init
<LI><a href="#[56]">&gt;&gt;</a>&nbsp;&nbsp;&nbsp;mbed::SerialBase::format(int, mbed::SerialBase::Parity, int)
</UL>

<P><STRONG><a name="[88]"></a>serial_getc</STRONG> (Thumb, 14 bytes, Stack size 0 bytes, serial_api.o(i.serial_getc))
<BR><BR>[Called By]<UL><LI><a href="#[87]">&gt;&gt;</a>&nbsp;&nbsp;&nbsp;mbed::SerialBase::_base_getc()
<LI><a href="#[4d]">&gt;&gt;</a>&nbsp;&nbsp;&nbsp;_sys_read
</UL>

<P><STRONG><a name="[90]"></a>serial_init</STRONG> (Thumb, 168 bytes, Stack size 0 bytes, serial_api.o(i.serial_init))
<BR><BR>[Calls]<UL><LI><a href="#[c4]">&gt;&gt;</a>&nbsp;&nbsp;&nbsp;pinmap_pinout
<LI><a href="#[c3]">&gt;&gt;</a>&nbsp;&nbsp;&nbsp;pinmap_peripheral
<LI><a href="#[c2]">&gt;&gt;</a>&nbsp;&nbsp;&nbsp;pinmap_merge
<LI><a href="#[c0]">&gt;&gt;</a>&nbsp;&nbsp;&nbsp;pin_mode
<LI><a href="#[8d]">&gt;&gt;</a>&nbsp;&nbsp;&nbsp;serial_format
<LI><a href="#[8c]">&gt;&gt;</a>&nbsp;&nbsp;&nbsp;serial_baud
<LI><a href="#[bc]">&gt;&gt;</a>&nbsp;&nbsp;&nbsp;mbed_assert_internal
</UL>
<BR>[Called By]<UL><LI><a href="#[8e]">&gt;&gt;</a>&nbsp;&nbsp;&nbsp;mbed::SerialBase::SerialBase(PinName, PinName)
<LI><a href="#[50]">&gt;&gt;</a>&nbsp;&nbsp;&nbsp;_sys_write
<LI><a href="#[4d]">&gt;&gt;</a>&nbsp;&nbsp;&nbsp;_sys_read
</UL>

<P><STRONG><a name="[91]"></a>serial_irq_handler</STRONG> (Thumb, 14 bytes, Stack size 0 bytes, serial_api.o(i.serial_irq_handler))
<BR><BR>[Called By]<UL><LI><a href="#[8e]">&gt;&gt;</a>&nbsp;&nbsp;&nbsp;mbed::SerialBase::SerialBase(PinName, PinName)
</UL>

<P><STRONG><a name="[8a]"></a>serial_putc</STRONG> (Thumb, 14 bytes, Stack size 0 bytes, serial_api.o(i.serial_putc))
<BR><BR>[Called By]<UL><LI><a href="#[89]">&gt;&gt;</a>&nbsp;&nbsp;&nbsp;mbed::SerialBase::_base_putc(int)
<LI><a href="#[50]">&gt;&gt;</a>&nbsp;&nbsp;&nbsp;_sys_write
</UL>

<P><STRONG><a name="[c5]"></a>us_ticker_clear_interrupt</STRONG> (Thumb, 8 bytes, Stack size 0 bytes, us_ticker.o(i.us_ticker_clear_interrupt))
<BR><BR>[Called By]<UL><LI><a href="#[38]">&gt;&gt;</a>&nbsp;&nbsp;&nbsp;us_ticker_irq_handler
</UL>

<P><STRONG><a name="[c7]"></a>us_ticker_disable_interrupt</STRONG> (Thumb, 12 bytes, Stack size 0 bytes, us_ticker.o(i.us_ticker_disable_interrupt))
<BR><BR>[Called By]<UL><LI><a href="#[38]">&gt;&gt;</a>&nbsp;&nbsp;&nbsp;us_ticker_irq_handler
</UL>

<P><STRONG><a name="[38]"></a>us_ticker_irq_handler</STRONG> (Thumb, 58 bytes, Stack size 0 bytes, us_ticker_api.o(i.us_ticker_irq_handler))
<BR><BR>[Calls]<UL><LI><a href="#[c8]">&gt;&gt;</a>&nbsp;&nbsp;&nbsp;us_ticker_set_interrupt
<LI><a href="#[c7]">&gt;&gt;</a>&nbsp;&nbsp;&nbsp;us_ticker_disable_interrupt
<LI><a href="#[c5]">&gt;&gt;</a>&nbsp;&nbsp;&nbsp;us_ticker_clear_interrupt
<LI><a href="#[c6]">&gt;&gt;</a>&nbsp;&nbsp;&nbsp;us_ticker_read
</UL>
<BR>[Address Reference Count : 1]<UL><LI> us_ticker.o(i.us_ticker_read)
</UL>
<P><STRONG><a name="[c6]"></a>us_ticker_read</STRONG> (Thumb, 64 bytes, Stack size 0 bytes, us_ticker.o(i.us_ticker_read))
<BR><BR>[Calls]<UL><LI><a href="#[c9]">&gt;&gt;</a>&nbsp;&nbsp;&nbsp;NVIC_SetVector
<LI><a href="#[b3]">&gt;&gt;</a>&nbsp;&nbsp;&nbsp;__aeabi_uidivmod
</UL>
<BR>[Called By]<UL><LI><a href="#[38]">&gt;&gt;</a>&nbsp;&nbsp;&nbsp;us_ticker_irq_handler
<LI><a href="#[66]">&gt;&gt;</a>&nbsp;&nbsp;&nbsp;wait_ms
<LI><a href="#[65]">&gt;&gt;</a>&nbsp;&nbsp;&nbsp;wait
</UL>

<P><STRONG><a name="[c8]"></a>us_ticker_set_interrupt</STRONG> (Thumb, 14 bytes, Stack size 0 bytes, us_ticker.o(i.us_ticker_set_interrupt))
<BR><BR>[Called By]<UL><LI><a href="#[38]">&gt;&gt;</a>&nbsp;&nbsp;&nbsp;us_ticker_irq_handler
</UL>

<P><STRONG><a name="[65]"></a>wait</STRONG> (Thumb, 32 bytes, Stack size 0 bytes, wait_api.o(i.wait))
<BR><BR>[Calls]<UL><LI><a href="#[c6]">&gt;&gt;</a>&nbsp;&nbsp;&nbsp;us_ticker_read
<LI><a href="#[ca]">&gt;&gt;</a>&nbsp;&nbsp;&nbsp;__aeabi_fmul
<LI><a href="#[cb]">&gt;&gt;</a>&nbsp;&nbsp;&nbsp;__aeabi_f2iz
</UL>
<BR>[Called By]<UL><LI><a href="#[64]">&gt;&gt;</a>&nbsp;&nbsp;&nbsp;$Super$$main
</UL>

<P><STRONG><a name="[66]"></a>wait_ms</STRONG> (Thumb, 28 bytes, Stack size 0 bytes, wait_api.o(i.wait_ms))
<BR><BR>[Calls]<UL><LI><a href="#[c6]">&gt;&gt;</a>&nbsp;&nbsp;&nbsp;us_ticker_read
</UL>
<BR>[Called By]<UL><LI><a href="#[ba]">&gt;&gt;</a>&nbsp;&nbsp;&nbsp;mbed_die
<LI><a href="#[64]">&gt;&gt;</a>&nbsp;&nbsp;&nbsp;$Super$$main
</UL>
<P>
<H3>
Local Symbols
</H3>
<P><STRONG><a name="[45]"></a>__sti___8_main_cpp</STRONG> (Thumb, 88 bytes, Stack size 0 bytes, main.o(.text))
<BR><BR>[Calls]<UL><LI><a href="#[68]">&gt;&gt;</a>&nbsp;&nbsp;&nbsp;__aeabi_atexit
<LI><a href="#[67]">&gt;&gt;</a>&nbsp;&nbsp;&nbsp;mbed::Serial::Serial(PinName, PinName, const char*)
<LI><a href="#[69]">&gt;&gt;</a>&nbsp;&nbsp;&nbsp;mbed::BusOut::BusOut(PinName, PinName, PinName, PinName, PinName, PinName, PinName, PinName, PinName, PinName, PinName, PinName, PinName, PinName, PinName, PinName)
</UL>
<BR>[Address Reference Count : 1]<UL><LI> main.o(.init_array)
</UL>
<P><STRONG><a name="[33]"></a>&lang;Func1&rang;</STRONG> (Thumb, 10 bytes, Stack size 0 bytes, SerialBase.o(i.<Func1>))
<BR><BR>[Calls]<UL><LI><a href="#[86]">&gt;&gt;</a>&nbsp;&nbsp;&nbsp;mbed::FunctionPointer::FunctionPointer(void(*)())
</UL>
<BR>[Address Reference Count : 1]<UL><LI> SerialBase.o(i._ZN4mbed10SerialBaseC1E7PinNameS1_)
</UL>
<P><STRONG><a name="[b0]"></a>_fp_digits</STRONG> (Thumb, 314 bytes, Stack size 0 bytes, printfa.o(i._fp_digits), UNUSED)
<BR><BR>[Calls]<UL><LI><a href="#[5c]">&gt;&gt;</a>&nbsp;&nbsp;&nbsp;__aeabi_dmul
<LI><a href="#[63]">&gt;&gt;</a>&nbsp;&nbsp;&nbsp;__aeabi_ddiv
<LI><a href="#[5a]">&gt;&gt;</a>&nbsp;&nbsp;&nbsp;__aeabi_cdrcmple
<LI><a href="#[75]">&gt;&gt;</a>&nbsp;&nbsp;&nbsp;__aeabi_uldivmod
<LI><a href="#[79]">&gt;&gt;</a>&nbsp;&nbsp;&nbsp;__aeabi_dadd
<LI><a href="#[7d]">&gt;&gt;</a>&nbsp;&nbsp;&nbsp;__aeabi_d2ulz
</UL>
<BR>[Called By]<UL><LI><a href="#[a8]">&gt;&gt;</a>&nbsp;&nbsp;&nbsp;_printf_core
</UL>

<P><STRONG><a name="[a8]"></a>_printf_core</STRONG> (Thumb, 1766 bytes, Stack size 0 bytes, printfa.o(i._printf_core), UNUSED)
<BR><BR>[Calls]<UL><LI><a href="#[75]">&gt;&gt;</a>&nbsp;&nbsp;&nbsp;__aeabi_uldivmod
<LI><a href="#[b1]">&gt;&gt;</a>&nbsp;&nbsp;&nbsp;_printf_pre_padding
<LI><a href="#[b2]">&gt;&gt;</a>&nbsp;&nbsp;&nbsp;_printf_post_padding
<LI><a href="#[b0]">&gt;&gt;</a>&nbsp;&nbsp;&nbsp;_fp_digits
<LI><a href="#[b3]">&gt;&gt;</a>&nbsp;&nbsp;&nbsp;__aeabi_uidivmod
</UL>
<BR>[Called By]<UL><LI><a href="#[aa]">&gt;&gt;</a>&nbsp;&nbsp;&nbsp;__0vfprintf
<LI><a href="#[a9]">&gt;&gt;</a>&nbsp;&nbsp;&nbsp;__0sprintf
<LI><a href="#[a7]">&gt;&gt;</a>&nbsp;&nbsp;&nbsp;__0fprintf
</UL>

<P><STRONG><a name="[b2]"></a>_printf_post_padding</STRONG> (Thumb, 32 bytes, Stack size 0 bytes, printfa.o(i._printf_post_padding), UNUSED)
<BR><BR>[Called By]<UL><LI><a href="#[a8]">&gt;&gt;</a>&nbsp;&nbsp;&nbsp;_printf_core
</UL>

<P><STRONG><a name="[b1]"></a>_printf_pre_padding</STRONG> (Thumb, 44 bytes, Stack size 0 bytes, printfa.o(i._printf_pre_padding), UNUSED)
<BR><BR>[Called By]<UL><LI><a href="#[a8]">&gt;&gt;</a>&nbsp;&nbsp;&nbsp;_printf_core
</UL>

<P><STRONG><a name="[37]"></a>_sputc</STRONG> (Thumb, 10 bytes, Stack size 0 bytes, printfa.o(i._sputc))
<BR><BR>[Called By]<UL><LI><a href="#[a9]">&gt;&gt;</a>&nbsp;&nbsp;&nbsp;__0sprintf
</UL>
<BR>[Address Reference Count : 1]<UL><LI> printfa.o(i.__0sprintf)
</UL>
<P><STRONG><a name="[30]"></a>_scanf_char_input</STRONG> (Thumb, 12 bytes, Stack size 0 bytes, scanf_char.o(.text))
<BR>[Address Reference Count : 1]<UL><LI> scanf_char.o(.text)
</UL>
<P><STRONG><a name="[32]"></a>__default_terminate_handler()</STRONG> (Thumb, 6 bytes, Stack size 0 bytes, arm_exceptions_globs.o(.text))
<BR>[Address Reference Count : 1]<UL><LI> arm_exceptions_globs.o(.text)
</UL><P>
<H3>
Undefined Global Symbols
</H3><HR></body></html>
