ARM Linker, 5.03 [Build 76] [MDK-ARM Lite]

==============================================================================

Section Cross References

    main.o(.text) refers to SerialBase.o(i._ZN4mbed10SerialBase4baudEi) for mbed::SerialBase::baud(int)
    main.o(.text) refers to SerialBase.o(i._ZN4mbed10SerialBase6formatEiNS0_6ParityEi) for mbed::SerialBase::format(int, mbed::SerialBase::Parity, int)
    main.o(.text) refers to Stream.o(i._ZN4mbed6Stream4putcEi) for mbed::Stream::putc(int)
    main.o(.text) refers to cdrcmple.o(.text) for __aeabi_cdrcmple
    main.o(.text) refers to cdcmple.o(.text) for __aeabi_cdcmple
    main.o(.text) refers to dmul.o(.text) for __aeabi_dmul
    main.o(.text) refers to dfixi.o(.text) for __aeabi_d2iz
    main.o(.text) refers to Stream.o(i._ZN4mbed6Stream4getcEv) for mbed::Stream::getc()
    main.o(.text) refers to dflti.o(.text) for __aeabi_i2d
    main.o(.text) refers to ddiv.o(.text) for __aeabi_ddiv
    main.o(.text) refers to wait_api.o(i.wait) for wait
    main.o(.text) refers to wait_api.o(i.wait_ms) for wait_ms
    main.o(.text) refers to Serial.o(i._ZN4mbed6SerialC1E7PinNameS1_PKc) for mbed::Serial::Serial(PinName, PinName, const char*)
    main.o(.text) refers to aeabi_atexit.o(i.__aeabi_atexit) for __aeabi_atexit
    main.o(.text) refers to BusOut.o(i._ZN4mbed6BusOutC1E7PinNameS1_S1_S1_S1_S1_S1_S1_S1_S1_S1_S1_S1_S1_S1_S1_) for mbed::BusOut::BusOut(PinName, PinName, PinName, PinName, PinName, PinName, PinName, PinName, PinName, PinName, PinName, PinName, PinName, PinName, PinName, PinName)
    main.o(.text) refers to main.o(.bss) for uart
    main.o(.text) refers to Serial.o(i._ZN4mbed6SerialD1Ev) for mbed::Serial::~Serial()
    main.o(.text) refers to BusOut.o(i._ZN4mbed6BusOutD1Ev) for mbed::BusOut::~BusOut()
    main.o(.ARM.exidx) refers to main.o(.text) for .text
    main.o(.init_array) refers to main.o(.text) for __sti___8_main_cpp
    main.o(.init_array) refers to cpp_init.o(.text) for __cpp_initialize__aeabi_
    startup_LPC11xx.o(RESET) refers to startup_LPC11xx.o(.text) for Reset_Handler
    startup_LPC11xx.o(.text) refers to system_LPC11xx.o(i.SystemInit) for SystemInit
    startup_LPC11xx.o(.text) refers to entry.o(.ARM.Collect$$$$00000000) for __main
    retarget.o(.rev16_text) refers (Special) to entry6b.o(.ARM.Collect$$$$00000006) for __use_full_stdio
    retarget.o(.revsh_text) refers (Special) to entry6b.o(.ARM.Collect$$$$00000006) for __use_full_stdio
    retarget.o(i.$Sub$$main) refers (Special) to entry6b.o(.ARM.Collect$$$$00000006) for __use_full_stdio
    retarget.o(i.$Sub$$main) refers to retarget.o(i.mbed_sdk_init) for mbed_sdk_init
    retarget.o(i.$Sub$$main) refers to retarget.o(i.mbed_main) for mbed_main
    retarget.o(i.$Sub$$main) refers to main.o(.text) for $Super$$main
    retarget.o(i._ZN4mbed10FileHandleD0Ev) refers (Special) to entry6b.o(.ARM.Collect$$$$00000006) for __use_full_stdio
    retarget.o(i._ZN4mbed10FileHandleD0Ev) refers to delete.o(i._ZdlPv) for operator delete (void*)
    retarget.o(i._ZN4mbed10FileHandleD0Ev) refers to retarget.o(.constdata__ZTVN4mbed10FileHandleE) for vtable for mbed::FileHandle
    retarget.o(i._ZN4mbed10FileHandleD0Ev) refers to retarget.o(.bss) for .bss
    retarget.o(i._ZN4mbed10FileHandleD2Ev) refers (Special) to entry6b.o(.ARM.Collect$$$$00000006) for __use_full_stdio
    retarget.o(i._ZN4mbed10FileHandleD2Ev) refers to retarget.o(.constdata__ZTVN4mbed10FileHandleE) for vtable for mbed::FileHandle
    retarget.o(i._ZN4mbed10FileHandleD2Ev) refers to retarget.o(.bss) for .bss
    retarget.o(i._ZN4mbed26mbed_set_unbuffered_streamEPSt6__FILE) refers (Special) to entry6b.o(.ARM.Collect$$$$00000006) for __use_full_stdio
    retarget.o(i._ZN4mbed9mbed_getcEPSt6__FILE) refers (Special) to entry6b.o(.ARM.Collect$$$$00000006) for __use_full_stdio
    retarget.o(i._ZN4mbed9mbed_getcEPSt6__FILE) refers to fgetc_bpf.o(.text) for fgetc
    retarget.o(i._ZN4mbed9mbed_getsEPciPSt6__FILE) refers (Special) to entry6b.o(.ARM.Collect$$$$00000006) for __use_full_stdio
    retarget.o(i._ZN4mbed9mbed_getsEPciPSt6__FILE) refers to fgets.o(i.fgets) for fgets
    retarget.o(i._sys_close) refers (Special) to entry6b.o(.ARM.Collect$$$$00000006) for __use_full_stdio
    retarget.o(i._sys_close) refers to retarget.o(.bss) for .bss
    retarget.o(i._sys_command_string) refers (Special) to entry6b.o(.ARM.Collect$$$$00000006) for __use_full_stdio
    retarget.o(i._sys_ensure) refers (Special) to entry6b.o(.ARM.Collect$$$$00000006) for __use_full_stdio
    retarget.o(i._sys_ensure) refers to retarget.o(.bss) for .bss
    retarget.o(i._sys_flen) refers (Special) to entry6b.o(.ARM.Collect$$$$00000006) for __use_full_stdio
    retarget.o(i._sys_flen) refers to retarget.o(.bss) for .bss
    retarget.o(i._sys_istty) refers (Special) to entry6b.o(.ARM.Collect$$$$00000006) for __use_full_stdio
    retarget.o(i._sys_istty) refers to retarget.o(.bss) for .bss
[...]
    ../clib/microlib/stdio/streams.c         0x00000000   Number         0  stderr.o ABSOLUTE
    ../clib/microlib/stdio/streams.c         0x00000000   Number         0  stderr_f.o ABSOLUTE
    ../clib/microlib/stdlib/abort.c          0x00000000   Number         0  abort.o ABSOLUTE
    ../clib/microlib/string/memcpy.c         0x00000000   Number         0  memcpyb.o ABSOLUTE
    ../clib/microlib/string/memcpy.c         0x00000000   Number         0  memcpya.o ABSOLUTE
    ../clib/microlib/string/memset.c         0x00000000   Number         0  memseta.o ABSOLUTE
    ../clib/microlib/string/strcmp.c         0x00000000   Number         0  strcmp.o ABSOLUTE
    ../clib/microlib/string/strlen.c         0x00000000   Number         0  strlen.o ABSOLUTE
    ../clib/microlib/string/strncmp.c        0x00000000   Number         0  strncmp.o ABSOLUTE
    ../clib/microlib/string/strncpy.c        0x00000000   Number         0  strncpy.o ABSOLUTE
    ../clib/microlib/stubs.s                 0x00000000   Number         0  iusesemig.o ABSOLUTE
    ../clib/microlib/stubs.s                 0x00000000   Number         0  iusesemihosting.o ABSOLUTE
    ../clib/microlib/stubs.s                 0x00000000   Number         0  iusesemip.o ABSOLUTE
    ../clib/microlib/stubs.s                 0x00000000   Number         0  iusefp.o ABSOLUTE
    ../clib/scanf.c                          0x00000000   Number         0  _scanf_str.o ABSOLUTE
    ../clib/scanf.c                          0x00000000   Number         0  __0sscanf.o ABSOLUTE
    ../clib/scanf.c                          0x00000000   Number         0  _sgetc.o ABSOLUTE
    ../clib/scanf.c                          0x00000000   Number         0  scanf_char_file.o ABSOLUTE
    ../clib/scanf.c                          0x00000000   Number         0  _scanf.o ABSOLUTE
    ../clib/scanf.c                          0x00000000   Number         0  vfscanf.o ABSOLUTE
    ../clib/scanf.c                          0x00000000   Number         0  _chval.o ABSOLUTE
    ../clib/scanf.c                          0x00000000   Number         0  _scanf_int.o ABSOLUTE
    ../clib/scanf.c                          0x00000000   Number         0  _scanf_longlong.o ABSOLUTE
    ../clib/scanf.c                          0x00000000   Number         0  scanf_char.o ABSOLUTE
    ../clib/scanf.c                          0x00000000   Number         0  scanf_fp.o ABSOLUTE
    ../fplib/microlib/d2f.c                  0x00000000   Number         0  d2f.o ABSOLUTE
    ../fplib/microlib/fpadd.c                0x00000000   Number         0  dadd.o ABSOLUTE
    ../fplib/microlib/fpdiv.c                0x00000000   Number         0  ddiv.o ABSOLUTE
    ../fplib/microlib/fpepilogue.c           0x00000000   Number         0  fepilogue.o ABSOLUTE
    ../fplib/microlib/fpepilogue.c           0x00000000   Number         0  depilogue.o ABSOLUTE
    ../fplib/microlib/fpfix.c                0x00000000   Number         0  dfixul.o ABSOLUTE
    ../fplib/microlib/fpfix.c                0x00000000   Number         0  dfixi.o ABSOLUTE
    ../fplib/microlib/fpfix.c                0x00000000   Number         0  ffixi.o ABSOLUTE
    ../fplib/microlib/fpflt.c                0x00000000   Number         0  dfltul.o ABSOLUTE
    ../fplib/microlib/fpflt.c                0x00000000   Number         0  dflti.o ABSOLUTE
    ../fplib/microlib/fpmul.c                0x00000000   Number         0  dmul.o ABSOLUTE
    ../fplib/microlib/fpmul.c                0x00000000   Number         0  fmul.o ABSOLUTE
    C:\Code\git_repo\github\mbed-official\libraries\mbed\common\BusOut.cpp 0x00000000   Number         0  BusOut.o ABSOLUTE
    C:\Code\git_repo\github\mbed-official\libraries\mbed\common\FileBase.cpp 0x00000000   Number         0  FileBase.o ABSOLUTE
    C:\Code\git_repo\github\mbed-official\libraries\mbed\common\FileLike.cpp 0x00000000   Number         0  FileLike.o ABSOLUTE
    C:\Code\git_repo\github\mbed-official\libraries\mbed\common\FilePath.cpp 0x00000000   Number         0  FilePath.o ABSOLUTE
    C:\Code\git_repo\github\mbed-official\libraries\mbed\common\FileSystemLike.cpp 0x00000000   Number         0  FileSystemLike.o ABSOLUTE
    C:\Code\git_repo\github\mbed-official\libraries\mbed\common\FunctionPointer.cpp 0x00000000   Number         0  FunctionPointer.o ABSOLUTE
    C:\Code\git_repo\github\mbed-official\libraries\mbed\common\Serial.cpp 0x00000000   Number         0  Serial.o ABSOLUTE
    C:\Code\git_repo\github\mbed-official\libraries\mbed\common\SerialBase.cpp 0x00000000   Number         0  SerialBase.o ABSOLUTE
    C:\Code\git_repo\github\mbed-official\libraries\mbed\common\Stream.cpp 0x00000000   Number         0  Stream.o ABSOLUTE
    C:\Code\git_repo\github\mbed-official\libraries\mbed\common\assert.c 0x00000000   Number         0  assert.o ABSOLUTE
    C:\Code\git_repo\github\mbed-official\libraries\mbed\common\board.c 0x00000000   Number         0  board.o ABSOLUTE
    C:\Code\git_repo\github\mbed-official\libraries\mbed\common\error.c 0x00000000   Number         0  error.o ABSOLUTE
    C:\Code\git_repo\github\mbed-official\libraries\mbed\common\gpio.c 0x00000000   Number         0  gpio.o ABSOLUTE
    C:\Code\git_repo\github\mbed-official\libraries\mbed\common\pinmap_common.c 0x00000000   Number         0  pinmap_common.o ABSOLUTE
    C:\Code\git_repo\github\mbed-official\libraries\mbed\common\retarget.cpp 0x00000000   Number         0  retarget.o ABSOLUTE
    C:\Code\git_repo\github\mbed-official\libraries\mbed\common\us_ticker_api.c 0x00000000   Number         0  us_ticker_api.o ABSOLUTE
    C:\Code\git_repo\github\mbed-official\libraries\mbed\common\wait_api.c 0x00000000   Number         0  wait_api.o ABSOLUTE
    C:\Code\git_repo\github\mbed-official\libraries\mbed\targets\cmsis\TARGET_NXP\TARGET_LPC11XX_11CXX\TARGET_LPC11XX\system_LPC11xx.c 0x00000000   Number         0  system_LPC11xx.o ABSOLUTE
    C:\Code\git_repo\github\mbed-official\libraries\mbed\targets\cmsis\TARGET_NXP\TARGET_LPC11XX_11CXX\TOOLCHAIN_ARM_MICRO\sys.cpp 0x00000000   Number         0  sys.o ABSOLUTE
    C:\Code\git_repo\github\mbed-official\libraries\mbed\targets\cmsis\TARGET_NXP\TARGET_LPC11XX_11CXX\cmsis_nvic.c 0x00000000   Number         0  cmsis_nvic.o ABSOLUTE
    C:\Code\git_repo\github\mbed-official\libraries\mbed\targets\hal\TARGET_NXP\TARGET_LPC11XX_11CXX\gpio_api.c 0x00000000   Number         0  gpio_api.o ABSOLUTE
    C:\Code\git_repo\github\mbed-official\libraries\mbed\targets\hal\TARGET_NXP\TARGET_LPC11XX_11CXX\pinmap.c 0x00000000   Number         0  pinmap.o ABSOLUTE
    C:\Code\git_repo\github\mbed-official\libraries\mbed\targets\hal\TARGET_NXP\TARGET_LPC11XX_11CXX\serial_api.c 0x00000000   Number         0  serial_api.o ABSOLUTE
    C:\Code\git_repo\github\mbed-official\libraries\mbed\targets\hal\TARGET_NXP\TARGET_LPC11XX_11CXX\us_ticker.c 0x00000000   Number         0  us_ticker.o ABSOLUTE
    C:\\Code\\git_repo\\github\\mbed-official\\libraries\\mbed\\common\\BusOut.cpp 0x00000000   Number         0  BusOut.o ABSOLUTE
    C:\\Code\\git_repo\\github\\mbed-official\\libraries\\mbed\\common\\FileBase.cpp 0x00000000   Number         0  FileBase.o ABSOLUTE
    C:\\Code\\git_repo\\github\\mbed-official\\libraries\\mbed\\common\\FileLike.cpp 0x00000000   Number         0  FileLike.o ABSOLUTE
    C:\\Code\\git_repo\\github\\mbed-official\\libraries\\mbed\\common\\FilePath.cpp 0x00000000   Number         0  FilePath.o ABSOLUTE
    C:\\Code\\git_repo\\github\\mbed-official\\libraries\\mbed\\common\\FileSystemLike.cpp 0x00000000   Number         0  FileSystemLike.o ABSOLUTE
    C:\\Code\\git_repo\\github\\mbed-official\\libraries\\mbed\\common\\Serial.cpp 0x00000000   Number         0  Serial.o ABSOLUTE
    C:\\Code\\git_repo\\github\\mbed-official\\libraries\\mbed\\common\\SerialBase.cpp 0x00000000   Number         0  SerialBase.o ABSOLUTE
    C:\\Code\\git_repo\\github\\mbed-official\\libraries\\mbed\\common\\Stream.cpp 0x00000000   Number         0  Stream.o ABSOLUTE
    C:\\Code\\git_repo\\github\\mbed-official\\libraries\\mbed\\common\\assert.c 0x00000000   Number         0  assert.o ABSOLUTE
    C:\\Code\\git_repo\\github\\mbed-official\\libraries\\mbed\\common\\board.c 0x00000000   Number         0  board.o ABSOLUTE
    C:\\Code\\git_repo\\github\\mbed-official\\libraries\\mbed\\common\\error.c 0x00000000   Number         0  error.o ABSOLUTE
    C:\\Code\\git_repo\\github\\mbed-official\\libraries\\mbed\\common\\gpio.c 0x00000000   Number         0  gpio.o ABSOLUTE
    C:\\Code\\git_repo\\github\\mbed-official\\libraries\\mbed\\common\\pinmap_common.c 0x00000000   Number         0  pinmap_common.o ABSOLUTE
    C:\\Code\\git_repo\\github\\mbed-official\\libraries\\mbed\\common\\retarget.cpp 0x00000000   Number         0  retarget.o ABSOLUTE
    C:\\Code\\git_repo\\github\\mbed-official\\libraries\\mbed\\common\\us_ticker_api.c 0x00000000   Number         0  us_ticker_api.o ABSOLUTE
    C:\\Code\\git_repo\\github\\mbed-official\\libraries\\mbed\\targets\\cmsis\\TARGET_NXP\\TARGET_LPC11XX_11CXX\\TARGET_LPC11XX\\system_LPC11xx.c 0x00000000   Number         0  system_LPC11xx.o ABSOLUTE
    C:\\Code\\git_repo\\github\\mbed-official\\libraries\\mbed\\targets\\cmsis\\TARGET_NXP\\TARGET_LPC11XX_11CXX\\TOOLCHAIN_ARM_MICRO\\TARGET_LPC11XX\\startup_LPC11xx.s 0x00000000   Number         0  startup_LPC11xx.o ABSOLUTE
    C:\\Code\\git_repo\\github\\mbed-official\\libraries\\mbed\\targets\\cmsis\\TARGET_NXP\\TARGET_LPC11XX_11CXX\\cmsis_nvic.c 0x00000000   Number         0  cmsis_nvic.o ABSOLUTE
    C:\\Code\\git_repo\\github\\mbed-official\\libraries\\mbed\\targets\\hal\\TARGET_NXP\\TARGET_LPC11XX_11CXX\\gpio_api.c 0x00000000   Number         0  gpio_api.o ABSOLUTE
    C:\\Code\\git_repo\\github\\mbed-official\\libraries\\mbed\\targets\\hal\\TARGET_NXP\\TARGET_LPC11XX_11CXX\\pinmap.c 0x00000000   Number         0  pinmap.o ABSOLUTE
    C:\\Code\\git_repo\\github\\mbed-official\\libraries\\mbed\\targets\\hal\\TARGET_NXP\\TARGET_LPC11XX_11CXX\\serial_api.c 0x00000000   Number         0  serial_api.o ABSOLUTE
    C:\\Code\\git_repo\\github\\mbed-official\\libraries\\mbed\\targets\\hal\\TARGET_NXP\\TARGET_LPC11XX_11CXX\\us_ticker.c 0x00000000   Number         0  us_ticker.o ABSOLUTE
    cdcmple.s                                0x00000000   Number         0  cdcmple.o ABSOLUTE
    cdrcmple.s                               0x00000000   Number         0  cdrcmple.o ABSOLUTE
    dc.s                                     0x00000000   Number         0  dc.o ABSOLUTE
    handlers.s                               0x00000000   Number         0  handlers.o ABSOLUTE
    init.s                                   0x00000000   Number         0  init.o ABSOLUTE
    main.cpp                                 0x00000000   Number         0  main.o ABSOLUTE
    main.cpp                                 0x00000000   Number         0  main.o ABSOLUTE
    .ARM.Collect$$$$00000000                 0x00000200   Section        0  entry.o(.ARM.Collect$$$$00000000)
    .ARM.Collect$$$$00000001                 0x00000200   Section        4  entry2.o(.ARM.Collect$$$$00000001)
    .ARM.Collect$$$$00000004                 0x00000204   Section        4  entry5.o(.ARM.Collect$$$$00000004)
    .ARM.Collect$$$$00000006                 0x00000208   Section        4  entry6b.o(.ARM.Collect$$$$00000006)
    .ARM.Collect$$$$00000008                 0x0000020c   Section        0  entry7b.o(.ARM.Collect$$$$00000008)
    .ARM.Collect$$$$00000009                 0x0000020c   Section        4  entry8a.o(.ARM.Collect$$$$00000009)
    .ARM.Collect$$$$0000000A                 0x00000210   Section        0  entry8b.o(.ARM.Collect$$$$0000000A)
    .ARM.Collect$$$$0000000B                 0x00000210   Section        8  entry9a.o(.ARM.Collect$$$$0000000B)
    .ARM.Collect$$$$0000000D                 0x00000218   Section        0  entry10a.o(.ARM.Collect$$$$0000000D)
    .ARM.Collect$$$$0000000F                 0x00000218   Section        0  entry11a.o(.ARM.Collect$$$$0000000F)
    .ARM.Collect$$$$00002712                 0x00000218   Section        4  entry2.o(.ARM.Collect$$$$00002712)
    __lit__00000000                          0x00000218   Data           4  entry2.o(.ARM.Collect$$$$00002712)
    .text                                    0x0000021c   Section       28  startup_LPC11xx.o(.text)
    .text                                    0x00000238   Section        0  fgetc_bpf.o(.text)
    .text                                    0x0000028c   Section        0  initio_oe.o(.text)
    .text                                    0x000002ac   Section        0  fputc_fp.o(.text)
    .text                                    0x000002d6   Section        0  fflush_fe.o(.text)
    .ARM.__at_0x02FC                         0x000002fc   Section        4  startup_LPC11xx.o(.ARM.__at_0x02FC)
    .text                                    0x00000300   Section        0  main.o(.text)
    __sti___8_main_cpp                       0x00000667   Thumb Code    88  main.o(.text)
    .text                                    0x000006f0   Section        0  uidiv.o(.text)
    .text                                    0x0000071c   Section        0  memseta.o(.text)
    .text                                    0x00000740   Section        0  strlen.o(.text)
    .text                                    0x0000074e   Section        0  strcmp.o(.text)
    .text                                    0x0000076a   Section        0  strncmp.o(.text)
    .text                                    0x00000788   Section        0  __0sscanf.o(.text)
    .text                                    0x000007c4   Section        0  _scanf_int.o(.text)
    .text                                    0x00000910   Section        0  cpp_init.o(.text)
    .text                                    0x00000930   Section        0  fmul.o(.text)
    .text                                    0x000009ac   Section        0  dmul.o(.text)
    .text                                    0x00000a7c   Section        0  ddiv.o(.text)
    .text                                    0x00000b6c   Section        0  dflti.o(.text)
    .text                                    0x00000b94   Section        0  ffixi.o(.text)
    .text                                    0x00000bc8   Section        0  dfixi.o(.text)
    .text                                    0x00000c10   Section       40  cdcmple.o(.text)
    .text                                    0x00000c38   Section       40  cdrcmple.o(.text)
    .text                                    0x00000c60   Section        0  arm_newhandler_noexceptions.o(.text)
    .text                                    0x00000c68   Section        0  uldiv.o(.text)
    .text                                    0x00000cc8   Section        0  llushr.o(.text)
    .text                                    0x00000cea   Section        0  _chval.o(.text)
    .text                                    0x00000d08   Section        0  scanf_char.o(.text)
    _scanf_char_input                        0x00000d09   Thumb Code    12  scanf_char.o(.text)
    .text                                    0x00000d34   Section        0  _sgetc.o(.text)
    .text                                    0x00000d78   Section        0  cpp_dtor.o(.text)
    .text                                    0x00000d78   Section        0  iusefp.o(.text)
    .text                                    0x00000d80   Section        0  cpp_final.o(.text)
    .text                                    0x00000d84   Section        0  cpp_memory.o(.text)
    .text                                    0x00000d8c   Section        0  cpp_unwinder.o(.text)
    .text                                    0x00000dac   Section        0  depilogue.o(.text)
    .text                                    0x00000e6c   Section        0  dadd.o(.text)
    .text                                    0x00000fd0   Section        0  dfixul.o(.text)
    .text                                    0x00001010   Section        0  arm_exceptions_terminate.o(.text)
    .text                                    0x0000102c   Section       36  init.o(.text)
    .text                                    0x00001050   Section        0  llshl.o(.text)
    .text                                    0x00001070   Section        0  llsshr.o(.text)
    .text                                    0x00001096   Section        0  isspace_c.o(.text)
    .text                                    0x000010a4   Section        0  _scanf.o(.text)
    .text                                    0x000013d8   Section        0  arm_exceptions_globs.o(.text)
    __default_terminate_handler()            0x000013d9   Thumb Code     6  arm_exceptions_globs.o(.text)
    .text                                    0x0000142c   Section        0  ctype_c.o(.text)
    .text                                    0x00001450   Section        0  arm_exceptions_mem.o(.text)
    i.$Sub$$main                             0x00001492   Section        0  retarget.o(i.$Sub$$main)
    i.<Func1>                                0x000014a2   Section        0  SerialBase.o(i.<Func1>)
    <Func1>                                  0x000014a3   Thumb Code    10  SerialBase.o(i.<Func1>)
    i.NVIC_SetVector                         0x000014ac   Section        0  cmsis_nvic.o(i.NVIC_SetVector)
    i.SystemInit                             0x000014f4   Section        0  system_LPC11xx.o(i.SystemInit)
    i._ZN4mbed10FileHandleD2Ev               0x00001554   Section        0  retarget.o(i._ZN4mbed10FileHandleD2Ev)
    i._ZN4mbed10SerialBase10_base_getcEv     0x00001580   Section        0  SerialBase.o(i._ZN4mbed10SerialBase10_base_getcEv)
    i._ZN4mbed10SerialBase10_base_putcEi     0x0000158a   Section        0  SerialBase.o(i._ZN4mbed10SerialBase10_base_putcEi)
    i._ZN4mbed10SerialBase12_irq_handlerEj9SerialIrq 0x00001598   Section        0  SerialBase.o(i._ZN4mbed10SerialBase12_irq_handlerEj9SerialIrq)
    i._ZN4mbed10SerialBase4baudEi            0x000015a8   Section        0  SerialBase.o(i._ZN4mbed10SerialBase4baudEi)
    i._ZN4mbed10SerialBase6formatEiNS0_6ParityEi 0x000015b8   Section        0  SerialBase.o(i._ZN4mbed10SerialBase6formatEiNS0_6ParityEi)
    i._ZN4mbed10SerialBaseC1E7PinNameS1_     0x000015c4   Section        0  SerialBase.o(i._ZN4mbed10SerialBaseC1E7PinNameS1_)
    i._ZN4mbed15FunctionPointer4callEv       0x00001610   Section        0  FunctionPointer.o(i._ZN4mbed15FunctionPointer4callEv)
    i._ZN4mbed15FunctionPointerC1EPFvvE      0x0000162a   Section        0  FunctionPointer.o(i._ZN4mbed15FunctionPointerC1EPFvvE)
    i._ZN4mbed26mbed_set_unbuffered_streamEPSt6__FILE 0x00001634   Section        0  retarget.o(i._ZN4mbed26mbed_set_unbuffered_streamEPSt6__FILE)
    i._ZN4mbed6BusOutC1E7PinNameS1_S1_S1_S1_S1_S1_S1_S1_S1_S1_S1_S1_S1_S1_S1_ 0x00001640   Section        0  BusOut.o(i._ZN4mbed6BusOutC1E7PinNameS1_S1_S1_S1_S1_S1_S1_S1_S1_S1_S1_S1_S1_S1_S1_)
    i._ZN4mbed6BusOutD1Ev                    0x000016e0   Section        0  BusOut.o(i._ZN4mbed6BusOutD1Ev)
    i._ZN4mbed6SerialC1E7PinNameS1_PKc       0x00001708   Section        0  Serial.o(i._ZN4mbed6SerialC1E7PinNameS1_PKc)
    i._ZN4mbed6SerialD1Ev                    0x00001734   Section        0  Serial.o(i._ZN4mbed6SerialD1Ev)
    i._ZN4mbed6Stream4getcEv                 0x00001740   Section        0  Stream.o(i._ZN4mbed6Stream4getcEv)
    i._ZN4mbed6Stream4putcEi                 0x00001752   Section        0  Stream.o(i._ZN4mbed6Stream4putcEi)
    i._ZN4mbed6Stream4readEPvj               0x00001768   Section        0  Stream.o(i._ZN4mbed6Stream4readEPvj)
    i._ZN4mbed6Stream5closeEv                0x0000178e   Section        0  Stream.o(i._ZN4mbed6Stream5closeEv)
    i._ZN4mbed6Stream5fsyncEv                0x00001792   Section        0  Stream.o(i._ZN4mbed6Stream5fsyncEv)
    i._ZN4mbed6Stream5lseekEli               0x00001796   Section        0  Stream.o(i._ZN4mbed6Stream5lseekEli)
    i._ZN4mbed6Stream5writeEPKvj             0x0000179a   Section        0  Stream.o(i._ZN4mbed6Stream5writeEPKvj)
    i._ZN4mbed6StreamC2EPKc                  0x000017c0   Section        0  Stream.o(i._ZN4mbed6StreamC2EPKc)
    i._ZN4mbed6StreamD2Ev                    0x00001804   Section        0  Stream.o(i._ZN4mbed6StreamD2Ev)
    i._ZN4mbed8FileBase11getPathTypeEv       0x00001828   Section        0  FileBase.o(i._ZN4mbed8FileBase11getPathTypeEv)
    i._ZN4mbed8FileBase6lookupEPKcj          0x0000182c   Section        0  FileBase.o(i._ZN4mbed8FileBase6lookupEPKcj)
    i._ZN4mbed8FileBaseC1EPKcNS_8PathTypeE   0x00001868   Section        0  FileBase.o(i._ZN4mbed8FileBaseC1EPKcNS_8PathTypeE)
    i._ZN4mbed8FileBaseD1Ev                  0x0000188c   Section        0  FileBase.o(i._ZN4mbed8FileBaseD1Ev)
    i._ZN4mbed8FileLikeC2EPKc                0x000018c0   Section        0  FileLike.o(i._ZN4mbed8FileLikeC2EPKc)
    i._ZN4mbed8FileLikeD2Ev                  0x000018e4   Section        0  FileLike.o(i._ZN4mbed8FileLikeD2Ev)
    i._ZN4mbed8FilePath10fileSystemEv        0x000018f4   Section        0  FilePath.o(i._ZN4mbed8FilePath10fileSystemEv)
    i._ZN4mbed8FilePath4fileEv               0x0000190e   Section        0  FilePath.o(i._ZN4mbed8FilePath4fileEv)
    i._ZN4mbed8FilePath6existsEv             0x0000192e   Section        0  FilePath.o(i._ZN4mbed8FilePath6existsEv)
    i._ZN4mbed8FilePath6isFileEv             0x00001938   Section        0  FilePath.o(i._ZN4mbed8FilePath6isFileEv)
    i._ZN4mbed8FilePath8fileNameEv           0x00001950   Section        0  FilePath.o(i._ZN4mbed8FilePath8fileNameEv)
    i._ZN4mbed8FilePathC1EPKc                0x00001954   Section        0  FilePath.o(i._ZN4mbed8FilePathC1EPKc)
    i._ZN4mbed9mbed_getcEPSt6__FILE          0x00001998   Section        0  retarget.o(i._ZN4mbed9mbed_getcEPSt6__FILE)
    i._ZThn72_N4mbed6Serial5_getcEv          0x000019a0   Section        0  Serial.o(i._ZThn72_N4mbed6Serial5_getcEv)
    i._ZThn72_N4mbed6Serial5_putcEi          0x000019aa   Section        0  Serial.o(i._ZThn72_N4mbed6Serial5_putcEi)
    i._ZdlPv                                 0x000019b4   Section        0  delete.o(i._ZdlPv)
    i._Znwj                                  0x000019bc   Section        0  new.o(i._Znwj)
    i.__0fprintf                             0x000019e4   Section        0  printfa.o(i.__0fprintf)
    i.__0sprintf                             0x00001a00   Section        0  printfa.o(i.__0sprintf)
    i.__0vfprintf                            0x00001a28   Section        0  printfa.o(i.__0vfprintf)
    i.__ARM_clz                              0x00001a40   Section        0  depilogue.o(i.__ARM_clz)
    i.__aeabi_atexit                         0x00001a6e   Section        0  aeabi_atexit.o(i.__aeabi_atexit)
    i.__aeabi_vec_ctor_nocookie_nodtor       0x00001a9a   Section        0  aeabi_vec_ctor_nocookie_nodtor.o(i.__aeabi_vec_ctor_nocookie_nodtor)
    i.__cxa_finalize                         0x00001aba   Section        0  cxa_finalize.o(i.__cxa_finalize)
    i.__cxa_pure_virtual                     0x00001afc   Section        0  pure_virt.o(i.__cxa_pure_virtual)
    i.__scatterload_copy                     0x00001b06   Section       14  handlers.o(i.__scatterload_copy)
    i.__scatterload_null                     0x00001b14   Section        2  handlers.o(i.__scatterload_null)
    i.__scatterload_zeroinit                 0x00001b16   Section       14  handlers.o(i.__scatterload_zeroinit)
    i._fclose$full                           0x00001b24   Section        0  fclose_f.o(i._fclose$full)
    i._fopen$full                            0x00001b2e   Section        0  fopen_f.o(i._fopen$full)
    i._fp_digits                             0x00001b54   Section        0  printfa.o(i._fp_digits)
    _fp_digits                               0x00001b55   Thumb Code   314  printfa.o(i._fp_digits)
    i._freopen$full                          0x00001cac   Section        0  fopen_f.o(i._freopen$full)
    i._printf_core                           0x00001d0c   Section        0  printfa.o(i._printf_core)
    _printf_core                             0x00001d0d   Thumb Code  1766  printfa.o(i._printf_core)
    i._printf_post_padding                   0x00002404   Section        0  printfa.o(i._printf_post_padding)
    _printf_post_padding                     0x00002405   Thumb Code    32  printfa.o(i._printf_post_padding)
    i._printf_pre_padding                    0x00002424   Section        0  printfa.o(i._printf_pre_padding)
    _printf_pre_padding                      0x00002425   Thumb Code    44  printfa.o(i._printf_pre_padding)
    i._sputc                                 0x00002450   Section        0  printfa.o(i._sputc)
    _sputc                                   0x00002451   Thumb Code    10  printfa.o(i._sputc)
    i._sys_close                             0x0000245c   Section        0  retarget.o(i._sys_close)
    i._sys_ensure                            0x00002488   Section        0  retarget.o(i._sys_ensure)
    i._sys_open                              0x000024b0   Section        0  retarget.o(i._sys_open)
    i._sys_read                              0x00002594   Section        0  retarget.o(i._sys_read)
    i._sys_seek                              0x000025f0   Section        0  retarget.o(i._sys_seek)
    i._sys_write                             0x00002618   Section        0  retarget.o(i._sys_write)
    i.error                                  0x00002680   Section        0  error.o(i.error)
    i.exit                                   0x00002698   Section        0  retarget.o(i.exit)
    i.free                                   0x000026b8   Section        0  malloc.o(i.free)
    i.gpio_dir                               0x0000270c   Section        0  gpio_api.o(i.gpio_dir)
    i.gpio_init                              0x00002768   Section        0  gpio_api.o(i.gpio_init)
    i.gpio_init_out                          0x000027d8   Section        0  gpio.o(i.gpio_init_out)
    i.gpio_mode                              0x00002824   Section        0  gpio_api.o(i.gpio_mode)
    i.malloc                                 0x00002834   Section        0  malloc.o(i.malloc)
    i.mbed_assert_internal                   0x000028a0   Section        0  assert.o(i.mbed_assert_internal)
    i.mbed_die                               0x000028f0   Section        0  board.o(i.mbed_die)
    i.mbed_main                              0x00002a84   Section        0  retarget.o(i.mbed_main)
    i.mbed_sdk_init                          0x00002a86   Section        0  retarget.o(i.mbed_sdk_init)
    i.pin_function                           0x00002a88   Section        0  pinmap.o(i.pin_function)
    i.pin_mode                               0x00002ad0   Section        0  pinmap.o(i.pin_mode)
    i.pinmap_merge                           0x00002b24   Section        0  pinmap_common.o(i.pinmap_merge)
    i.pinmap_peripheral                      0x00002b58   Section        0  pinmap_common.o(i.pinmap_peripheral)
    i.pinmap_pinout                          0x00002bb4   Section        0  pinmap_common.o(i.pinmap_pinout)
    i.serial_baud                            0x00002c04   Section        0  serial_api.o(i.serial_baud)
    i.serial_format                          0x00002d1c   Section        0  serial_api.o(i.serial_format)
    i.serial_getc                            0x00002e00   Section        0  serial_api.o(i.serial_getc)
    i.serial_init                            0x00002e10   Section        0  serial_api.o(i.serial_init)
    i.serial_irq_handler                     0x00002ee4   Section        0  serial_api.o(i.serial_irq_handler)
    i.serial_putc                            0x00002ef8   Section        0  serial_api.o(i.serial_putc)
    i.us_ticker_clear_interrupt              0x00002f08   Section        0  us_ticker.o(i.us_ticker_clear_interrupt)
    i.us_ticker_disable_interrupt            0x00002f14   Section        0  us_ticker.o(i.us_ticker_disable_interrupt)
    i.us_ticker_irq_handler                  0x00002f24   Section        0  us_ticker_api.o(i.us_ticker_irq_handler)
    i.us_ticker_read                         0x00002f64   Section        0  us_ticker.o(i.us_ticker_read)
    i.us_ticker_set_interrupt                0x00002fc0   Section        0  us_ticker.o(i.us_ticker_set_interrupt)
    i.wait                                   0x00002fd4   Section        0  wait_api.o(i.wait)
    i.wait_ms                                0x00002ff8   Section        0  wait_api.o(i.wait_ms)
    .constdata                               0x00003014   Section      134  board.o(.constdata)
    .constdata                               0x0000309c   Section      364  serial_api.o(.constdata)
    PinMap_UART_TX                           0x0000309c   Data          60  serial_api.o(.constdata)
    PinMap_UART_RX                           0x000030d8   Data          60  serial_api.o(.constdata)
    .constdata                               0x00003208   Section      134  gpio.o(.constdata)
    .constdata                               0x00003290   Section      128  gpio_api.o(.constdata)
    .constdata                               0x00003310   Section      108  pinmap.o(.constdata)
    .constdata                               0x0000337c   Section       64  ctype_c.o(.constdata)
    .constdata__ZTVN4mbed10FileHandleE       0x000033bc   Section       44  retarget.o(.constdata__ZTVN4mbed10FileHandleE)
    .constdata__ZTVN4mbed10SerialBaseE       0x000033e8   Section       16  SerialBase.o(.constdata__ZTVN4mbed10SerialBaseE)
    .constdata__ZTVN4mbed6BusOutE            0x000033f8   Section       16  BusOut.o(.constdata__ZTVN4mbed6BusOutE)
    .constdata__ZTVN4mbed6SerialE            0x00003408   Section       92  Serial.o(.constdata__ZTVN4mbed6SerialE)
    .constdata__ZTVN4mbed6StreamE            0x00003464   Section       68  Stream.o(.constdata__ZTVN4mbed6StreamE)
    .constdata__ZTVN4mbed8FileBaseE          0x000034a8   Section       16  FileBase.o(.constdata__ZTVN4mbed8FileBaseE)
    .constdata__ZTVN4mbed8FileLikeE          0x000034b8   Section       60  FileLike.o(.constdata__ZTVN4mbed8FileLikeE)
    .init_array                              0x00003514   Section        4  main.o(.init_array)
    .data                                    0x100000c0   Section        4  retarget.o(.data)
    n                                        0x100000c0   Data           4  retarget.o(.data)
    .data                                    0x100000c4   Section        4  cmsis_nvic.o(.data)
    vectors                                  0x100000c4   Data           4  cmsis_nvic.o(.data)
    .data                                    0x100000c8   Section        4  system_LPC11xx.o(.data)
    .data                                    0x100000cc   Section       20  serial_api.o(.data)
    serial_irq_ids                           0x100000cc   Data           4  serial_api.o(.data)
    irq_handler                              0x100000d4   Data           4  serial_api.o(.data)
    .data                                    0x100000e0   Section        4  us_ticker.o(.data)
    .data                                    0x100000e4   Section        4  FileBase.o(.data)
    .data                                    0x100000e8   Section        8  us_ticker_api.o(.data)
    head                                     0x100000e8   Data           4  us_ticker_api.o(.data)
    event_handler                            0x100000ec   Data           4  us_ticker_api.o(.data)
    .data                                    0x100000f0   Section        4  cpp_dtor.o(.data)
    ddtor_pointer                            0x100000f0   Data           4  cpp_dtor.o(.data)
    .data                                    0x100000f4   Section        4  cpp_memory.o(.data)
    handler_pointer                          0x100000f4   Data           4  cpp_memory.o(.data)
    .data                                    0x100000f8   Section        8  cpp_unwinder.o(.data)
    eh                                       0x100000f8   Data           4  cpp_unwinder.o(.data)
    eh_p                                     0x100000fc   Data           4  cpp_unwinder.o(.data)
    .data                                    0x10000100   Section        4  mvars.o(.data)
    .data                                    0x10000104   Section        4  mvars.o(.data)
    .bss                                     0x10000108   Section      168  main.o(.bss)
    .bss                                     0x100001b0   Section       64  retarget.o(.bss)
    filehandles                              0x100001b0   Data          64  retarget.o(.bss)
    .bss                                     0x100001f0   Section       20  stdout_f.o(.bss)
    .bss                                     0x10000204   Section       20  stderr_f.o(.bss)
    HEAP                                     0x10000218   Section        0  startup_LPC11xx.o(HEAP)

    Global Symbols

    Symbol Name                              Value     Ov Type        Size  Object(Section)

    BuildAttributes$$THM_ISAv3M$S$PE$A:L22$X:L11$S22$IEEE1$IW$USESV6$~STKCKD$USESV7$~SHL$OTIME$ROPI$EBA8$UX$MICROLIB$REQ8$PRES8$EABIv2 0x00000000   Number         0  anon$$obj.o ABSOLUTE
    __ARM_use_no_argv                        0x00000000   Number         0  main.o ABSOLUTE
    __Vectors                                0x00000000   Data           4  startup_LPC11xx.o(RESET)
    __dso_handle                             0x00000000   Number         0  startup_LPC11xx.o(RESET)
    _printf_a                                0x00000000   Number         0  stubs.o ABSOLUTE
    _printf_c                                0x00000000   Number         0  stubs.o ABSOLUTE
    _printf_charcount                        0x00000000   Number         0  stubs.o ABSOLUTE
    _printf_d                                0x00000000   Number         0  stubs.o ABSOLUTE
    _printf_e                                0x00000000   Number         0  stubs.o ABSOLUTE
    _printf_f                                0x00000000   Number         0  stubs.o ABSOLUTE
    _printf_flags                            0x00000000   Number         0  stubs.o ABSOLUTE
    _printf_fp_dec                           0x00000000   Number         0  stubs.o ABSOLUTE
    _printf_fp_hex                           0x00000000   Number         0  stubs.o ABSOLUTE
    _printf_g                                0x00000000   Number         0  stubs.o ABSOLUTE
    _printf_i                                0x00000000   Number         0  stubs.o ABSOLUTE
    _printf_int_dec                          0x00000000   Number         0  stubs.o ABSOLUTE
    _printf_l                                0x00000000   Number         0  stubs.o ABSOLUTE
    _printf_lc                               0x00000000   Number         0  stubs.o ABSOLUTE
    _printf_ll                               0x00000000   Number         0  stubs.o ABSOLUTE
    _printf_lld                              0x00000000   Number         0  stubs.o ABSOLUTE
    _printf_lli                              0x00000000   Number         0  stubs.o ABSOLUTE
    _printf_llo                              0x00000000   Number         0  stubs.o ABSOLUTE
    _printf_llu                              0x00000000   Number         0  stubs.o ABSOLUTE
    _printf_llx                              0x00000000   Number         0  stubs.o ABSOLUTE
    _printf_longlong_dec                     0x00000000   Number         0  stubs.o ABSOLUTE
    _printf_longlong_hex                     0x00000000   Number         0  stubs.o ABSOLUTE
    _printf_longlong_oct                     0x00000000   Number         0  stubs.o ABSOLUTE
    _printf_ls                               0x00000000   Number         0  stubs.o ABSOLUTE
    _printf_mbtowc                           0x00000000   Number         0  stubs.o ABSOLUTE
    _printf_n                                0x00000000   Number         0  stubs.o ABSOLUTE
    _printf_o                                0x00000000   Number         0  stubs.o ABSOLUTE
    _printf_p                                0x00000000   Number         0  stubs.o ABSOLUTE
    _printf_percent                          0x00000000   Number         0  stubs.o ABSOLUTE
    _printf_pre_padding                      0x00000000   Number         0  stubs.o ABSOLUTE
    _printf_return_value                     0x00000000   Number         0  stubs.o ABSOLUTE
    _printf_s                                0x00000000   Number         0  stubs.o ABSOLUTE
    _printf_sizespec                         0x00000000   Number         0  stubs.o ABSOLUTE
    _printf_str                              0x00000000   Number         0  stubs.o ABSOLUTE
    _printf_truncate_signed                  0x00000000   Number         0  stubs.o ABSOLUTE
    _printf_truncate_unsigned                0x00000000   Number         0  stubs.o ABSOLUTE
    _printf_u                                0x00000000   Number         0  stubs.o ABSOLUTE
    _printf_wc                               0x00000000   Number         0  stubs.o ABSOLUTE
    _printf_wctomb                           0x00000000   Number         0  stubs.o ABSOLUTE
    _printf_widthprec                        0x00000000   Number         0  stubs.o ABSOLUTE
    _printf_x                                0x00000000   Number         0  stubs.o ABSOLUTE
    __ARM::default_unexpected_handler()       - Undefined Weak Reference
    __ARM_exceptions_buffer_required          - Undefined Weak Reference
    __decompress                              - Undefined Weak Reference
    _clock_init                               - Undefined Weak Reference
    _microlib_exit                            - Undefined Weak Reference
    __main                                   0x00000201   Thumb Code     0  entry.o(.ARM.Collect$$$$00000000)
    _main_stk                                0x00000201   Thumb Code     0  entry2.o(.ARM.Collect$$$$00000001)
    _main_scatterload                        0x00000205   Thumb Code     0  entry5.o(.ARM.Collect$$$$00000004)
    __main_after_scatterload                 0x00000209   Thumb Code     0  entry5.o(.ARM.Collect$$$$00000004)
    __use_full_stdio                         0x00000209   Thumb Code     0  entry6b.o(.ARM.Collect$$$$00000006)
    __main_after_initio                      0x0000020d   Thumb Code     0  entry6b.o(.ARM.Collect$$$$00000006)
    _main_clock                              0x0000020d   Thumb Code     0  entry7b.o(.ARM.Collect$$$$00000008)
    _main_cpp_init$empty                     0x0000020d   Thumb Code     0  entry8a.o(.ARM.Collect$$$$00000009)
    _main_cpp_init                           0x00000211   Thumb Code     0  entry8b.o(.ARM.Collect$$$$0000000A)
    _main_init                               0x00000211   Thumb Code     0  entry9a.o(.ARM.Collect$$$$0000000B)
    __rt_final_cpp                           0x00000219   Thumb Code     0  entry10a.o(.ARM.Collect$$$$0000000D)
    __rt_final_exit                          0x00000219   Thumb Code     0  entry11a.o(.ARM.Collect$$$$0000000F)
    Reset_Handler                            0x0000021d   Thumb Code     8  startup_LPC11xx.o(.text)
    HardFault_Handler                        0x00000225   Thumb Code     2  startup_LPC11xx.o(.text)
    SVC_Handler                              0x00000227   Thumb Code     2  startup_LPC11xx.o(.text)
    PendSV_Handler                           0x00000229   Thumb Code     2  startup_LPC11xx.o(.text)
    SysTick_Handler                          0x0000022b   Thumb Code     2  startup_LPC11xx.o(.text)
    Reserved_IRQHandler                      0x0000022d   Thumb Code     2  startup_LPC11xx.o(.text)
    ADC_IRQHandler                           0x0000022f   Thumb Code     0  startup_LPC11xx.o(.text)
    BOD_IRQHandler                           0x0000022f   Thumb Code     0  startup_LPC11xx.o(.text)
    C_CAN_IRQHandler                         0x0000022f   Thumb Code     0  startup_LPC11xx.o(.text)
    I2C_IRQHandler                           0x0000022f   Thumb Code     0  startup_LPC11xx.o(.text)
    NMI_Handler                              0x0000022f   Thumb Code     0  startup_LPC11xx.o(.text)
    PIO_0_IRQHandler                         0x0000022f   Thumb Code     0  startup_LPC11xx.o(.text)
    PIO_1_IRQHandler                         0x0000022f   Thumb Code     0  startup_LPC11xx.o(.text)
    PIO_2_IRQHandler                         0x0000022f   Thumb Code     0  startup_LPC11xx.o(.text)
    PIO_3_IRQHandler                         0x0000022f   Thumb Code     0  startup_LPC11xx.o(.text)
    SLWU_INT0_IRQHandler                     0x0000022f   Thumb Code     0  startup_LPC11xx.o(.text)
    SLWU_INT10_IRQHandler                    0x0000022f   Thumb Code     0  startup_LPC11xx.o(.text)
    SLWU_INT11_IRQHandler                    0x0000022f   Thumb Code     0  startup_LPC11xx.o(.text)
    SLWU_INT12_IRQHandler                    0x0000022f   Thumb Code     0  startup_LPC11xx.o(.text)
    SLWU_INT1_IRQHandler                     0x0000022f   Thumb Code     0  startup_LPC11xx.o(.text)
    SLWU_INT2_IRQHandler                     0x0000022f   Thumb Code     0  startup_LPC11xx.o(.text)
    SLWU_INT3_IRQHandler                     0x0000022f   Thumb Code     0  startup_LPC11xx.o(.text)
    SLWU_INT4_IRQHandler                     0x0000022f   Thumb Code     0  startup_LPC11xx.o(.text)
    SLWU_INT5_IRQHandler                     0x0000022f   Thumb Code     0  startup_LPC11xx.o(.text)
    SLWU_INT6_IRQHandler                     0x0000022f   Thumb Code     0  startup_LPC11xx.o(.text)
    SLWU_INT7_IRQHandler                     0x0000022f   Thumb Code     0  startup_LPC11xx.o(.text)
    SLWU_INT8_IRQHandler                     0x0000022f   Thumb Code     0  startup_LPC11xx.o(.text)
    SLWU_INT9_IRQHandler                     0x0000022f   Thumb Code     0  startup_LPC11xx.o(.text)
    SSP0_IRQHandler                          0x0000022f   Thumb Code     0  startup_LPC11xx.o(.text)
    SSP1_IRQHandler                          0x0000022f   Thumb Code     0  startup_LPC11xx.o(.text)
    TIMER16_0_IRQHandler                     0x0000022f   Thumb Code     0  startup_LPC11xx.o(.text)
    TIMER16_1_IRQHandler                     0x0000022f   Thumb Code     0  startup_LPC11xx.o(.text)
    TIMER32_0_IRQHandler                     0x0000022f   Thumb Code     0  startup_LPC11xx.o(.text)
    TIMER32_1_IRQHandler                     0x0000022f   Thumb Code     0  startup_LPC11xx.o(.text)
    UART_IRQHandler                          0x0000022f   Thumb Code     0  startup_LPC11xx.o(.text)
    WDT_IRQHandler                           0x0000022f   Thumb Code     0  startup_LPC11xx.o(.text)
    fgetc                                    0x00000239   Thumb Code    60  fgetc_bpf.o(.text)
    __backspace                              0x00000275   Thumb Code    24  fgetc_bpf.o(.text)
    _initio                                  0x0000028d   Thumb Code    20  initio_oe.o(.text)
    fputc                                    0x000002ad   Thumb Code    42  fputc_fp.o(.text)
    fflush                                   0x000002d7   Thumb Code    38  fflush_fe.o(.text)
    FutabaServo_init(int)                    0x00000301   Thumb Code    26  main.o(.text)
    Torque_ALL(unsigned char)                0x0000031b   Thumb Code   114  main.o(.text)
    SendAngle_ALL(double*)                   0x0000038d   Thumb Code   246  main.o(.text)
    SendAngle(unsigned char, double)         0x00000483   Thumb Code   192  main.o(.text)
    Torque(unsigned char, unsigned char)     0x00000543   Thumb Code    80  main.o(.text)
    ReadAngle(unsigned char)                 0x00000593   Thumb Code   142  main.o(.text)
    $Super$$main                             0x00000621   Thumb Code    70  main.o(.text)
    __aeabi_uidiv                            0x000006f1   Thumb Code     0  uidiv.o(.text)
    __aeabi_uidivmod                         0x000006f1   Thumb Code    44  uidiv.o(.text)
    __aeabi_memset                           0x0000071d   Thumb Code    14  memseta.o(.text)
    __aeabi_memset4                          0x0000071d   Thumb Code     0  memseta.o(.text)
    __aeabi_memset8                          0x0000071d   Thumb Code     0  memseta.o(.text)
    __aeabi_memclr                           0x0000072b   Thumb Code     4  memseta.o(.text)
    __aeabi_memclr4                          0x0000072b   Thumb Code     0  memseta.o(.text)
    __aeabi_memclr8                          0x0000072b   Thumb Code     0  memseta.o(.text)
    _memset$wrapper                          0x0000072f   Thumb Code    18  memseta.o(.text)
    strlen                                   0x00000741   Thumb Code    14  strlen.o(.text)
    strcmp                                   0x0000074f   Thumb Code    28  strcmp.o(.text)
    strncmp                                  0x0000076b   Thumb Code    30  strncmp.o(.text)
    __0sscanf                                0x00000789   Thumb Code    50  __0sscanf.o(.text)
    _scanf_int                               0x000007c5   Thumb Code   330  _scanf_int.o(.text)
    __cpp_initialize__aeabi_                 0x00000911   Thumb Code    22  cpp_init.o(.text)
    __aeabi_fmul                             0x00000931   Thumb Code   122  fmul.o(.text)
    __aeabi_dmul                             0x000009ad   Thumb Code   202  dmul.o(.text)
    __aeabi_ddiv                             0x00000a7d   Thumb Code   234  ddiv.o(.text)
    __aeabi_i2d                              0x00000b6d   Thumb Code    34  dflti.o(.text)
    __aeabi_f2iz                             0x00000b95   Thumb Code    50  ffixi.o(.text)
    __aeabi_d2iz                             0x00000bc9   Thumb Code    62  dfixi.o(.text)
    __aeabi_cdcmpeq                          0x00000c11   Thumb Code     0  cdcmple.o(.text)
    __aeabi_cdcmple                          0x00000c11   Thumb Code    38  cdcmple.o(.text)
    __aeabi_cdrcmple                         0x00000c39   Thumb Code    38  cdrcmple.o(.text)
    __default_new_handler()                  0x00000c61   Thumb Code     8  arm_newhandler_noexceptions.o(.text)
    __aeabi_uldivmod                         0x00000c69   Thumb Code    96  uldiv.o(.text)
    __aeabi_llsr                             0x00000cc9   Thumb Code    34  llushr.o(.text)
    _ll_ushift_r                             0x00000cc9   Thumb Code     0  llushr.o(.text)
    _chval                                   0x00000ceb   Thumb Code    30  _chval.o(.text)
    __vfscanf_char                           0x00000d15   Thumb Code    24  scanf_char.o(.text)
    _sgetc                                   0x00000d35   Thumb Code    32  _sgetc.o(.text)
    _sbackspace                              0x00000d55   Thumb Code    36  _sgetc.o(.text)
    __I$use$fp                               0x00000d79   Thumb Code     0  iusefp.o(.text)
    __rt_ddtor_pointer_addr                  0x00000d79   Thumb Code     4  cpp_dtor.o(.text)
    __rt_lib_shutdown_cpp_1                  0x00000d81   Thumb Code     2  cpp_final.o(.text)
    __rt_new_handler_addr                    0x00000d85   Thumb Code     4  cpp_memory.o(.text)
    __aeabi_unwind_cpp_pr0                   0x00000d8d   Thumb Code     4  cpp_unwinder.o(.text)
    __aeabi_unwind_cpp_pr1                   0x00000d91   Thumb Code     4  cpp_unwinder.o(.text)
    _Unwind_DeleteException                  0x00000d95   Thumb Code     2  cpp_unwinder.o(.text)
    _Unwind_Activity                         0x00000d97   Thumb Code     2  cpp_unwinder.o(.text)
    _Unwind_RaiseException                   0x00000d99   Thumb Code     4  cpp_unwinder.o(.text)
    __rt_eh_globals_addr                     0x00000d9d   Thumb Code    10  cpp_unwinder.o(.text)
    _double_round                            0x00000dad   Thumb Code    26  depilogue.o(.text)
    _double_epilogue                         0x00000dc7   Thumb Code   166  depilogue.o(.text)
    __aeabi_dadd                             0x00000e6d   Thumb Code   326  dadd.o(.text)
    __aeabi_dsub                             0x00000fb3   Thumb Code    12  dadd.o(.text)
    __aeabi_drsub                            0x00000fbf   Thumb Code    12  dadd.o(.text)
    __aeabi_d2ulz                            0x00000fd1   Thumb Code    54  dfixul.o(.text)
    std::terminate()                         0x00001011   Thumb Code    28  arm_exceptions_terminate.o(.text)
    __scatterload                            0x0000102d   Thumb Code    28  init.o(.text)
    __scatterload_rt2                        0x0000102d   Thumb Code     0  init.o(.text)
    __aeabi_llsl                             0x00001051   Thumb Code    32  llshl.o(.text)
    _ll_shift_l                              0x00001051   Thumb Code     0  llshl.o(.text)
    __aeabi_lasr                             0x00001071   Thumb Code    38  llsshr.o(.text)
    _ll_sshift_r                             0x00001071   Thumb Code     0  llsshr.o(.text)
    isspace                                  0x00001097   Thumb Code    14  isspace_c.o(.text)
    __vfscanf                                0x000010a5   Thumb Code   806  _scanf.o(.text)
    __cxa_get_globals                        0x000013df   Thumb Code    66  arm_exceptions_globs.o(.text)
    __ctype_lookup                           0x0000142d   Thumb Code    32  ctype_c.o(.text)
    __ARM_exceptions_buffer_init             0x00001451   Thumb Code    18  arm_exceptions_mem.o(.text)
    __ARM_exceptions_buffer_allocate         0x00001463   Thumb Code    26  arm_exceptions_mem.o(.text)
    __ARM_exceptions_buffer_free             0x0000147d   Thumb Code    22  arm_exceptions_mem.o(.text)
    main                                     0x00001493   Thumb Code    16  retarget.o(i.$Sub$$main)
    NVIC_SetVector                           0x000014ad   Thumb Code    62  cmsis_nvic.o(i.NVIC_SetVector)
    SystemInit                               0x000014f5   Thumb Code    78  system_LPC11xx.o(i.SystemInit)
    mbed::FileHandle::~FileHandle()          0x00001555   Thumb Code     0  retarget.o(i._ZN4mbed10FileHandleD2Ev)
    mbed::FileHandle::~FileHandle__sub_object() 0x00001555   Thumb Code    34  retarget.o(i._ZN4mbed10FileHandleD2Ev)
    mbed::SerialBase::_base_getc()           0x00001581   Thumb Code    10  SerialBase.o(i._ZN4mbed10SerialBase10_base_getcEv)
    mbed::SerialBase::_base_putc(int)        0x0000158b   Thumb Code    14  SerialBase.o(i._ZN4mbed10SerialBase10_base_putcEi)
    mbed::SerialBase::_irq_handler(unsigned, SerialIrq) 0x00001599   Thumb Code    16  SerialBase.o(i._ZN4mbed10SerialBase12_irq_handlerEj9SerialIrq)
    mbed::SerialBase::baud(int)              0x000015a9   Thumb Code    16  SerialBase.o(i._ZN4mbed10SerialBase4baudEi)
    mbed::SerialBase::format(int, mbed::SerialBase::Parity, int) 0x000015b9   Thumb Code    10  SerialBase.o(i._ZN4mbed10SerialBase6formatEiNS0_6ParityEi)
    mbed::SerialBase::SerialBase(PinName, PinName) 0x000015c5   Thumb Code    62  SerialBase.o(i._ZN4mbed10SerialBaseC1E7PinNameS1_)
    mbed::SerialBase::SerialBase__sub_object(PinName, PinName) 0x000015c5   Thumb Code     0  SerialBase.o(i._ZN4mbed10SerialBaseC1E7PinNameS1_)
    mbed::FunctionPointer::call()            0x00001611   Thumb Code    26  FunctionPointer.o(i._ZN4mbed15FunctionPointer4callEv)
    mbed::FunctionPointer::FunctionPointer(void(*)()) 0x0000162b   Thumb Code    10  FunctionPointer.o(i._ZN4mbed15FunctionPointerC1EPFvvE)
    mbed::FunctionPointer::FunctionPointer__sub_object(void(*)()) 0x0000162b   Thumb Code     0  FunctionPointer.o(i._ZN4mbed15FunctionPointerC1EPFvvE)
    mbed::mbed_set_unbuffered_stream(std::__FILE*) 0x00001635   Thumb Code    10  retarget.o(i._ZN4mbed26mbed_set_unbuffered_streamEPSt6__FILE)
    mbed::BusOut::BusOut(PinName, PinName, PinName, PinName, PinName, PinName, PinName, PinName, PinName, PinName, PinName, PinName, PinName, PinName, PinName, PinName) 0x00001641   Thumb Code   154  BusOut.o(i._ZN4mbed6BusOutC1E7PinNameS1_S1_S1_S1_S1_S1_S1_S1_S1_S1_S1_S1_S1_S1_S1_)
    mbed::BusOut::BusOut__sub_object(PinName, PinName, PinName, PinName, PinName, PinName, PinName, PinName, PinName, PinName, PinName, PinName, PinName, PinName, PinName, PinName) 0x00001641   Thumb Code     0  BusOut.o(i._ZN4mbed6BusOutC1E7PinNameS1_S1_S1_S1_S1_S1_S1_S1_S1_S1_S1_S1_S1_S1_S1_)
    mbed::BusOut::~BusOut()                  0x000016e1   Thumb Code    34  BusOut.o(i._ZN4mbed6BusOutD1Ev)
    mbed::BusOut::~BusOut__sub_object()      0x000016e1   Thumb Code     0  BusOut.o(i._ZN4mbed6BusOutD1Ev)
    mbed::Serial::Serial(PinName, PinName, const char*) 0x00001709   Thumb Code    32  Serial.o(i._ZN4mbed6SerialC1E7PinNameS1_PKc)
    mbed::Serial::Serial__sub_object(PinName, PinName, const char*) 0x00001709   Thumb Code     0  Serial.o(i._ZN4mbed6SerialC1E7PinNameS1_PKc)
    mbed::Serial::~Serial()                  0x00001735   Thumb Code    12  Serial.o(i._ZN4mbed6SerialD1Ev)
    mbed::Serial::~Serial__sub_object()      0x00001735   Thumb Code     0  Serial.o(i._ZN4mbed6SerialD1Ev)
    mbed::Stream::getc()                     0x00001741   Thumb Code    18  Stream.o(i._ZN4mbed6Stream4getcEv)
    mbed::Stream::putc(int)                  0x00001753   Thumb Code    22  Stream.o(i._ZN4mbed6Stream4putcEi)
    mbed::Stream::read(void*, unsigned)      0x00001769   Thumb Code    38  Stream.o(i._ZN4mbed6Stream4readEPvj)
    mbed::Stream::close()                    0x0000178f   Thumb Code     4  Stream.o(i._ZN4mbed6Stream5closeEv)
    mbed::Stream::fsync()                    0x00001793   Thumb Code     4  Stream.o(i._ZN4mbed6Stream5fsyncEv)
    mbed::Stream::lseek(long, int)           0x00001797   Thumb Code     4  Stream.o(i._ZN4mbed6Stream5lseekEli)
    mbed::Stream::write(const void*, unsigned) 0x0000179b   Thumb Code    38  Stream.o(i._ZN4mbed6Stream5writeEPKvj)
    mbed::Stream::Stream__sub_object(const char*) 0x000017c1   Thumb Code    52  Stream.o(i._ZN4mbed6StreamC2EPKc)
    mbed::Stream::~Stream()                  0x00001805   Thumb Code     0  Stream.o(i._ZN4mbed6StreamD2Ev)
    mbed::Stream::~Stream__sub_object()      0x00001805   Thumb Code    26  Stream.o(i._ZN4mbed6StreamD2Ev)
    mbed::FileBase::getPathType()            0x00001829   Thumb Code     4  FileBase.o(i._ZN4mbed8FileBase11getPathTypeEv)
    mbed::FileBase::lookup(const char*, unsigned) 0x0000182d   Thumb Code    56  FileBase.o(i._ZN4mbed8FileBase6lookupEPKcj)
    mbed::FileBase::FileBase(const char*, mbed::PathType) 0x00001869   Thumb Code    26  FileBase.o(i._ZN4mbed8FileBaseC1EPKcNS_8PathTypeE)
    mbed::FileBase::FileBase__sub_object(const char*, mbed::PathType) 0x00001869   Thumb Code     0  FileBase.o(i._ZN4mbed8FileBaseC1EPKcNS_8PathTypeE)
    mbed::FileBase::~FileBase()              0x0000188d   Thumb Code    44  FileBase.o(i._ZN4mbed8FileBaseD1Ev)
    mbed::FileBase::~FileBase__sub_object()  0x0000188d   Thumb Code     0  FileBase.o(i._ZN4mbed8FileBaseD1Ev)
    mbed::FileLike::FileLike__sub_object(const char*) 0x000018c1   Thumb Code    24  FileLike.o(i._ZN4mbed8FileLikeC2EPKc)
    mbed::FileLike::~FileLike()              0x000018e5   Thumb Code     0  FileLike.o(i._ZN4mbed8FileLikeD2Ev)
    mbed::FileLike::~FileLike__sub_object()  0x000018e5   Thumb Code    16  FileLike.o(i._ZN4mbed8FileLikeD2Ev)
    mbed::FilePath::fileSystem()             0x000018f5   Thumb Code    26  FilePath.o(i._ZN4mbed8FilePath10fileSystemEv)
    mbed::FilePath::file()                   0x0000190f   Thumb Code    32  FilePath.o(i._ZN4mbed8FilePath4fileEv)
    mbed::FilePath::exists()                 0x0000192f   Thumb Code    10  FilePath.o(i._ZN4mbed8FilePath6existsEv)
    mbed::FilePath::isFile()                 0x00001939   Thumb Code    24  FilePath.o(i._ZN4mbed8FilePath6isFileEv)
    mbed::FilePath::fileName()               0x00001951   Thumb Code     4  FilePath.o(i._ZN4mbed8FilePath8fileNameEv)
    mbed::FilePath::FilePath(const char*)    0x00001955   Thumb Code    68  FilePath.o(i._ZN4mbed8FilePathC1EPKc)
    mbed::FilePath::FilePath__sub_object(const char*) 0x00001955   Thumb Code     0  FilePath.o(i._ZN4mbed8FilePathC1EPKc)
    mbed::mbed_getc(std::__FILE*)            0x00001999   Thumb Code     8  retarget.o(i._ZN4mbed9mbed_getcEPSt6__FILE)
    thunk{-72} to mbed::Serial::_getc()      0x000019a1   Thumb Code    10  Serial.o(i._ZThn72_N4mbed6Serial5_getcEv)
    thunk{-72} to mbed::Serial::_putc(int)   0x000019ab   Thumb Code    10  Serial.o(i._ZThn72_N4mbed6Serial5_putcEi)
    operator delete (void*)                  0x000019b5   Thumb Code     8  delete.o(i._ZdlPv)
    operator new(unsigned)                   0x000019bd   Thumb Code    36  new.o(i._Znwj)
    __0fprintf                               0x000019e5   Thumb Code    24  printfa.o(i.__0fprintf)
    __1fprintf                               0x000019e5   Thumb Code     0  printfa.o(i.__0fprintf)
    __2fprintf                               0x000019e5   Thumb Code     0  printfa.o(i.__0fprintf)
    __c89fprintf                             0x000019e5   Thumb Code     0  printfa.o(i.__0fprintf)
    fprintf                                  0x000019e5   Thumb Code     0  printfa.o(i.__0fprintf)
    __0sprintf                               0x00001a01   Thumb Code    36  printfa.o(i.__0sprintf)
    __1sprintf                               0x00001a01   Thumb Code     0  printfa.o(i.__0sprintf)
    __2sprintf                               0x00001a01   Thumb Code     0  printfa.o(i.__0sprintf)
    __c89sprintf                             0x00001a01   Thumb Code     0  printfa.o(i.__0sprintf)
    sprintf                                  0x00001a01   Thumb Code     0  printfa.o(i.__0sprintf)
    __0vfprintf                              0x00001a29   Thumb Code    20  printfa.o(i.__0vfprintf)
    __1vfprintf                              0x00001a29   Thumb Code     0  printfa.o(i.__0vfprintf)
    __2vfprintf                              0x00001a29   Thumb Code     0  printfa.o(i.__0vfprintf)
    __c89vfprintf                            0x00001a29   Thumb Code     0  printfa.o(i.__0vfprintf)
    vfprintf                                 0x00001a29   Thumb Code     0  printfa.o(i.__0vfprintf)
    __ARM_clz                                0x00001a41   Thumb Code    46  depilogue.o(i.__ARM_clz)
    __aeabi_atexit                           0x00001a6f   Thumb Code    44  aeabi_atexit.o(i.__aeabi_atexit)
    __aeabi_vec_ctor_nocookie_nodtor         0x00001a9b   Thumb Code    32  aeabi_vec_ctor_nocookie_nodtor.o(i.__aeabi_vec_ctor_nocookie_nodtor)
    __cxa_finalize                           0x00001abb   Thumb Code    66  cxa_finalize.o(i.__cxa_finalize)
    __cxa_pure_virtual                       0x00001afd   Thumb Code    10  pure_virt.o(i.__cxa_pure_virtual)
    __scatterload_copy                       0x00001b07   Thumb Code    14  handlers.o(i.__scatterload_copy)
    __scatterload_null                       0x00001b15   Thumb Code     2  handlers.o(i.__scatterload_null)
    __scatterload_zeroinit                   0x00001b17   Thumb Code    14  handlers.o(i.__scatterload_zeroinit)
    fclose                                   0x00001b25   Thumb Code    10  fclose_f.o(i._fclose$full)
    fopen                                    0x00001b2f   Thumb Code    38  fopen_f.o(i._fopen$full)
    freopen                                  0x00001cad   Thumb Code    96  fopen_f.o(i._freopen$full)
    _sys_close                               0x0000245d   Thumb Code    38  retarget.o(i._sys_close)
    _sys_ensure                              0x00002489   Thumb Code    34  retarget.o(i._sys_ensure)
    _sys_open                                0x000024b1   Thumb Code   210  retarget.o(i._sys_open)
    _sys_read                                0x00002595   Thumb Code    72  retarget.o(i._sys_read)
    _sys_seek                                0x000025f1   Thumb Code    36  retarget.o(i._sys_seek)
    _sys_write                               0x00002619   Thumb Code    84  retarget.o(i._sys_write)
    error                                    0x00002681   Thumb Code    20  error.o(i.error)
    exit                                     0x00002699   Thumb Code    24  retarget.o(i.exit)
    free                                     0x000026b9   Thumb Code    80  malloc.o(i.free)
    gpio_dir                                 0x0000270d   Thumb Code    62  gpio_api.o(i.gpio_dir)
    gpio_init                                0x00002769   Thumb Code    96  gpio_api.o(i.gpio_init)
    gpio_init_out                            0x000027d9   Thumb Code    68  gpio.o(i.gpio_init_out)
    gpio_mode                                0x00002825   Thumb Code    14  gpio_api.o(i.gpio_mode)
    malloc                                   0x00002835   Thumb Code    92  malloc.o(i.malloc)
    mbed_assert_internal                     0x000028a1   Thumb Code    22  assert.o(i.mbed_assert_internal)
    mbed_die                                 0x000028f1   Thumb Code   396  board.o(i.mbed_die)
    mbed_main                                0x00002a85   Thumb Code     2  retarget.o(i.mbed_main)
    mbed_sdk_init                            0x00002a87   Thumb Code     2  retarget.o(i.mbed_sdk_init)
    pin_function                             0x00002a89   Thumb Code    42  pinmap.o(i.pin_function)
    pin_mode                                 0x00002ad1   Thumb Code    56  pinmap.o(i.pin_mode)
    pinmap_merge                             0x00002b25   Thumb Code    30  pinmap_common.o(i.pinmap_merge)
    pinmap_peripheral                        0x00002b59   Thumb Code    60  pinmap_common.o(i.pinmap_peripheral)
    pinmap_pinout                            0x00002bb5   Thumb Code    60  pinmap_common.o(i.pinmap_pinout)
    serial_baud                              0x00002c05   Thumb Code   272  serial_api.o(i.serial_baud)
    serial_format                            0x00002d1d   Thumb Code   144  serial_api.o(i.serial_format)
    serial_getc                              0x00002e01   Thumb Code    14  serial_api.o(i.serial_getc)
    serial_init                              0x00002e11   Thumb Code   168  serial_api.o(i.serial_init)
    serial_irq_handler                       0x00002ee5   Thumb Code    14  serial_api.o(i.serial_irq_handler)
    serial_putc                              0x00002ef9   Thumb Code    14  serial_api.o(i.serial_putc)
    us_ticker_clear_interrupt                0x00002f09   Thumb Code     8  us_ticker.o(i.us_ticker_clear_interrupt)
    us_ticker_disable_interrupt              0x00002f15   Thumb Code    12  us_ticker.o(i.us_ticker_disable_interrupt)
    us_ticker_irq_handler                    0x00002f25   Thumb Code    58  us_ticker_api.o(i.us_ticker_irq_handler)
    us_ticker_read                           0x00002f65   Thumb Code    64  us_ticker.o(i.us_ticker_read)
    us_ticker_set_interrupt                  0x00002fc1   Thumb Code    14  us_ticker.o(i.us_ticker_set_interrupt)
    wait                                     0x00002fd5   Thumb Code    32  wait_api.o(i.wait)
    wait_ms                                  0x00002ff9   Thumb Code    28  wait_api.o(i.wait_ms)
    __ctype_categories                       0x0000337c   Data          64  ctype_c.o(.constdata)
    vtable for mbed::FileHandle              0x000033bc   Data          44  retarget.o(.constdata__ZTVN4mbed10FileHandleE)
    vtable for mbed::SerialBase              0x000033e8   Data          16  SerialBase.o(.constdata__ZTVN4mbed10SerialBaseE)
    vtable for mbed::BusOut                  0x000033f8   Data          16  BusOut.o(.constdata__ZTVN4mbed6BusOutE)
    vtable for mbed::Serial                  0x00003408   Data          92  Serial.o(.constdata__ZTVN4mbed6SerialE)
    vtable for mbed::Stream                  0x00003464   Data          68  Stream.o(.constdata__ZTVN4mbed6StreamE)
    vtable for mbed::FileBase                0x000034a8   Data          16  FileBase.o(.constdata__ZTVN4mbed8FileBaseE)
    vtable for mbed::FileLike                0x000034b8   Data          60  FileLike.o(.constdata__ZTVN4mbed8FileLikeE)
    Region$$Table$$Base                      0x000034f4   Number         0  anon$$obj.o(Region$$Table)
    Region$$Table$$Limit                     0x00003514   Number         0  anon$$obj.o(Region$$Table)
    SHT$$INIT_ARRAY$$Base                    0x00003514   Number         0  main.o(.init_array)
    SHT$$INIT_ARRAY$$Limit                   0x00003518   Number         0  main.o(.init_array)
    SystemCoreClock                          0x100000c8   Data           4  system_LPC11xx.o(.data)
    stdio_uart_inited                        0x100000d0   Data           4  serial_api.o(.data)
    stdio_uart                               0x100000d8   Data           8  serial_api.o(.data)
    us_ticker_inited                         0x100000e0   Data           4  us_ticker.o(.data)
    mbed::FileBase::_head                    0x100000e4   Data           4  FileBase.o(.data)
    __microlib_freelist                      0x10000100   Data           4  mvars.o(.data)
    __microlib_freelist_initialised          0x10000104   Data           4  mvars.o(.data)
    uart                                     0x10000108   Data          96  main.o(.bss)
    led                                      0x10000168   Data          72  main.o(.bss)
    __stdout                                 0x100001f0   Data          20  stdout_f.o(.bss)
    __stderr                                 0x10000204   Data          20  stderr_f.o(.bss)
    Image$$RW_IRAM1$$ZI$$Limit               0x10000218   Number         0  startup_LPC11xx.o(HEAP)
    __heap_base                              0x10000218   Data           0  startup_LPC11xx.o(HEAP)
    __heap_limit                             0x10000218   Data           0  startup_LPC11xx.o(HEAP)
    __initial_sp                             0x10001000   Number         0  startup_LPC11xx.o ABSOLUTE



==============================================================================

Memory Map of the image

  Image Entry point : 0x00000201

  Load Region LR_IROM1 (Base: 0x00000000, Size: 0x00003560, Max: 0x00008000, ABSOLUTE)

    Execution Region ER_IROM1 (Base: 0x00000000, Size: 0x00003518, Max: 0x00008000, ABSOLUTE)

    Base Addr    Size         Type   Attr      Idx    E Section Name        Object

    0x00000000   0x00000200   Data   RO           12    RESET               startup_LPC11xx.o
    0x00000200   0x00000000   Code   RO          516  * .ARM.Collect$$$$00000000  mc_p.l(entry.o)
    0x00000200   0x00000004   Code   RO          732    .ARM.Collect$$$$00000001  mc_p.l(entry2.o)
    0x00000204   0x00000004   Code   RO          735    .ARM.Collect$$$$00000004  mc_p.l(entry5.o)
    0x00000208   0x00000004   Code   RO          518    .ARM.Collect$$$$00000006  mc_p.l(entry6b.o)
    0x0000020c   0x00000000   Code   RO          737    .ARM.Collect$$$$00000008  mc_p.l(entry7b.o)
    0x0000020c   0x00000004   Code   RO          738    .ARM.Collect$$$$00000009  mc_p.l(entry8a.o)
    0x00000210   0x00000000   Code   RO          739    .ARM.Collect$$$$0000000A  mc_p.l(entry8b.o)
    0x00000210   0x00000008   Code   RO          740    .ARM.Collect$$$$0000000B  mc_p.l(entry9a.o)
    0x00000218   0x00000000   Code   RO          742    .ARM.Collect$$$$0000000D  mc_p.l(entry10a.o)
    0x00000218   0x00000000   Code   RO          744    .ARM.Collect$$$$0000000F  mc_p.l(entry11a.o)
    0x00000218   0x00000004   Code   RO          733    .ARM.Collect$$$$00002712  mc_p.l(entry2.o)
    0x0000021c   0x0000001c   Code   RO           14    .text               startup_LPC11xx.o
    0x00000238   0x00000054   Code   RO          534    .text               mc_p.l(fgetc_bpf.o)
    0x0000028c   0x00000020   Code   RO          543    .text               mc_p.l(initio_oe.o)
    0x000002ac   0x0000002a   Code   RO          546    .text               mc_p.l(fputc_fp.o)
    0x000002d6   0x00000026   Code   RO          548    .text               mc_p.l(fflush_fe.o)
    0x000002fc   0x00000004   Code   RO           13    .ARM.__at_0x02FC    startup_LPC11xx.o
    0x00000300   0x000003f0   Code   RO            3    .text               main.o
    0x000006f0   0x0000002c   Code   RO          557    .text               mc_p.l(uidiv.o)
    0x0000071c   0x00000024   Code   RO          559    .text               mc_p.l(memseta.o)
    0x00000740   0x0000000e   Code   RO          561    .text               mc_p.l(strlen.o)
    0x0000074e   0x0000001c   Code   RO          562    .text               mc_p.l(strcmp.o)
    0x0000076a   0x0000001e   Code   RO          563    .text               mc_p.l(strncmp.o)
    0x00000788   0x0000003c   Code   RO          696    .text               mc_p.l(__0sscanf.o)
    0x000007c4   0x0000014a   Code   RO          697    .text               mc_p.l(_scanf_int.o)
    0x0000090e   0x00000002   PAD
    0x00000910   0x00000020   Code   RO          701    .text               mc_p.l(cpp_init.o)
    0x00000930   0x0000007a   Code   RO          702    .text               mf_p.l(fmul.o)
    0x000009aa   0x00000002   PAD
    0x000009ac   0x000000d0   Code   RO          703    .text               mf_p.l(dmul.o)
    0x00000a7c   0x000000f0   Code   RO          704    .text               mf_p.l(ddiv.o)
    0x00000b6c   0x00000028   Code   RO          705    .text               mf_p.l(dflti.o)
    0x00000b94   0x00000032   Code   RO          706    .text               mf_p.l(ffixi.o)
    0x00000bc6   0x00000002   PAD
    0x00000bc8   0x00000048   Code   RO          707    .text               mf_p.l(dfixi.o)
    0x00000c10   0x00000028   Code   RO          708    .text               mf_p.l(cdcmple.o)
    0x00000c38   0x00000028   Code   RO          709    .text               mf_p.l(cdrcmple.o)
    0x00000c60   0x00000008   Code   RO          712    .text               cpprt_p.l(arm_newhandler_noexceptions.o)
    0x00000c68   0x00000060   Code   RO          749    .text               mc_p.l(uldiv.o)
    0x00000cc8   0x00000022   Code   RO          750    .text               mc_p.l(llushr.o)
    0x00000cea   0x0000001e   Code   RO          765    .text               mc_p.l(_chval.o)
    0x00000d08   0x0000002c   Code   RO          770    .text               mc_p.l(scanf_char.o)
    0x00000d34   0x00000044   Code   RO          771    .text               mc_p.l(_sgetc.o)
    0x00000d78   0x00000000   Code   RO          773    .text               mc_p.l(iusefp.o)
    0x00000d78   0x00000008   Code   RO          776    .text               mc_p.l(cpp_dtor.o)
    0x00000d80   0x00000002   Code   RO          778    .text               mc_p.l(cpp_final.o)
    0x00000d82   0x00000002   PAD
    0x00000d84   0x00000008   Code   RO          779    .text               mc_p.l(cpp_memory.o)
    0x00000d8c   0x00000020   Code   RO          782    .text               mc_p.l(cpp_unwinder.o)
    0x00000dac   0x000000c0   Code   RO          784    .text               mf_p.l(depilogue.o)
    0x00000e6c   0x00000164   Code   RO          786    .text               mf_p.l(dadd.o)
    0x00000fd0   0x00000040   Code   RO          787    .text               mf_p.l(dfixul.o)
    0x00001010   0x0000001c   Code   RO          788    .text               cpprt_p.l(arm_exceptions_terminate.o)
    0x0000102c   0x00000024   Code   RO          800    .text               mc_p.l(init.o)
    0x00001050   0x00000020   Code   RO          802    .text               mc_p.l(llshl.o)
    0x00001070   0x00000026   Code   RO          803    .text               mc_p.l(llsshr.o)
    0x00001096   0x0000000e   Code   RO          804    .text               mc_p.l(isspace_c.o)
    0x000010a4   0x00000334   Code   RO          809    .text               mc_p.l(_scanf.o)
    0x000013d8   0x00000054   Code   RO          813    .text               cpprt_p.l(arm_exceptions_globs.o)
    0x0000142c   0x00000024   Code   RO          817    .text               mc_p.l(ctype_c.o)
    0x00001450   0x00000042   Code   RO          821    .text               cpprt_p.l(arm_exceptions_mem.o)
    0x00001492   0x00000010   Code   RO           17    i.$Sub$$main        retarget.o
    0x000014a2   0x0000000a   Code   RO          302    i.<Func1>           mbed.ar(SerialBase.o)
    0x000014ac   0x00000048   Code   RO          111    i.NVIC_SetVector    cmsis_nvic.o
    0x000014f4   0x00000060   Code   RO          116    i.SystemInit        system_LPC11xx.o
    0x00001554   0x0000002c   Code   RO           19    i._ZN4mbed10FileHandleD2Ev  retarget.o
    0x00001580   0x0000000a   Code   RO          303    i._ZN4mbed10SerialBase10_base_getcEv  mbed.ar(SerialBase.o)
    0x0000158a   0x0000000e   Code   RO          304    i._ZN4mbed10SerialBase10_base_putcEi  mbed.ar(SerialBase.o)
    0x00001598   0x00000010   Code   RO          306    i._ZN4mbed10SerialBase12_irq_handlerEj9SerialIrq  mbed.ar(SerialBase.o)
    0x000015a8   0x00000010   Code   RO          307    i._ZN4mbed10SerialBase4baudEi  mbed.ar(SerialBase.o)
    0x000015b8   0x0000000a   Code   RO          309    i._ZN4mbed10SerialBase6formatEiNS0_6ParityEi  mbed.ar(SerialBase.o)
    0x000015c2   0x00000002   PAD
    0x000015c4   0x0000004c   Code   RO          312    i._ZN4mbed10SerialBaseC1E7PinNameS1_  mbed.ar(SerialBase.o)
    0x00001610   0x0000001a   Code   RO          402    i._ZN4mbed15FunctionPointer4callEv  mbed.ar(FunctionPointer.o)
    0x0000162a   0x0000000a   Code   RO          404    i._ZN4mbed15FunctionPointerC1EPFvvE  mbed.ar(FunctionPointer.o)
    0x00001634   0x0000000a   Code   RO           20    i._ZN4mbed26mbed_set_unbuffered_streamEPSt6__FILE  retarget.o
    0x0000163e   0x00000002   PAD
    0x00001640   0x000000a0   Code   RO          143    i._ZN4mbed6BusOutC1E7PinNameS1_S1_S1_S1_S1_S1_S1_S1_S1_S1_S1_S1_S1_S1_S1_  mbed.ar(BusOut.o)
    0x000016e0   0x00000028   Code   RO          146    i._ZN4mbed6BusOutD1Ev  mbed.ar(BusOut.o)
    0x00001708   0x0000002c   Code   RO          229    i._ZN4mbed6SerialC1E7PinNameS1_PKc  mbed.ar(Serial.o)
    0x00001734   0x0000000c   Code   RO          240    i._ZN4mbed6SerialD1Ev  mbed.ar(Serial.o)
    0x00001740   0x00000012   Code   RO          259    i._ZN4mbed6Stream4getcEv  mbed.ar(Stream.o)
    0x00001752   0x00000016   Code   RO          261    i._ZN4mbed6Stream4putcEi  mbed.ar(Stream.o)
    0x00001768   0x00000026   Code   RO          263    i._ZN4mbed6Stream4readEPvj  mbed.ar(Stream.o)
    0x0000178e   0x00000004   Code   RO          264    i._ZN4mbed6Stream5closeEv  mbed.ar(Stream.o)
    0x00001792   0x00000004   Code   RO          265    i._ZN4mbed6Stream5fsyncEv  mbed.ar(Stream.o)
    0x00001796   0x00000004   Code   RO          266    i._ZN4mbed6Stream5lseekEli  mbed.ar(Stream.o)
    0x0000179a   0x00000026   Code   RO          268    i._ZN4mbed6Stream5writeEPKvj  mbed.ar(Stream.o)
    0x000017c0   0x00000044   Code   RO          271    i._ZN4mbed6StreamC2EPKc  mbed.ar(Stream.o)
    0x00001804   0x00000024   Code   RO          273    i._ZN4mbed6StreamD2Ev  mbed.ar(Stream.o)
    0x00001828   0x00000004   Code   RO          367    i._ZN4mbed8FileBase11getPathTypeEv  mbed.ar(FileBase.o)
    0x0000182c   0x0000003c   Code   RO          369    i._ZN4mbed8FileBase6lookupEPKcj  mbed.ar(FileBase.o)
    0x00001868   0x00000024   Code   RO          371    i._ZN4mbed8FileBaseC1EPKcNS_8PathTypeE  mbed.ar(FileBase.o)
    0x0000188c   0x00000034   Code   RO          373    i._ZN4mbed8FileBaseD1Ev  mbed.ar(FileBase.o)
    0x000018c0   0x00000024   Code   RO          388    i._ZN4mbed8FileLikeC2EPKc  mbed.ar(FileLike.o)
    0x000018e4   0x00000010   Code   RO          390    i._ZN4mbed8FileLikeD2Ev  mbed.ar(FileLike.o)
    0x000018f4   0x0000001a   Code   RO          168    i._ZN4mbed8FilePath10fileSystemEv  mbed.ar(FilePath.o)
    0x0000190e   0x00000020   Code   RO          170    i._ZN4mbed8FilePath4fileEv  mbed.ar(FilePath.o)
    0x0000192e   0x0000000a   Code   RO          171    i._ZN4mbed8FilePath6existsEv  mbed.ar(FilePath.o)
    0x00001938   0x00000018   Code   RO          172    i._ZN4mbed8FilePath6isFileEv  mbed.ar(FilePath.o)
    0x00001950   0x00000004   Code   RO          173    i._ZN4mbed8FilePath8fileNameEv  mbed.ar(FilePath.o)
    0x00001954   0x00000044   Code   RO          174    i._ZN4mbed8FilePathC1EPKc  mbed.ar(FilePath.o)
    0x00001998   0x00000008   Code   RO           21    i._ZN4mbed9mbed_getcEPSt6__FILE  retarget.o
    0x000019a0   0x0000000a   Code   RO          230    i._ZThn72_N4mbed6Serial5_getcEv  mbed.ar(Serial.o)
    0x000019aa   0x0000000a   Code   RO          231    i._ZThn72_N4mbed6Serial5_putcEi  mbed.ar(Serial.o)
    0x000019b4   0x00000008   Code   RO          425    i._ZdlPv            cpprt_p.l(delete.o)
    0x000019bc   0x00000028   Code   RO          427    i._Znwj             cpprt_p.l(new.o)
    0x000019e4   0x0000001c   Code   RO          680    i.__0fprintf        mc_p.l(printfa.o)
    0x00001a00   0x00000028   Code   RO          683    i.__0sprintf        mc_p.l(printfa.o)
    0x00001a28   0x00000018   Code   RO          684    i.__0vfprintf       mc_p.l(printfa.o)
    0x00001a40   0x0000002e   Code   RO          785    i.__ARM_clz         mf_p.l(depilogue.o)
    0x00001a6e   0x0000002c   Code   RO          432    i.__aeabi_atexit    cpprt_p.l(aeabi_atexit.o)
    0x00001a9a   0x00000020   Code   RO          434    i.__aeabi_vec_ctor_nocookie_nodtor  cpprt_p.l(aeabi_vec_ctor_nocookie_nodtor.o)
    0x00001aba   0x00000042   Code   RO          722    i.__cxa_finalize    cpprt_p.l(cxa_finalize.o)
    0x00001afc   0x0000000a   Code   RO          430    i.__cxa_pure_virtual  cpprt_p.l(pure_virt.o)
    0x00001b06   0x0000000e   Code   RO          824    i.__scatterload_copy  mc_p.l(handlers.o)
    0x00001b14   0x00000002   Code   RO          825    i.__scatterload_null  mc_p.l(handlers.o)
    0x00001b16   0x0000000e   Code   RO          826    i.__scatterload_zeroinit  mc_p.l(handlers.o)
    0x00001b24   0x0000000a   Code   RO          541    i._fclose$full      mc_p.l(fclose_f.o)
    0x00001b2e   0x00000026   Code   RO          539    i._fopen$full       mc_p.l(fopen_f.o)
    0x00001b54   0x00000158   Code   RO          688    i._fp_digits        mc_p.l(printfa.o)
    0x00001cac   0x00000060   Code   RO          540    i._freopen$full     mc_p.l(fopen_f.o)
    0x00001d0c   0x000006f8   Code   RO          689    i._printf_core      mc_p.l(printfa.o)
    0x00002404   0x00000020   Code   RO          690    i._printf_post_padding  mc_p.l(printfa.o)
    0x00002424   0x0000002c   Code   RO          691    i._printf_pre_padding  mc_p.l(printfa.o)
    0x00002450   0x0000000a   Code   RO          693    i._sputc            mc_p.l(printfa.o)
    0x0000245a   0x00000002   PAD
    0x0000245c   0x0000002c   Code   RO           23    i._sys_close        retarget.o
    0x00002488   0x00000028   Code   RO           25    i._sys_ensure       retarget.o
    0x000024b0   0x000000e4   Code   RO           28    i._sys_open         retarget.o
    0x00002594   0x0000005c   Code   RO           29    i._sys_read         retarget.o
    0x000025f0   0x00000028   Code   RO           30    i._sys_seek         retarget.o
    0x00002618   0x00000068   Code   RO           31    i._sys_write        retarget.o
    0x00002680   0x00000018   Code   RO          416    i.error             mbed.ar(error.o)
    0x00002698   0x00000020   Code   RO           33    i.exit              retarget.o
    0x000026b8   0x00000054   Code   RO          751    i.free              mc_p.l(malloc.o)
    0x0000270c   0x0000005c   Code   RO          346    i.gpio_dir          mbed.ar(gpio_api.o)
    0x00002768   0x00000070   Code   RO          347    i.gpio_init         mbed.ar(gpio_api.o)
    0x000027d8   0x0000004c   Code   RO          338    i.gpio_init_out     mbed.ar(gpio.o)
    0x00002824   0x0000000e   Code   RO          348    i.gpio_mode         mbed.ar(gpio_api.o)
    0x00002832   0x00000002   PAD
    0x00002834   0x0000006c   Code   RO          752    i.malloc            mc_p.l(malloc.o)
    0x000028a0   0x00000050   Code   RO          332    i.mbed_assert_internal  mbed.ar(assert.o)
    0x000028f0   0x00000194   Code   RO          106    i.mbed_die          board.o
    0x00002a84   0x00000002   Code   RO           34    i.mbed_main         retarget.o
    0x00002a86   0x00000002   Code   RO           35    i.mbed_sdk_init     retarget.o
    0x00002a88   0x00000048   Code   RO          354    i.pin_function      mbed.ar(pinmap.o)
    0x00002ad0   0x00000054   Code   RO          355    i.pin_mode          mbed.ar(pinmap.o)
    0x00002b24   0x00000034   Code   RO          411    i.pinmap_merge      mbed.ar(pinmap_common.o)
    0x00002b58   0x0000005c   Code   RO          412    i.pinmap_peripheral  mbed.ar(pinmap_common.o)
    0x00002bb4   0x00000050   Code   RO          413    i.pinmap_pinout     mbed.ar(pinmap_common.o)
    0x00002c04   0x00000118   Code   RO          122    i.serial_baud       mbed.ar(serial_api.o)
    0x00002d1c   0x000000e4   Code   RO          126    i.serial_format     mbed.ar(serial_api.o)
    0x00002e00   0x0000000e   Code   RO          128    i.serial_getc       mbed.ar(serial_api.o)
    0x00002e0e   0x00000002   PAD
    0x00002e10   0x000000d4   Code   RO          129    i.serial_init       mbed.ar(serial_api.o)
    0x00002ee4   0x00000014   Code   RO          130    i.serial_irq_handler  mbed.ar(serial_api.o)
    0x00002ef8   0x0000000e   Code   RO          133    i.serial_putc       mbed.ar(serial_api.o)
    0x00002f06   0x00000002   PAD
    0x00002f08   0x0000000c   Code   RO          359    i.us_ticker_clear_interrupt  mbed.ar(us_ticker.o)
    0x00002f14   0x00000010   Code   RO          360    i.us_ticker_disable_interrupt  mbed.ar(us_ticker.o)
    0x00002f24   0x00000040   Code   RO          421    i.us_ticker_irq_handler  mbed.ar(us_ticker_api.o)
    0x00002f64   0x0000005c   Code   RO          362    i.us_ticker_read    mbed.ar(us_ticker.o)
    0x00002fc0   0x00000014   Code   RO          363    i.us_ticker_set_interrupt  mbed.ar(us_ticker.o)
    0x00002fd4   0x00000024   Code   RO          341    i.wait              mbed.ar(wait_api.o)
    0x00002ff8   0x0000001c   Code   RO          342    i.wait_ms           mbed.ar(wait_api.o)
    0x00003014   0x00000086   Data   RO          107    .constdata          board.o
    0x0000309a   0x00000002   PAD
    0x0000309c   0x0000016c   Data   RO          137    .constdata          mbed.ar(serial_api.o)
    0x00003208   0x00000086   Data   RO          340    .constdata          mbed.ar(gpio.o)
    0x0000328e   0x00000002   PAD
    0x00003290   0x00000080   Data   RO          351    .constdata          mbed.ar(gpio_api.o)
    0x00003310   0x0000006c   Data   RO          356    .constdata          mbed.ar(pinmap.o)
    0x0000337c   0x00000040   Data   RO          818    .constdata          mc_p.l(ctype_c.o)
    0x000033bc   0x0000002c   Data   RO           98    .constdata__ZTVN4mbed10FileHandleE  retarget.o
    0x000033e8   0x00000010   Data   RO          325    .constdata__ZTVN4mbed10SerialBaseE  mbed.ar(SerialBase.o)
    0x000033f8   0x00000010   Data   RO          163    .constdata__ZTVN4mbed6BusOutE  mbed.ar(BusOut.o)
    0x00003408   0x0000005c   Data   RO          238    .constdata__ZTVN4mbed6SerialE  mbed.ar(Serial.o)
    0x00003464   0x00000044   Data   RO          297    .constdata__ZTVN4mbed6StreamE  mbed.ar(Stream.o)
    0x000034a8   0x00000010   Data   RO          383    .constdata__ZTVN4mbed8FileBaseE  mbed.ar(FileBase.o)
    0x000034b8   0x0000003c   Data   RO          399    .constdata__ZTVN4mbed8FileLikeE  mbed.ar(FileLike.o)
    0x000034f4   0x00000020   Data   RO          823    Region$$Table       anon$$obj.o
    0x00003514   0x00000004   Data   RO            6    .init_array         main.o


    Execution Region RW_IRAM1 (Base: 0x100000c0, Size: 0x00000158, Max: 0x00000f40, ABSOLUTE)

    Base Addr    Size         Type   Attr      Idx    E Section Name        Object

    0x100000c0   0x00000004   Data   RW           79    .data               retarget.o
    0x100000c4   0x00000004   Data   RW          112    .data               cmsis_nvic.o
    0x100000c8   0x00000004   Data   RW          117    .data               system_LPC11xx.o
    0x100000cc   0x00000014   Data   RW          138    .data               mbed.ar(serial_api.o)
    0x100000e0   0x00000004   Data   RW          364    .data               mbed.ar(us_ticker.o)
    0x100000e4   0x00000004   Data   RW          381    .data               mbed.ar(FileBase.o)
    0x100000e8   0x00000008   Data   RW          424    .data               mbed.ar(us_ticker_api.o)
    0x100000f0   0x00000004   Data   RW          777    .data               mc_p.l(cpp_dtor.o)
    0x100000f4   0x00000004   Data   RW          780    .data               mc_p.l(cpp_memory.o)
    0x100000f8   0x00000008   Data   RW          783    .data               mc_p.l(cpp_unwinder.o)
    0x10000100   0x00000004   Data   RW          807    .data               mc_p.l(mvars.o)
    0x10000104   0x00000004   Data   RW          808    .data               mc_p.l(mvars.o)
    0x10000108   0x000000a8   Zero   RW            5    .bss                main.o
    0x100001b0   0x00000040   Zero   RW           75    .bss                retarget.o
    0x100001f0   0x00000014   Zero   RW          555    .bss                mc_p.l(stdout_f.o)
    0x10000204   0x00000014   Zero   RW          556    .bss                mc_p.l(stderr_f.o)
    0x10000218   0x00000000   Zero   RW           11    HEAP                startup_LPC11xx.o


==============================================================================

Image component sizes


      Code (inc. data)   RO Data    RW Data    ZI Data      Debug   Object Name

       404          8        134          0          0          0   board.o
        72         10          0          4          0          0   cmsis_nvic.o
      1008         50          4          0        168          0   main.o
       662         92         44          4         64          0   retarget.o
        32         12        512          0          0          0   startup_LPC11xx.o
        96         18          0          4          0          0   system_LPC11xx.o

    ----------------------------------------------------------------------
      2276        190        728         12        232          0   Object Totals
         0          0         32          0          0          0   (incl. Generated)
         2          0          2          0          0          0   (incl. Padding)

    ----------------------------------------------------------------------

      Code (inc. data)   RO Data    RW Data    ZI Data      Debug   Library Member Name

        44          0          0          0          0          0   aeabi_atexit.o
        32          0          0          0          0          0   aeabi_vec_ctor_nocookie_nodtor.o
        84         12          0          0          0          0   arm_exceptions_globs.o
        66          0          0          0          0          0   arm_exceptions_mem.o
        28          0          0          0          0          0   arm_exceptions_terminate.o
         8          0          0          0          0          0   arm_newhandler_noexceptions.o
        66          0          0          0          0          0   cxa_finalize.o
         8          0          0          0          0          0   delete.o
        40          4          0          0          0          0   new.o
        10          0          0          0          0          0   pure_virt.o
       200         12         16          0          0          0   BusOut.o
       152         22         16          4          0          0   FileBase.o
        52         12         60          0          0          0   FileLike.o
       164          0          0          0          0          0   FilePath.o
        36          0          0          0          0          0   FunctionPointer.o
        76         12         92          0          0          0   Serial.o
       152         14         16          0          0          0   SerialBase.o
       232         26         68          0          0          0   Stream.o
        80         58          0          0          0          0   assert.o
        24          4          0          0          0          0   error.o
        76          8        134          0          0          0   gpio.o
       218         46        128          0          0          0   gpio_api.o
       156         58        108          0          0          0   pinmap.o
       224         74          0          0          0          0   pinmap_common.o
       768        148        364         20          0          0   serial_api.o
       140         42          0          4          0          0   us_ticker.o
        64          6          0          8          0          0   us_ticker_api.o
        64          4          0          0          0          0   wait_api.o
        60         10          0          0          0          0   __0sscanf.o
        30          0          0          0          0          0   _chval.o
       820         14          0          0          0          0   _scanf.o
       330          0          0          0          0          0   _scanf_int.o
        68          0          0          0          0          0   _sgetc.o
         8          4          0          4          0          0   cpp_dtor.o
         2          0          0          0          0          0   cpp_final.o
        32         10          0          0          0          0   cpp_init.o
         8          4          0          4          0          0   cpp_memory.o
        32          6          0          8          0          0   cpp_unwinder.o
        36          4         64          0          0          0   ctype_c.o
         0          0          0          0          0          0   entry.o
         0          0          0          0          0          0   entry10a.o
         0          0          0          0          0          0   entry11a.o
         8          4          0          0          0          0   entry2.o
         4          0          0          0          0          0   entry5.o
         4          0          0          0          0          0   entry6b.o
         0          0          0          0          0          0   entry7b.o
         4          0          0          0          0          0   entry8a.o
         0          0          0          0          0          0   entry8b.o
         8          4          0          0          0          0   entry9a.o
        10          0          0          0          0          0   fclose_f.o
        38          0          0          0          0          0   fflush_fe.o
        84          0          0          0          0          0   fgetc_bpf.o
       134          0          0          0          0          0   fopen_f.o
        42          0          0          0          0          0   fputc_fp.o
        30          0          0          0          0          0   handlers.o
        36          8          0          0          0          0   init.o
        32         12          0          0          0          0   initio_oe.o
        14          0          0          0          0          0   isspace_c.o
         0          0          0          0          0          0   iusefp.o
        32          0          0          0          0          0   llshl.o
        38          0          0          0          0          0   llsshr.o
        34          0          0          0          0          0   llushr.o
       192         20          0          0          0          0   malloc.o
        36          0          0          0          0          0   memseta.o
         0          0          0          8          0          0   mvars.o
      2306        106          0          0          0          0   printfa.o
        44          8          0          0          0          0   scanf_char.o
         0          0          0          0         20          0   stderr_f.o
         0          0          0          0         20          0   stdout_f.o
        28          0          0          0          0          0   strcmp.o
        14          0          0          0          0          0   strlen.o
        30          0          0          0          0          0   strncmp.o
        44          0          0          0          0          0   uidiv.o
        96          0          0          0          0          0   uldiv.o
        40          2          0          0          0          0   cdcmple.o
        40          2          0          0          0          0   cdrcmple.o
       356          6          0          0          0          0   dadd.o
       240          6          0          0          0          0   ddiv.o
       238          0          0          0          0          0   depilogue.o
        72         10          0          0          0          0   dfixi.o
        64         10          0          0          0          0   dfixul.o
        40          6          0          0          0          0   dflti.o
       208          6          0          0          0          0   dmul.o
        50          0          0          0          0          0   ffixi.o
       122          0          0          0          0          0   fmul.o

    ----------------------------------------------------------------------
      9520        824       1068         60         40          0   Library Totals
        18          0          2          0          0          0   (incl. Padding)

    ----------------------------------------------------------------------

      Code (inc. data)   RO Data    RW Data    ZI Data      Debug   Library Name

       386         16          0          0          0          0   cpprt_p.l
      2878        546       1002         36          0          0   mbed.ar
      4768        214         64         24         40          0   mc_p.l
      1470         48          0          0          0          0   mf_p.l

    ----------------------------------------------------------------------
      9520        824       1068         60         40          0   Library Totals

    ----------------------------------------------------------------------

==============================================================================


      Code (inc. data)   RO Data    RW Data    ZI Data      Debug   

     11796       1014       1796         72        272          0   Grand Totals
     11796       1014       1796         72        272          0   ELF Image Totals
     11796       1014       1796         72          0          0   ROM Totals

==============================================================================

    Total RO  Size (Code + RO Data)                13592 (  13.27kB)
    Total RW  Size (RW Data + ZI Data)               344 (   0.34kB)
    Total ROM Size (Code + RO Data + RW Data)      13664 (  13.34kB)

==============================================================================

